<!doctype html public "-//w3c//dtd html 4.0 transitional//en">
<html><head>
<title>Static Call Graph - [.\Objects\MM32SPIN0280_Boot.axf]</title></head>
<body><HR>
<H1>Static Call Graph for image .\Objects\MM32SPIN0280_Boot.axf</H1><HR>
<BR><P>#&#060CALLGRAPH&#062# ARM Linker, 5060960: Last Updated: Tue Jul 29 15:47:02 2025
<BR><P>
<H3>Maximum Stack Usage =       1212 bytes + Unknown(Cycles, Untraceable Function Pointers)</H3><H3>
Call chain for Maximum Stack Depth:</H3>
main &rArr; xmodem_receive &rArr; xmodem_handle_packet &rArr; receive_file_data_callback &rArr; x_receive_flash_erasure &rArr; erasure_sector &rArr; GetPage
<P>
<H3>
Mutually Recursive functions
</H3> <LI><a href="#[12]">ADC1_IRQHandler</a>&nbsp;&nbsp;&nbsp;&rArr;&nbsp;&nbsp;&nbsp;<a href="#[12]">ADC1_IRQHandler</a><BR>
</UL>
<P>
<H3>
Function Pointers
</H3><UL>
 <LI><a href="#[12]">ADC1_IRQHandler</a> from startup_mm32spin0280_keil.o(.text) referenced from startup_mm32spin0280_keil.o(RESET)
 <LI><a href="#[1a]">ADC2_IRQHandler</a> from startup_mm32spin0280_keil.o(.text) referenced from startup_mm32spin0280_keil.o(RESET)
 <LI><a href="#[1e]">COMP1_2_3_4_5_IRQHandler</a> from startup_mm32spin0280_keil.o(.text) referenced from startup_mm32spin0280_keil.o(RESET)
 <LI><a href="#[23]">CSM_IRQn_IRQHandler</a> from startup_mm32spin0280_keil.o(.text) referenced from startup_mm32spin0280_keil.o(RESET)
 <LI><a href="#[f]">DMA1_Channel1_IRQHandler</a> from startup_mm32spin0280_keil.o(.text) referenced from startup_mm32spin0280_keil.o(RESET)
 <LI><a href="#[10]">DMA1_Channel2_3_IRQHandler</a> from startup_mm32spin0280_keil.o(.text) referenced from startup_mm32spin0280_keil.o(RESET)
 <LI><a href="#[11]">DMA1_Channel4_5_IRQHandler</a> from startup_mm32spin0280_keil.o(.text) referenced from startup_mm32spin0280_keil.o(RESET)
 <LI><a href="#[b]">EXTI0_1_IRQHandler</a> from startup_mm32spin0280_keil.o(.text) referenced from startup_mm32spin0280_keil.o(RESET)
 <LI><a href="#[c]">EXTI2_3_IRQHandler</a> from startup_mm32spin0280_keil.o(.text) referenced from startup_mm32spin0280_keil.o(RESET)
 <LI><a href="#[d]">EXTI4_15_IRQHandler</a> from startup_mm32spin0280_keil.o(.text) referenced from startup_mm32spin0280_keil.o(RESET)
 <LI><a href="#[9]">FLASH_IRQHandler</a> from startup_mm32spin0280_keil.o(.text) referenced from startup_mm32spin0280_keil.o(RESET)
 <LI><a href="#[e]">HWDIV_IRQHandler</a> from startup_mm32spin0280_keil.o(.text) referenced from startup_mm32spin0280_keil.o(RESET)
 <LI><a href="#[2]">HardFault_Handler</a> from mm32spin0280_it.o(i.HardFault_Handler) referenced from startup_mm32spin0280_keil.o(RESET)
 <LI><a href="#[1d]">I2C1_IRQHandler</a> from startup_mm32spin0280_keil.o(.text) referenced from startup_mm32spin0280_keil.o(RESET)
 <LI><a href="#[1]">NMI_Handler</a> from mm32spin0280_it.o(i.NMI_Handler) referenced from startup_mm32spin0280_keil.o(RESET)
 <LI><a href="#[7]">PVD_IRQHandler</a> from startup_mm32spin0280_keil.o(.text) referenced from startup_mm32spin0280_keil.o(RESET)
 <LI><a href="#[8]">PWM_IRQHandler</a> from startup_mm32spin0280_keil.o(.text) referenced from startup_mm32spin0280_keil.o(RESET)
 <LI><a href="#[4]">PendSV_Handler</a> from mm32spin0280_it.o(i.PendSV_Handler) referenced from startup_mm32spin0280_keil.o(RESET)
 <LI><a href="#[a]">RCC_IRQHandler</a> from startup_mm32spin0280_keil.o(.text) referenced from startup_mm32spin0280_keil.o(RESET)
 <LI><a href="#[0]">Reset_Handler</a> from startup_mm32spin0280_keil.o(.text) referenced from startup_mm32spin0280_keil.o(RESET)
 <LI><a href="#[1f]">SPI1_IRQHandler</a> from startup_mm32spin0280_keil.o(.text) referenced from startup_mm32spin0280_keil.o(RESET)
 <LI><a href="#[20]">SPI2_IRQHandler</a> from startup_mm32spin0280_keil.o(.text) referenced from startup_mm32spin0280_keil.o(RESET)
 <LI><a href="#[3]">SVC_Handler</a> from mm32spin0280_it.o(i.SVC_Handler) referenced from startup_mm32spin0280_keil.o(RESET)
 <LI><a href="#[5]">SysTick_Handler</a> from delay.o(i.SysTick_Handler) referenced from startup_mm32spin0280_keil.o(RESET)
 <LI><a href="#[26]">SystemInit</a> from system_mm32spin0280.o(i.SystemInit) referenced from startup_mm32spin0280_keil.o(.text)
 <LI><a href="#[19]">TIM14_IRQHandler</a> from mm32spin0280_it.o(i.TIM14_IRQHandler) referenced from startup_mm32spin0280_keil.o(RESET)
 <LI><a href="#[1b]">TIM16_IRQHandler</a> from startup_mm32spin0280_keil.o(.text) referenced from startup_mm32spin0280_keil.o(RESET)
 <LI><a href="#[1c]">TIM17_IRQHandler</a> from startup_mm32spin0280_keil.o(.text) referenced from startup_mm32spin0280_keil.o(RESET)
 <LI><a href="#[13]">TIM1_BRK_UP_TRG_COM_IRQHandler</a> from startup_mm32spin0280_keil.o(.text) referenced from startup_mm32spin0280_keil.o(RESET)
 <LI><a href="#[14]">TIM1_CC_IRQHandler</a> from startup_mm32spin0280_keil.o(.text) referenced from startup_mm32spin0280_keil.o(RESET)
 <LI><a href="#[15]">TIM2_IRQHandler</a> from startup_mm32spin0280_keil.o(.text) referenced from startup_mm32spin0280_keil.o(RESET)
 <LI><a href="#[16]">TIM3_IRQHandler</a> from startup_mm32spin0280_keil.o(.text) referenced from startup_mm32spin0280_keil.o(RESET)
 <LI><a href="#[17]">TIM8_BRK_UP_TRG_COM_IRQHandler</a> from startup_mm32spin0280_keil.o(.text) referenced from startup_mm32spin0280_keil.o(RESET)
 <LI><a href="#[18]">TIM8_CC_IRQHandler</a> from startup_mm32spin0280_keil.o(.text) referenced from startup_mm32spin0280_keil.o(RESET)
 <LI><a href="#[21]">UART1_IRQHandler</a> from startup_mm32spin0280_keil.o(.text) referenced from startup_mm32spin0280_keil.o(RESET)
 <LI><a href="#[22]">UART2_IRQHandler</a> from mm32spin0280_it.o(i.UART2_IRQHandler) referenced from startup_mm32spin0280_keil.o(RESET)
 <LI><a href="#[24]">UART3_IRQHandler</a> from startup_mm32spin0280_keil.o(.text) referenced from startup_mm32spin0280_keil.o(RESET)
 <LI><a href="#[6]">WWDG_IRQHandler</a> from startup_mm32spin0280_keil.o(.text) referenced from startup_mm32spin0280_keil.o(RESET)
 <LI><a href="#[27]">__main</a> from entry.o(.ARM.Collect$$$$00000000) referenced from startup_mm32spin0280_keil.o(.text)
 <LI><a href="#[28]">fputc</a> from platform.o(i.fputc) referenced from printfa.o(i.__0printf)
 <LI><a href="#[25]">main</a> from main.o(i.main) referenced from entry9a.o(.ARM.Collect$$$$0000000B)
</UL>
<P>
<H3>
Global Symbols
</H3>
<P><STRONG><a name="[27]"></a>__main</STRONG> (Thumb, 0 bytes, Stack size unknown bytes, entry.o(.ARM.Collect$$$$00000000))
<BR>[Address Reference Count : 1]<UL><LI> startup_mm32spin0280_keil.o(.text)
</UL>
<P><STRONG><a name="[99]"></a>_main_stk</STRONG> (Thumb, 0 bytes, Stack size unknown bytes, entry2.o(.ARM.Collect$$$$00000001))

<P><STRONG><a name="[29]"></a>_main_scatterload</STRONG> (Thumb, 0 bytes, Stack size unknown bytes, entry5.o(.ARM.Collect$$$$00000004))
<BR><BR>[Calls]<UL><LI><a href="#[2a]">&gt;&gt;</a>&nbsp;&nbsp;&nbsp;__scatterload
</UL>

<P><STRONG><a name="[3c]"></a>__main_after_scatterload</STRONG> (Thumb, 0 bytes, Stack size unknown bytes, entry5.o(.ARM.Collect$$$$00000004))
<BR><BR>[Called By]<UL><LI><a href="#[2a]">&gt;&gt;</a>&nbsp;&nbsp;&nbsp;__scatterload
</UL>

<P><STRONG><a name="[9a]"></a>_main_clock</STRONG> (Thumb, 0 bytes, Stack size unknown bytes, entry7b.o(.ARM.Collect$$$$00000008))

<P><STRONG><a name="[9b]"></a>_main_cpp_init</STRONG> (Thumb, 0 bytes, Stack size unknown bytes, entry8b.o(.ARM.Collect$$$$0000000A))

<P><STRONG><a name="[9c]"></a>_main_init</STRONG> (Thumb, 0 bytes, Stack size unknown bytes, entry9a.o(.ARM.Collect$$$$0000000B))

<P><STRONG><a name="[2b]"></a>__rt_lib_shutdown_fini</STRONG> (Thumb, 0 bytes, Stack size unknown bytes, entry12b.o(.ARM.Collect$$$$0000000E))
<BR><BR>[Calls]<UL><LI><a href="#[2c]">&gt;&gt;</a>&nbsp;&nbsp;&nbsp;__arm_fini_ (Weak Reference)
</UL>

<P><STRONG><a name="[9d]"></a>__rt_final_cpp</STRONG> (Thumb, 0 bytes, Stack size unknown bytes, entry10a.o(.ARM.Collect$$$$0000000F))

<P><STRONG><a name="[9e]"></a>__rt_final_exit</STRONG> (Thumb, 0 bytes, Stack size unknown bytes, entry11a.o(.ARM.Collect$$$$00000011))

<P><STRONG><a name="[0]"></a>Reset_Handler</STRONG> (Thumb, 14 bytes, Stack size 0 bytes, startup_mm32spin0280_keil.o(.text))
<BR>[Address Reference Count : 1]<UL><LI> startup_mm32spin0280_keil.o(RESET)
</UL>
<P><STRONG><a name="[12]"></a>ADC1_IRQHandler</STRONG> (Thumb, 0 bytes, Stack size 0 bytes, startup_mm32spin0280_keil.o(.text))
<BR><BR>[Calls]<UL><LI><a href="#[12]">&gt;&gt;</a>&nbsp;&nbsp;&nbsp;ADC1_IRQHandler
</UL>
<BR>[Called By]<UL><LI><a href="#[12]">&gt;&gt;</a>&nbsp;&nbsp;&nbsp;ADC1_IRQHandler
</UL>
<BR>[Address Reference Count : 1]<UL><LI> startup_mm32spin0280_keil.o(RESET)
</UL>
<P><STRONG><a name="[1a]"></a>ADC2_IRQHandler</STRONG> (Thumb, 0 bytes, Stack size 0 bytes, startup_mm32spin0280_keil.o(.text))
<BR>[Address Reference Count : 1]<UL><LI> startup_mm32spin0280_keil.o(RESET)
</UL>
<P><STRONG><a name="[1e]"></a>COMP1_2_3_4_5_IRQHandler</STRONG> (Thumb, 0 bytes, Stack size 0 bytes, startup_mm32spin0280_keil.o(.text))
<BR>[Address Reference Count : 1]<UL><LI> startup_mm32spin0280_keil.o(RESET)
</UL>
<P><STRONG><a name="[23]"></a>CSM_IRQn_IRQHandler</STRONG> (Thumb, 0 bytes, Stack size 0 bytes, startup_mm32spin0280_keil.o(.text))
<BR>[Address Reference Count : 1]<UL><LI> startup_mm32spin0280_keil.o(RESET)
</UL>
<P><STRONG><a name="[f]"></a>DMA1_Channel1_IRQHandler</STRONG> (Thumb, 0 bytes, Stack size 0 bytes, startup_mm32spin0280_keil.o(.text))
<BR>[Address Reference Count : 1]<UL><LI> startup_mm32spin0280_keil.o(RESET)
</UL>
<P><STRONG><a name="[10]"></a>DMA1_Channel2_3_IRQHandler</STRONG> (Thumb, 0 bytes, Stack size 0 bytes, startup_mm32spin0280_keil.o(.text))
<BR>[Address Reference Count : 1]<UL><LI> startup_mm32spin0280_keil.o(RESET)
</UL>
<P><STRONG><a name="[11]"></a>DMA1_Channel4_5_IRQHandler</STRONG> (Thumb, 0 bytes, Stack size 0 bytes, startup_mm32spin0280_keil.o(.text))
<BR>[Address Reference Count : 1]<UL><LI> startup_mm32spin0280_keil.o(RESET)
</UL>
<P><STRONG><a name="[b]"></a>EXTI0_1_IRQHandler</STRONG> (Thumb, 0 bytes, Stack size 0 bytes, startup_mm32spin0280_keil.o(.text))
<BR>[Address Reference Count : 1]<UL><LI> startup_mm32spin0280_keil.o(RESET)
</UL>
<P><STRONG><a name="[c]"></a>EXTI2_3_IRQHandler</STRONG> (Thumb, 0 bytes, Stack size 0 bytes, startup_mm32spin0280_keil.o(.text))
<BR>[Address Reference Count : 1]<UL><LI> startup_mm32spin0280_keil.o(RESET)
</UL>
<P><STRONG><a name="[d]"></a>EXTI4_15_IRQHandler</STRONG> (Thumb, 0 bytes, Stack size 0 bytes, startup_mm32spin0280_keil.o(.text))
<BR>[Address Reference Count : 1]<UL><LI> startup_mm32spin0280_keil.o(RESET)
</UL>
<P><STRONG><a name="[9]"></a>FLASH_IRQHandler</STRONG> (Thumb, 0 bytes, Stack size 0 bytes, startup_mm32spin0280_keil.o(.text))
<BR>[Address Reference Count : 1]<UL><LI> startup_mm32spin0280_keil.o(RESET)
</UL>
<P><STRONG><a name="[e]"></a>HWDIV_IRQHandler</STRONG> (Thumb, 0 bytes, Stack size 0 bytes, startup_mm32spin0280_keil.o(.text))
<BR>[Address Reference Count : 1]<UL><LI> startup_mm32spin0280_keil.o(RESET)
</UL>
<P><STRONG><a name="[1d]"></a>I2C1_IRQHandler</STRONG> (Thumb, 0 bytes, Stack size 0 bytes, startup_mm32spin0280_keil.o(.text))
<BR>[Address Reference Count : 1]<UL><LI> startup_mm32spin0280_keil.o(RESET)
</UL>
<P><STRONG><a name="[7]"></a>PVD_IRQHandler</STRONG> (Thumb, 0 bytes, Stack size 0 bytes, startup_mm32spin0280_keil.o(.text))
<BR>[Address Reference Count : 1]<UL><LI> startup_mm32spin0280_keil.o(RESET)
</UL>
<P><STRONG><a name="[8]"></a>PWM_IRQHandler</STRONG> (Thumb, 0 bytes, Stack size 0 bytes, startup_mm32spin0280_keil.o(.text))
<BR>[Address Reference Count : 1]<UL><LI> startup_mm32spin0280_keil.o(RESET)
</UL>
<P><STRONG><a name="[a]"></a>RCC_IRQHandler</STRONG> (Thumb, 0 bytes, Stack size 0 bytes, startup_mm32spin0280_keil.o(.text))
<BR>[Address Reference Count : 1]<UL><LI> startup_mm32spin0280_keil.o(RESET)
</UL>
<P><STRONG><a name="[1f]"></a>SPI1_IRQHandler</STRONG> (Thumb, 0 bytes, Stack size 0 bytes, startup_mm32spin0280_keil.o(.text))
<BR>[Address Reference Count : 1]<UL><LI> startup_mm32spin0280_keil.o(RESET)
</UL>
<P><STRONG><a name="[20]"></a>SPI2_IRQHandler</STRONG> (Thumb, 0 bytes, Stack size 0 bytes, startup_mm32spin0280_keil.o(.text))
<BR>[Address Reference Count : 1]<UL><LI> startup_mm32spin0280_keil.o(RESET)
</UL>
<P><STRONG><a name="[1b]"></a>TIM16_IRQHandler</STRONG> (Thumb, 0 bytes, Stack size 0 bytes, startup_mm32spin0280_keil.o(.text))
<BR>[Address Reference Count : 1]<UL><LI> startup_mm32spin0280_keil.o(RESET)
</UL>
<P><STRONG><a name="[1c]"></a>TIM17_IRQHandler</STRONG> (Thumb, 0 bytes, Stack size 0 bytes, startup_mm32spin0280_keil.o(.text))
<BR>[Address Reference Count : 1]<UL><LI> startup_mm32spin0280_keil.o(RESET)
</UL>
<P><STRONG><a name="[13]"></a>TIM1_BRK_UP_TRG_COM_IRQHandler</STRONG> (Thumb, 0 bytes, Stack size 0 bytes, startup_mm32spin0280_keil.o(.text))
<BR>[Address Reference Count : 1]<UL><LI> startup_mm32spin0280_keil.o(RESET)
</UL>
<P><STRONG><a name="[14]"></a>TIM1_CC_IRQHandler</STRONG> (Thumb, 0 bytes, Stack size 0 bytes, startup_mm32spin0280_keil.o(.text))
<BR>[Address Reference Count : 1]<UL><LI> startup_mm32spin0280_keil.o(RESET)
</UL>
<P><STRONG><a name="[15]"></a>TIM2_IRQHandler</STRONG> (Thumb, 0 bytes, Stack size 0 bytes, startup_mm32spin0280_keil.o(.text))
<BR>[Address Reference Count : 1]<UL><LI> startup_mm32spin0280_keil.o(RESET)
</UL>
<P><STRONG><a name="[16]"></a>TIM3_IRQHandler</STRONG> (Thumb, 0 bytes, Stack size 0 bytes, startup_mm32spin0280_keil.o(.text))
<BR>[Address Reference Count : 1]<UL><LI> startup_mm32spin0280_keil.o(RESET)
</UL>
<P><STRONG><a name="[17]"></a>TIM8_BRK_UP_TRG_COM_IRQHandler</STRONG> (Thumb, 0 bytes, Stack size 0 bytes, startup_mm32spin0280_keil.o(.text))
<BR>[Address Reference Count : 1]<UL><LI> startup_mm32spin0280_keil.o(RESET)
</UL>
<P><STRONG><a name="[18]"></a>TIM8_CC_IRQHandler</STRONG> (Thumb, 0 bytes, Stack size 0 bytes, startup_mm32spin0280_keil.o(.text))
<BR>[Address Reference Count : 1]<UL><LI> startup_mm32spin0280_keil.o(RESET)
</UL>
<P><STRONG><a name="[21]"></a>UART1_IRQHandler</STRONG> (Thumb, 0 bytes, Stack size 0 bytes, startup_mm32spin0280_keil.o(.text))
<BR>[Address Reference Count : 1]<UL><LI> startup_mm32spin0280_keil.o(RESET)
</UL>
<P><STRONG><a name="[24]"></a>UART3_IRQHandler</STRONG> (Thumb, 0 bytes, Stack size 0 bytes, startup_mm32spin0280_keil.o(.text))
<BR>[Address Reference Count : 1]<UL><LI> startup_mm32spin0280_keil.o(RESET)
</UL>
<P><STRONG><a name="[6]"></a>WWDG_IRQHandler</STRONG> (Thumb, 0 bytes, Stack size 0 bytes, startup_mm32spin0280_keil.o(.text))
<BR>[Address Reference Count : 1]<UL><LI> startup_mm32spin0280_keil.o(RESET)
</UL>
<P><STRONG><a name="[9f]"></a>__aeabi_uidiv</STRONG> (Thumb, 0 bytes, Stack size 12 bytes, uidiv.o(.text), UNUSED)

<P><STRONG><a name="[2e]"></a>__aeabi_uidivmod</STRONG> (Thumb, 44 bytes, Stack size 12 bytes, uidiv.o(.text))
<BR><BR>[Stack]<UL><LI>Max Depth = 12<LI>Call Chain = __aeabi_uidivmod
</UL>
<BR>[Called By]<UL><LI><a href="#[5b]">&gt;&gt;</a>&nbsp;&nbsp;&nbsp;UART_Init
<LI><a href="#[57]">&gt;&gt;</a>&nbsp;&nbsp;&nbsp;TIM14_Configure
<LI><a href="#[63]">&gt;&gt;</a>&nbsp;&nbsp;&nbsp;RCC_GetClocksFreq
<LI><a href="#[3e]">&gt;&gt;</a>&nbsp;&nbsp;&nbsp;DELAY_Init
<LI><a href="#[64]">&gt;&gt;</a>&nbsp;&nbsp;&nbsp;RCC_GetSysClockFreq
<LI><a href="#[7c]">&gt;&gt;</a>&nbsp;&nbsp;&nbsp;_printf_core
<LI><a href="#[2d]">&gt;&gt;</a>&nbsp;&nbsp;&nbsp;__aeabi_idivmod
<LI><a href="#[3d]">&gt;&gt;</a>&nbsp;&nbsp;&nbsp;AutoCalPllFactor
</UL>

<P><STRONG><a name="[a0]"></a>__aeabi_idiv</STRONG> (Thumb, 0 bytes, Stack size 16 bytes, idiv.o(.text), UNUSED)

<P><STRONG><a name="[2d]"></a>__aeabi_idivmod</STRONG> (Thumb, 40 bytes, Stack size 16 bytes, idiv.o(.text))
<BR><BR>[Stack]<UL><LI>Max Depth = 28<LI>Call Chain = __aeabi_idivmod &rArr; __aeabi_uidivmod
</UL>
<BR>[Calls]<UL><LI><a href="#[2e]">&gt;&gt;</a>&nbsp;&nbsp;&nbsp;__aeabi_uidivmod
</UL>
<BR>[Called By]<UL><LI><a href="#[52]">&gt;&gt;</a>&nbsp;&nbsp;&nbsp;LED_Scan_Func
</UL>

<P><STRONG><a name="[94]"></a>__aeabi_memcpy</STRONG> (Thumb, 36 bytes, Stack size 0 bytes, memcpya.o(.text))
<BR><BR>[Called By]<UL><LI><a href="#[78]">&gt;&gt;</a>&nbsp;&nbsp;&nbsp;xmodem_data_recv
<LI><a href="#[96]">&gt;&gt;</a>&nbsp;&nbsp;&nbsp;xmodem_handle_packet
</UL>

<P><STRONG><a name="[a1]"></a>__aeabi_memcpy4</STRONG> (Thumb, 0 bytes, Stack size 0 bytes, memcpya.o(.text), UNUSED)

<P><STRONG><a name="[a2]"></a>__aeabi_memcpy8</STRONG> (Thumb, 0 bytes, Stack size 0 bytes, memcpya.o(.text), UNUSED)

<P><STRONG><a name="[8c]"></a>strncmp</STRONG> (Thumb, 30 bytes, Stack size 12 bytes, strncmp.o(.text))
<BR><BR>[Stack]<UL><LI>Max Depth = 12<LI>Call Chain = strncmp
</UL>
<BR>[Called By]<UL><LI><a href="#[25]">&gt;&gt;</a>&nbsp;&nbsp;&nbsp;main
</UL>

<P><STRONG><a name="[2f]"></a>__aeabi_ddiv</STRONG> (Thumb, 234 bytes, Stack size 40 bytes, ddiv.o(.text), UNUSED)
<BR><BR>[Calls]<UL><LI><a href="#[30]">&gt;&gt;</a>&nbsp;&nbsp;&nbsp;_double_round
</UL>
<BR>[Called By]<UL><LI><a href="#[7d]">&gt;&gt;</a>&nbsp;&nbsp;&nbsp;_fp_digits
</UL>

<P><STRONG><a name="[31]"></a>__aeabi_uldivmod</STRONG> (Thumb, 96 bytes, Stack size 48 bytes, uldiv.o(.text), UNUSED)
<BR><BR>[Calls]<UL><LI><a href="#[32]">&gt;&gt;</a>&nbsp;&nbsp;&nbsp;__aeabi_llsr
<LI><a href="#[33]">&gt;&gt;</a>&nbsp;&nbsp;&nbsp;__aeabi_llsl
</UL>
<BR>[Called By]<UL><LI><a href="#[7c]">&gt;&gt;</a>&nbsp;&nbsp;&nbsp;_printf_core
<LI><a href="#[7d]">&gt;&gt;</a>&nbsp;&nbsp;&nbsp;_fp_digits
</UL>

<P><STRONG><a name="[a3]"></a>__I$use$fp</STRONG> (Thumb, 0 bytes, Stack size 8 bytes, iusefp.o(.text), UNUSED)

<P><STRONG><a name="[30]"></a>_double_round</STRONG> (Thumb, 26 bytes, Stack size 8 bytes, depilogue.o(.text), UNUSED)
<BR><BR>[Called By]<UL><LI><a href="#[2f]">&gt;&gt;</a>&nbsp;&nbsp;&nbsp;__aeabi_ddiv
<LI><a href="#[34]">&gt;&gt;</a>&nbsp;&nbsp;&nbsp;_double_epilogue
<LI><a href="#[36]">&gt;&gt;</a>&nbsp;&nbsp;&nbsp;__aeabi_dadd
</UL>

<P><STRONG><a name="[34]"></a>_double_epilogue</STRONG> (Thumb, 164 bytes, Stack size 48 bytes, depilogue.o(.text), UNUSED)
<BR><BR>[Calls]<UL><LI><a href="#[32]">&gt;&gt;</a>&nbsp;&nbsp;&nbsp;__aeabi_llsr
<LI><a href="#[33]">&gt;&gt;</a>&nbsp;&nbsp;&nbsp;__aeabi_llsl
<LI><a href="#[35]">&gt;&gt;</a>&nbsp;&nbsp;&nbsp;__ARM_clz
<LI><a href="#[30]">&gt;&gt;</a>&nbsp;&nbsp;&nbsp;_double_round
</UL>
<BR>[Called By]<UL><LI><a href="#[3a]">&gt;&gt;</a>&nbsp;&nbsp;&nbsp;__aeabi_dmul
<LI><a href="#[36]">&gt;&gt;</a>&nbsp;&nbsp;&nbsp;__aeabi_dadd
</UL>

<P><STRONG><a name="[36]"></a>__aeabi_dadd</STRONG> (Thumb, 330 bytes, Stack size 48 bytes, dadd.o(.text), UNUSED)
<BR><BR>[Calls]<UL><LI><a href="#[37]">&gt;&gt;</a>&nbsp;&nbsp;&nbsp;__aeabi_lasr
<LI><a href="#[33]">&gt;&gt;</a>&nbsp;&nbsp;&nbsp;__aeabi_llsl
<LI><a href="#[34]">&gt;&gt;</a>&nbsp;&nbsp;&nbsp;_double_epilogue
<LI><a href="#[30]">&gt;&gt;</a>&nbsp;&nbsp;&nbsp;_double_round
</UL>
<BR>[Called By]<UL><LI><a href="#[39]">&gt;&gt;</a>&nbsp;&nbsp;&nbsp;__aeabi_drsub
<LI><a href="#[38]">&gt;&gt;</a>&nbsp;&nbsp;&nbsp;__aeabi_dsub
<LI><a href="#[7d]">&gt;&gt;</a>&nbsp;&nbsp;&nbsp;_fp_digits
</UL>

<P><STRONG><a name="[38]"></a>__aeabi_dsub</STRONG> (Thumb, 12 bytes, Stack size 8 bytes, dadd.o(.text), UNUSED)
<BR><BR>[Calls]<UL><LI><a href="#[36]">&gt;&gt;</a>&nbsp;&nbsp;&nbsp;__aeabi_dadd
</UL>

<P><STRONG><a name="[39]"></a>__aeabi_drsub</STRONG> (Thumb, 12 bytes, Stack size 8 bytes, dadd.o(.text), UNUSED)
<BR><BR>[Calls]<UL><LI><a href="#[36]">&gt;&gt;</a>&nbsp;&nbsp;&nbsp;__aeabi_dadd
</UL>

<P><STRONG><a name="[3a]"></a>__aeabi_dmul</STRONG> (Thumb, 202 bytes, Stack size 72 bytes, dmul.o(.text), UNUSED)
<BR><BR>[Calls]<UL><LI><a href="#[34]">&gt;&gt;</a>&nbsp;&nbsp;&nbsp;_double_epilogue
</UL>
<BR>[Called By]<UL><LI><a href="#[7d]">&gt;&gt;</a>&nbsp;&nbsp;&nbsp;_fp_digits
</UL>

<P><STRONG><a name="[3b]"></a>__aeabi_d2ulz</STRONG> (Thumb, 54 bytes, Stack size 8 bytes, dfixul.o(.text), UNUSED)
<BR><BR>[Calls]<UL><LI><a href="#[32]">&gt;&gt;</a>&nbsp;&nbsp;&nbsp;__aeabi_llsr
<LI><a href="#[33]">&gt;&gt;</a>&nbsp;&nbsp;&nbsp;__aeabi_llsl
</UL>
<BR>[Called By]<UL><LI><a href="#[7d]">&gt;&gt;</a>&nbsp;&nbsp;&nbsp;_fp_digits
</UL>

<P><STRONG><a name="[7e]"></a>__aeabi_cdrcmple</STRONG> (Thumb, 38 bytes, Stack size 0 bytes, cdrcmple.o(.text), UNUSED)
<BR><BR>[Called By]<UL><LI><a href="#[7d]">&gt;&gt;</a>&nbsp;&nbsp;&nbsp;_fp_digits
</UL>

<P><STRONG><a name="[2a]"></a>__scatterload</STRONG> (Thumb, 28 bytes, Stack size 0 bytes, init.o(.text))
<BR><BR>[Calls]<UL><LI><a href="#[3c]">&gt;&gt;</a>&nbsp;&nbsp;&nbsp;__main_after_scatterload
</UL>
<BR>[Called By]<UL><LI><a href="#[29]">&gt;&gt;</a>&nbsp;&nbsp;&nbsp;_main_scatterload
</UL>

<P><STRONG><a name="[a4]"></a>__scatterload_rt2</STRONG> (Thumb, 0 bytes, Stack size 0 bytes, init.o(.text), UNUSED)

<P><STRONG><a name="[33]"></a>__aeabi_llsl</STRONG> (Thumb, 32 bytes, Stack size 8 bytes, llshl.o(.text), UNUSED)
<BR><BR>[Called By]<UL><LI><a href="#[31]">&gt;&gt;</a>&nbsp;&nbsp;&nbsp;__aeabi_uldivmod
<LI><a href="#[34]">&gt;&gt;</a>&nbsp;&nbsp;&nbsp;_double_epilogue
<LI><a href="#[36]">&gt;&gt;</a>&nbsp;&nbsp;&nbsp;__aeabi_dadd
<LI><a href="#[3b]">&gt;&gt;</a>&nbsp;&nbsp;&nbsp;__aeabi_d2ulz
</UL>

<P><STRONG><a name="[a5]"></a>_ll_shift_l</STRONG> (Thumb, 0 bytes, Stack size 8 bytes, llshl.o(.text), UNUSED)

<P><STRONG><a name="[32]"></a>__aeabi_llsr</STRONG> (Thumb, 34 bytes, Stack size 8 bytes, llushr.o(.text), UNUSED)
<BR><BR>[Called By]<UL><LI><a href="#[31]">&gt;&gt;</a>&nbsp;&nbsp;&nbsp;__aeabi_uldivmod
<LI><a href="#[34]">&gt;&gt;</a>&nbsp;&nbsp;&nbsp;_double_epilogue
<LI><a href="#[3b]">&gt;&gt;</a>&nbsp;&nbsp;&nbsp;__aeabi_d2ulz
</UL>

<P><STRONG><a name="[a6]"></a>_ll_ushift_r</STRONG> (Thumb, 0 bytes, Stack size 8 bytes, llushr.o(.text), UNUSED)

<P><STRONG><a name="[37]"></a>__aeabi_lasr</STRONG> (Thumb, 38 bytes, Stack size 8 bytes, llsshr.o(.text), UNUSED)
<BR><BR>[Called By]<UL><LI><a href="#[36]">&gt;&gt;</a>&nbsp;&nbsp;&nbsp;__aeabi_dadd
</UL>

<P><STRONG><a name="[a7]"></a>_ll_sshift_r</STRONG> (Thumb, 0 bytes, Stack size 8 bytes, llsshr.o(.text), UNUSED)

<P><STRONG><a name="[3d]"></a>AutoCalPllFactor</STRONG> (Thumb, 106 bytes, Stack size 48 bytes, system_mm32spin0280.o(i.AutoCalPllFactor))
<BR><BR>[Stack]<UL><LI>Max Depth = 60<LI>Call Chain = AutoCalPllFactor &rArr; __aeabi_uidivmod
</UL>
<BR>[Calls]<UL><LI><a href="#[2e]">&gt;&gt;</a>&nbsp;&nbsp;&nbsp;__aeabi_uidivmod
</UL>
<BR>[Called By]<UL><LI><a href="#[69]">&gt;&gt;</a>&nbsp;&nbsp;&nbsp;SetSysClockWithHsiPLL
</UL>

<P><STRONG><a name="[3e]"></a>DELAY_Init</STRONG> (Thumb, 72 bytes, Stack size 8 bytes, delay.o(i.DELAY_Init))
<BR><BR>[Stack]<UL><LI>Max Depth = 20<LI>Call Chain = DELAY_Init &rArr; __aeabi_uidivmod
</UL>
<BR>[Calls]<UL><LI><a href="#[3f]">&gt;&gt;</a>&nbsp;&nbsp;&nbsp;__NVIC_SetPriority
<LI><a href="#[2e]">&gt;&gt;</a>&nbsp;&nbsp;&nbsp;__aeabi_uidivmod
</UL>
<BR>[Called By]<UL><LI><a href="#[25]">&gt;&gt;</a>&nbsp;&nbsp;&nbsp;main
</UL>

<P><STRONG><a name="[8e]"></a>DELAY_Ms</STRONG> (Thumb, 20 bytes, Stack size 8 bytes, delay.o(i.DELAY_Ms))
<BR><BR>[Stack]<UL><LI>Max Depth = 8<LI>Call Chain = DELAY_Ms
</UL>
<BR>[Called By]<UL><LI><a href="#[25]">&gt;&gt;</a>&nbsp;&nbsp;&nbsp;main
</UL>

<P><STRONG><a name="[46]"></a>FLASH_ClearFlag</STRONG> (Thumb, 6 bytes, Stack size 0 bytes, hal_flash.o(i.FLASH_ClearFlag))
<BR><BR>[Called By]<UL><LI><a href="#[83]">&gt;&gt;</a>&nbsp;&nbsp;&nbsp;flash_write_data
<LI><a href="#[81]">&gt;&gt;</a>&nbsp;&nbsp;&nbsp;erasure_sector
<LI><a href="#[48]">&gt;&gt;</a>&nbsp;&nbsp;&nbsp;Flash_Erase_Page
<LI><a href="#[44]">&gt;&gt;</a>&nbsp;&nbsp;&nbsp;FLASH_Write
</UL>

<P><STRONG><a name="[40]"></a>FLASH_ErasePage</STRONG> (Thumb, 38 bytes, Stack size 8 bytes, hal_flash.o(i.FLASH_ErasePage))
<BR><BR>[Stack]<UL><LI>Max Depth = 16<LI>Call Chain = FLASH_ErasePage &rArr; FLASH_WaitForLastOperation
</UL>
<BR>[Calls]<UL><LI><a href="#[41]">&gt;&gt;</a>&nbsp;&nbsp;&nbsp;FLASH_WaitForLastOperation
</UL>
<BR>[Called By]<UL><LI><a href="#[81]">&gt;&gt;</a>&nbsp;&nbsp;&nbsp;erasure_sector
<LI><a href="#[48]">&gt;&gt;</a>&nbsp;&nbsp;&nbsp;Flash_Erase_Page
</UL>

<P><STRONG><a name="[43]"></a>FLASH_GetStatus</STRONG> (Thumb, 52 bytes, Stack size 0 bytes, hal_flash.o(i.FLASH_GetStatus))
<BR><BR>[Called By]<UL><LI><a href="#[41]">&gt;&gt;</a>&nbsp;&nbsp;&nbsp;FLASH_WaitForLastOperation
</UL>

<P><STRONG><a name="[47]"></a>FLASH_Lock</STRONG> (Thumb, 14 bytes, Stack size 0 bytes, hal_flash.o(i.FLASH_Lock))
<BR><BR>[Called By]<UL><LI><a href="#[83]">&gt;&gt;</a>&nbsp;&nbsp;&nbsp;flash_write_data
<LI><a href="#[81]">&gt;&gt;</a>&nbsp;&nbsp;&nbsp;erasure_sector
<LI><a href="#[48]">&gt;&gt;</a>&nbsp;&nbsp;&nbsp;Flash_Erase_Page
<LI><a href="#[44]">&gt;&gt;</a>&nbsp;&nbsp;&nbsp;FLASH_Write
</UL>

<P><STRONG><a name="[42]"></a>FLASH_ProgramHalfWord</STRONG> (Thumb, 28 bytes, Stack size 12 bytes, hal_flash.o(i.FLASH_ProgramHalfWord))
<BR><BR>[Stack]<UL><LI>Max Depth = 20<LI>Call Chain = FLASH_ProgramHalfWord &rArr; FLASH_WaitForLastOperation
</UL>
<BR>[Calls]<UL><LI><a href="#[41]">&gt;&gt;</a>&nbsp;&nbsp;&nbsp;FLASH_WaitForLastOperation
</UL>
<BR>[Called By]<UL><LI><a href="#[83]">&gt;&gt;</a>&nbsp;&nbsp;&nbsp;flash_write_data
<LI><a href="#[44]">&gt;&gt;</a>&nbsp;&nbsp;&nbsp;FLASH_Write
</UL>

<P><STRONG><a name="[8b]"></a>FLASH_Read</STRONG> (Thumb, 32 bytes, Stack size 20 bytes, main.o(i.FLASH_Read))
<BR><BR>[Stack]<UL><LI>Max Depth = 20<LI>Call Chain = FLASH_Read
</UL>
<BR>[Called By]<UL><LI><a href="#[25]">&gt;&gt;</a>&nbsp;&nbsp;&nbsp;main
</UL>

<P><STRONG><a name="[45]"></a>FLASH_Unlock</STRONG> (Thumb, 12 bytes, Stack size 0 bytes, hal_flash.o(i.FLASH_Unlock))
<BR><BR>[Called By]<UL><LI><a href="#[83]">&gt;&gt;</a>&nbsp;&nbsp;&nbsp;flash_write_data
<LI><a href="#[81]">&gt;&gt;</a>&nbsp;&nbsp;&nbsp;erasure_sector
<LI><a href="#[48]">&gt;&gt;</a>&nbsp;&nbsp;&nbsp;Flash_Erase_Page
<LI><a href="#[44]">&gt;&gt;</a>&nbsp;&nbsp;&nbsp;FLASH_Write
</UL>

<P><STRONG><a name="[41]"></a>FLASH_WaitForLastOperation</STRONG> (Thumb, 54 bytes, Stack size 8 bytes, hal_flash.o(i.FLASH_WaitForLastOperation))
<BR><BR>[Stack]<UL><LI>Max Depth = 8<LI>Call Chain = FLASH_WaitForLastOperation
</UL>
<BR>[Calls]<UL><LI><a href="#[43]">&gt;&gt;</a>&nbsp;&nbsp;&nbsp;FLASH_GetStatus
</UL>
<BR>[Called By]<UL><LI><a href="#[42]">&gt;&gt;</a>&nbsp;&nbsp;&nbsp;FLASH_ProgramHalfWord
<LI><a href="#[40]">&gt;&gt;</a>&nbsp;&nbsp;&nbsp;FLASH_ErasePage
</UL>

<P><STRONG><a name="[48]"></a>Flash_Erase_Page</STRONG> (Thumb, 26 bytes, Stack size 8 bytes, main.o(i.Flash_Erase_Page))
<BR><BR>[Stack]<UL><LI>Max Depth = 24<LI>Call Chain = Flash_Erase_Page &rArr; FLASH_ErasePage &rArr; FLASH_WaitForLastOperation
</UL>
<BR>[Calls]<UL><LI><a href="#[45]">&gt;&gt;</a>&nbsp;&nbsp;&nbsp;FLASH_Unlock
<LI><a href="#[47]">&gt;&gt;</a>&nbsp;&nbsp;&nbsp;FLASH_Lock
<LI><a href="#[40]">&gt;&gt;</a>&nbsp;&nbsp;&nbsp;FLASH_ErasePage
<LI><a href="#[46]">&gt;&gt;</a>&nbsp;&nbsp;&nbsp;FLASH_ClearFlag
</UL>
<BR>[Called By]<UL><LI><a href="#[25]">&gt;&gt;</a>&nbsp;&nbsp;&nbsp;main
</UL>

<P><STRONG><a name="[49]"></a>GPIO_IO_Toggle</STRONG> (Thumb, 38 bytes, Stack size 16 bytes, gpio_led_toggle.o(i.GPIO_IO_Toggle))
<BR><BR>[Stack]<UL><LI>Max Depth = 16<LI>Call Chain = GPIO_IO_Toggle
</UL>
<BR>[Calls]<UL><LI><a href="#[4b]">&gt;&gt;</a>&nbsp;&nbsp;&nbsp;GPIO_SetBits
<LI><a href="#[4c]">&gt;&gt;</a>&nbsp;&nbsp;&nbsp;GPIO_ResetBits
<LI><a href="#[4a]">&gt;&gt;</a>&nbsp;&nbsp;&nbsp;GPIO_ReadOutputDataBit
</UL>
<BR>[Called By]<UL><LI><a href="#[4f]">&gt;&gt;</a>&nbsp;&nbsp;&nbsp;GPIO_LED_Show_Update
<LI><a href="#[4e]">&gt;&gt;</a>&nbsp;&nbsp;&nbsp;GPIO_LED_Show_Error
</UL>

<P><STRONG><a name="[60]"></a>GPIO_Init</STRONG> (Thumb, 154 bytes, Stack size 24 bytes, hal_gpio.o(i.GPIO_Init))
<BR><BR>[Stack]<UL><LI>Max Depth = 24<LI>Call Chain = GPIO_Init
</UL>
<BR>[Called By]<UL><LI><a href="#[58]">&gt;&gt;</a>&nbsp;&nbsp;&nbsp;UART_Configure
<LI><a href="#[56]">&gt;&gt;</a>&nbsp;&nbsp;&nbsp;PLATFORM_InitLED
<LI><a href="#[55]">&gt;&gt;</a>&nbsp;&nbsp;&nbsp;PLATFORM_InitConsole
</UL>

<P><STRONG><a name="[4d]"></a>GPIO_LED_Show_All_OFF</STRONG> (Thumb, 24 bytes, Stack size 8 bytes, gpio_led_toggle.o(i.GPIO_LED_Show_All_OFF))
<BR><BR>[Stack]<UL><LI>Max Depth = 8<LI>Call Chain = GPIO_LED_Show_All_OFF
</UL>
<BR>[Calls]<UL><LI><a href="#[4b]">&gt;&gt;</a>&nbsp;&nbsp;&nbsp;GPIO_SetBits
</UL>
<BR>[Called By]<UL><LI><a href="#[52]">&gt;&gt;</a>&nbsp;&nbsp;&nbsp;LED_Scan_Func
</UL>

<P><STRONG><a name="[4e]"></a>GPIO_LED_Show_Error</STRONG> (Thumb, 16 bytes, Stack size 8 bytes, gpio_led_toggle.o(i.GPIO_LED_Show_Error))
<BR><BR>[Stack]<UL><LI>Max Depth = 24<LI>Call Chain = GPIO_LED_Show_Error &rArr; GPIO_IO_Toggle
</UL>
<BR>[Calls]<UL><LI><a href="#[49]">&gt;&gt;</a>&nbsp;&nbsp;&nbsp;GPIO_IO_Toggle
</UL>
<BR>[Called By]<UL><LI><a href="#[52]">&gt;&gt;</a>&nbsp;&nbsp;&nbsp;LED_Scan_Func
</UL>

<P><STRONG><a name="[4f]"></a>GPIO_LED_Show_Update</STRONG> (Thumb, 12 bytes, Stack size 8 bytes, gpio_led_toggle.o(i.GPIO_LED_Show_Update))
<BR><BR>[Stack]<UL><LI>Max Depth = 24<LI>Call Chain = GPIO_LED_Show_Update &rArr; GPIO_IO_Toggle
</UL>
<BR>[Calls]<UL><LI><a href="#[49]">&gt;&gt;</a>&nbsp;&nbsp;&nbsp;GPIO_IO_Toggle
</UL>
<BR>[Called By]<UL><LI><a href="#[52]">&gt;&gt;</a>&nbsp;&nbsp;&nbsp;LED_Scan_Func
</UL>

<P><STRONG><a name="[50]"></a>GPIO_LED_Show_Update_Failed</STRONG> (Thumb, 24 bytes, Stack size 8 bytes, gpio_led_toggle.o(i.GPIO_LED_Show_Update_Failed))
<BR><BR>[Stack]<UL><LI>Max Depth = 8<LI>Call Chain = GPIO_LED_Show_Update_Failed
</UL>
<BR>[Calls]<UL><LI><a href="#[4b]">&gt;&gt;</a>&nbsp;&nbsp;&nbsp;GPIO_SetBits
<LI><a href="#[4c]">&gt;&gt;</a>&nbsp;&nbsp;&nbsp;GPIO_ResetBits
</UL>
<BR>[Called By]<UL><LI><a href="#[52]">&gt;&gt;</a>&nbsp;&nbsp;&nbsp;LED_Scan_Func
</UL>

<P><STRONG><a name="[51]"></a>GPIO_LED_Show_Update_Succeeded</STRONG> (Thumb, 24 bytes, Stack size 8 bytes, gpio_led_toggle.o(i.GPIO_LED_Show_Update_Succeeded))
<BR><BR>[Stack]<UL><LI>Max Depth = 8<LI>Call Chain = GPIO_LED_Show_Update_Succeeded
</UL>
<BR>[Calls]<UL><LI><a href="#[4b]">&gt;&gt;</a>&nbsp;&nbsp;&nbsp;GPIO_SetBits
<LI><a href="#[4c]">&gt;&gt;</a>&nbsp;&nbsp;&nbsp;GPIO_ResetBits
</UL>
<BR>[Called By]<UL><LI><a href="#[52]">&gt;&gt;</a>&nbsp;&nbsp;&nbsp;LED_Scan_Func
</UL>

<P><STRONG><a name="[5e]"></a>GPIO_PinAFConfig</STRONG> (Thumb, 40 bytes, Stack size 16 bytes, hal_gpio.o(i.GPIO_PinAFConfig))
<BR><BR>[Stack]<UL><LI>Max Depth = 16<LI>Call Chain = GPIO_PinAFConfig
</UL>
<BR>[Called By]<UL><LI><a href="#[58]">&gt;&gt;</a>&nbsp;&nbsp;&nbsp;UART_Configure
<LI><a href="#[55]">&gt;&gt;</a>&nbsp;&nbsp;&nbsp;PLATFORM_InitConsole
</UL>

<P><STRONG><a name="[4a]"></a>GPIO_ReadOutputDataBit</STRONG> (Thumb, 18 bytes, Stack size 0 bytes, hal_gpio.o(i.GPIO_ReadOutputDataBit))
<BR><BR>[Called By]<UL><LI><a href="#[49]">&gt;&gt;</a>&nbsp;&nbsp;&nbsp;GPIO_IO_Toggle
</UL>

<P><STRONG><a name="[4c]"></a>GPIO_ResetBits</STRONG> (Thumb, 4 bytes, Stack size 0 bytes, hal_gpio.o(i.GPIO_ResetBits))
<BR><BR>[Called By]<UL><LI><a href="#[49]">&gt;&gt;</a>&nbsp;&nbsp;&nbsp;GPIO_IO_Toggle
<LI><a href="#[51]">&gt;&gt;</a>&nbsp;&nbsp;&nbsp;GPIO_LED_Show_Update_Succeeded
<LI><a href="#[50]">&gt;&gt;</a>&nbsp;&nbsp;&nbsp;GPIO_LED_Show_Update_Failed
</UL>

<P><STRONG><a name="[4b]"></a>GPIO_SetBits</STRONG> (Thumb, 4 bytes, Stack size 0 bytes, hal_gpio.o(i.GPIO_SetBits))
<BR><BR>[Called By]<UL><LI><a href="#[49]">&gt;&gt;</a>&nbsp;&nbsp;&nbsp;GPIO_IO_Toggle
<LI><a href="#[51]">&gt;&gt;</a>&nbsp;&nbsp;&nbsp;GPIO_LED_Show_Update_Succeeded
<LI><a href="#[50]">&gt;&gt;</a>&nbsp;&nbsp;&nbsp;GPIO_LED_Show_Update_Failed
<LI><a href="#[4d]">&gt;&gt;</a>&nbsp;&nbsp;&nbsp;GPIO_LED_Show_All_OFF
</UL>

<P><STRONG><a name="[5f]"></a>GPIO_StructInit</STRONG> (Thumb, 16 bytes, Stack size 0 bytes, hal_gpio.o(i.GPIO_StructInit))
<BR><BR>[Called By]<UL><LI><a href="#[58]">&gt;&gt;</a>&nbsp;&nbsp;&nbsp;UART_Configure
<LI><a href="#[56]">&gt;&gt;</a>&nbsp;&nbsp;&nbsp;PLATFORM_InitLED
<LI><a href="#[55]">&gt;&gt;</a>&nbsp;&nbsp;&nbsp;PLATFORM_InitConsole
</UL>

<P><STRONG><a name="[62]"></a>GPIO_WriteBit</STRONG> (Thumb, 12 bytes, Stack size 0 bytes, hal_gpio.o(i.GPIO_WriteBit))
<BR><BR>[Called By]<UL><LI><a href="#[61]">&gt;&gt;</a>&nbsp;&nbsp;&nbsp;PLATFORM_LED_Enable
</UL>

<P><STRONG><a name="[82]"></a>GetPage</STRONG> (Thumb, 46 bytes, Stack size 20 bytes, main.o(i.GetPage))
<BR><BR>[Stack]<UL><LI>Max Depth = 20<LI>Call Chain = GetPage
</UL>
<BR>[Called By]<UL><LI><a href="#[91]">&gt;&gt;</a>&nbsp;&nbsp;&nbsp;x_receive_flash_erasure
<LI><a href="#[81]">&gt;&gt;</a>&nbsp;&nbsp;&nbsp;erasure_sector
</UL>

<P><STRONG><a name="[2]"></a>HardFault_Handler</STRONG> (Thumb, 4 bytes, Stack size 0 bytes, mm32spin0280_it.o(i.HardFault_Handler))
<BR>[Address Reference Count : 1]<UL><LI> startup_mm32spin0280_keil.o(RESET)
</UL>
<P><STRONG><a name="[52]"></a>LED_Scan_Func</STRONG> (Thumb, 154 bytes, Stack size 8 bytes, main.o(i.LED_Scan_Func))
<BR><BR>[Stack]<UL><LI>Max Depth = 36<LI>Call Chain = LED_Scan_Func &rArr; __aeabi_idivmod &rArr; __aeabi_uidivmod
</UL>
<BR>[Calls]<UL><LI><a href="#[51]">&gt;&gt;</a>&nbsp;&nbsp;&nbsp;GPIO_LED_Show_Update_Succeeded
<LI><a href="#[50]">&gt;&gt;</a>&nbsp;&nbsp;&nbsp;GPIO_LED_Show_Update_Failed
<LI><a href="#[4f]">&gt;&gt;</a>&nbsp;&nbsp;&nbsp;GPIO_LED_Show_Update
<LI><a href="#[4e]">&gt;&gt;</a>&nbsp;&nbsp;&nbsp;GPIO_LED_Show_Error
<LI><a href="#[4d]">&gt;&gt;</a>&nbsp;&nbsp;&nbsp;GPIO_LED_Show_All_OFF
<LI><a href="#[53]">&gt;&gt;</a>&nbsp;&nbsp;&nbsp;__ARM_common_switch8
<LI><a href="#[2d]">&gt;&gt;</a>&nbsp;&nbsp;&nbsp;__aeabi_idivmod
</UL>
<BR>[Called By]<UL><LI><a href="#[19]">&gt;&gt;</a>&nbsp;&nbsp;&nbsp;TIM14_IRQHandler
</UL>

<P><STRONG><a name="[1]"></a>NMI_Handler</STRONG> (Thumb, 2 bytes, Stack size 0 bytes, mm32spin0280_it.o(i.NMI_Handler))
<BR>[Address Reference Count : 1]<UL><LI> startup_mm32spin0280_keil.o(RESET)
</UL>
<P><STRONG><a name="[71]"></a>NVIC_Init</STRONG> (Thumb, 100 bytes, Stack size 0 bytes, hal_misc.o(i.NVIC_Init))
<BR><BR>[Called By]<UL><LI><a href="#[58]">&gt;&gt;</a>&nbsp;&nbsp;&nbsp;UART_Configure
<LI><a href="#[57]">&gt;&gt;</a>&nbsp;&nbsp;&nbsp;TIM14_Configure
</UL>

<P><STRONG><a name="[54]"></a>PLATFORM_Init</STRONG> (Thumb, 28 bytes, Stack size 8 bytes, platform.o(i.PLATFORM_Init))
<BR><BR>[Stack]<UL><LI>Max Depth = 116<LI>Call Chain = PLATFORM_Init &rArr; TIM14_Configure &rArr; RCC_GetClocksFreq &rArr; RCC_GetPCLK1Freq &rArr; RCC_GetHCLKFreq &rArr; RCC_GetSysClockFreq &rArr; __aeabi_uidivmod
</UL>
<BR>[Calls]<UL><LI><a href="#[58]">&gt;&gt;</a>&nbsp;&nbsp;&nbsp;UART_Configure
<LI><a href="#[57]">&gt;&gt;</a>&nbsp;&nbsp;&nbsp;TIM14_Configure
<LI><a href="#[56]">&gt;&gt;</a>&nbsp;&nbsp;&nbsp;PLATFORM_InitLED
<LI><a href="#[55]">&gt;&gt;</a>&nbsp;&nbsp;&nbsp;PLATFORM_InitConsole
</UL>
<BR>[Called By]<UL><LI><a href="#[25]">&gt;&gt;</a>&nbsp;&nbsp;&nbsp;main
</UL>

<P><STRONG><a name="[55]"></a>PLATFORM_InitConsole</STRONG> (Thumb, 110 bytes, Stack size 32 bytes, platform.o(i.PLATFORM_InitConsole))
<BR><BR>[Stack]<UL><LI>Max Depth = 100<LI>Call Chain = PLATFORM_InitConsole &rArr; UART_Init &rArr; RCC_GetPCLK1Freq &rArr; RCC_GetHCLKFreq &rArr; RCC_GetSysClockFreq &rArr; __aeabi_uidivmod
</UL>
<BR>[Calls]<UL><LI><a href="#[5a]">&gt;&gt;</a>&nbsp;&nbsp;&nbsp;UART_StructInit
<LI><a href="#[5b]">&gt;&gt;</a>&nbsp;&nbsp;&nbsp;UART_Init
<LI><a href="#[5c]">&gt;&gt;</a>&nbsp;&nbsp;&nbsp;UART_Cmd
<LI><a href="#[59]">&gt;&gt;</a>&nbsp;&nbsp;&nbsp;RCC_APB2PeriphClockCmd
<LI><a href="#[5e]">&gt;&gt;</a>&nbsp;&nbsp;&nbsp;GPIO_PinAFConfig
<LI><a href="#[5d]">&gt;&gt;</a>&nbsp;&nbsp;&nbsp;RCC_AHBPeriphClockCmd
<LI><a href="#[5f]">&gt;&gt;</a>&nbsp;&nbsp;&nbsp;GPIO_StructInit
<LI><a href="#[60]">&gt;&gt;</a>&nbsp;&nbsp;&nbsp;GPIO_Init
</UL>
<BR>[Called By]<UL><LI><a href="#[54]">&gt;&gt;</a>&nbsp;&nbsp;&nbsp;PLATFORM_Init
</UL>

<P><STRONG><a name="[56]"></a>PLATFORM_InitLED</STRONG> (Thumb, 112 bytes, Stack size 8 bytes, platform.o(i.PLATFORM_InitLED))
<BR><BR>[Stack]<UL><LI>Max Depth = 32<LI>Call Chain = PLATFORM_InitLED &rArr; GPIO_Init
</UL>
<BR>[Calls]<UL><LI><a href="#[61]">&gt;&gt;</a>&nbsp;&nbsp;&nbsp;PLATFORM_LED_Enable
<LI><a href="#[5d]">&gt;&gt;</a>&nbsp;&nbsp;&nbsp;RCC_AHBPeriphClockCmd
<LI><a href="#[5f]">&gt;&gt;</a>&nbsp;&nbsp;&nbsp;GPIO_StructInit
<LI><a href="#[60]">&gt;&gt;</a>&nbsp;&nbsp;&nbsp;GPIO_Init
</UL>
<BR>[Called By]<UL><LI><a href="#[54]">&gt;&gt;</a>&nbsp;&nbsp;&nbsp;PLATFORM_Init
</UL>

<P><STRONG><a name="[61]"></a>PLATFORM_LED_Enable</STRONG> (Thumb, 122 bytes, Stack size 16 bytes, platform.o(i.PLATFORM_LED_Enable))
<BR><BR>[Stack]<UL><LI>Max Depth = 16<LI>Call Chain = PLATFORM_LED_Enable
</UL>
<BR>[Calls]<UL><LI><a href="#[62]">&gt;&gt;</a>&nbsp;&nbsp;&nbsp;GPIO_WriteBit
</UL>
<BR>[Called By]<UL><LI><a href="#[56]">&gt;&gt;</a>&nbsp;&nbsp;&nbsp;PLATFORM_InitLED
</UL>

<P><STRONG><a name="[4]"></a>PendSV_Handler</STRONG> (Thumb, 2 bytes, Stack size 0 bytes, mm32spin0280_it.o(i.PendSV_Handler))
<BR>[Address Reference Count : 1]<UL><LI> startup_mm32spin0280_keil.o(RESET)
</UL>
<P><STRONG><a name="[5d]"></a>RCC_AHBPeriphClockCmd</STRONG> (Thumb, 28 bytes, Stack size 0 bytes, hal_rcc.o(i.RCC_AHBPeriphClockCmd))
<BR><BR>[Called By]<UL><LI><a href="#[58]">&gt;&gt;</a>&nbsp;&nbsp;&nbsp;UART_Configure
<LI><a href="#[56]">&gt;&gt;</a>&nbsp;&nbsp;&nbsp;PLATFORM_InitLED
<LI><a href="#[55]">&gt;&gt;</a>&nbsp;&nbsp;&nbsp;PLATFORM_InitConsole
</UL>

<P><STRONG><a name="[79]"></a>RCC_APB1PeriphClockCmd</STRONG> (Thumb, 28 bytes, Stack size 0 bytes, hal_rcc.o(i.RCC_APB1PeriphClockCmd))
<BR><BR>[Called By]<UL><LI><a href="#[58]">&gt;&gt;</a>&nbsp;&nbsp;&nbsp;UART_Configure
</UL>

<P><STRONG><a name="[59]"></a>RCC_APB2PeriphClockCmd</STRONG> (Thumb, 28 bytes, Stack size 0 bytes, hal_rcc.o(i.RCC_APB2PeriphClockCmd))
<BR><BR>[Called By]<UL><LI><a href="#[57]">&gt;&gt;</a>&nbsp;&nbsp;&nbsp;TIM14_Configure
<LI><a href="#[55]">&gt;&gt;</a>&nbsp;&nbsp;&nbsp;PLATFORM_InitConsole
</UL>

<P><STRONG><a name="[63]"></a>RCC_GetClocksFreq</STRONG> (Thumb, 58 bytes, Stack size 16 bytes, hal_rcc.o(i.RCC_GetClocksFreq))
<BR><BR>[Stack]<UL><LI>Max Depth = 68<LI>Call Chain = RCC_GetClocksFreq &rArr; RCC_GetPCLK1Freq &rArr; RCC_GetHCLKFreq &rArr; RCC_GetSysClockFreq &rArr; __aeabi_uidivmod
</UL>
<BR>[Calls]<UL><LI><a href="#[65]">&gt;&gt;</a>&nbsp;&nbsp;&nbsp;RCC_GetHCLKFreq
<LI><a href="#[66]">&gt;&gt;</a>&nbsp;&nbsp;&nbsp;RCC_GetPCLK1Freq
<LI><a href="#[64]">&gt;&gt;</a>&nbsp;&nbsp;&nbsp;RCC_GetSysClockFreq
<LI><a href="#[67]">&gt;&gt;</a>&nbsp;&nbsp;&nbsp;RCC_GetPCLK2Freq
<LI><a href="#[2e]">&gt;&gt;</a>&nbsp;&nbsp;&nbsp;__aeabi_uidivmod
</UL>
<BR>[Called By]<UL><LI><a href="#[57]">&gt;&gt;</a>&nbsp;&nbsp;&nbsp;TIM14_Configure
</UL>

<P><STRONG><a name="[65]"></a>RCC_GetHCLKFreq</STRONG> (Thumb, 24 bytes, Stack size 8 bytes, hal_rcc.o(i.RCC_GetHCLKFreq))
<BR><BR>[Stack]<UL><LI>Max Depth = 44<LI>Call Chain = RCC_GetHCLKFreq &rArr; RCC_GetSysClockFreq &rArr; __aeabi_uidivmod
</UL>
<BR>[Calls]<UL><LI><a href="#[64]">&gt;&gt;</a>&nbsp;&nbsp;&nbsp;RCC_GetSysClockFreq
</UL>
<BR>[Called By]<UL><LI><a href="#[63]">&gt;&gt;</a>&nbsp;&nbsp;&nbsp;RCC_GetClocksFreq
<LI><a href="#[66]">&gt;&gt;</a>&nbsp;&nbsp;&nbsp;RCC_GetPCLK1Freq
<LI><a href="#[67]">&gt;&gt;</a>&nbsp;&nbsp;&nbsp;RCC_GetPCLK2Freq
</UL>

<P><STRONG><a name="[66]"></a>RCC_GetPCLK1Freq</STRONG> (Thumb, 26 bytes, Stack size 8 bytes, hal_rcc.o(i.RCC_GetPCLK1Freq))
<BR><BR>[Stack]<UL><LI>Max Depth = 52<LI>Call Chain = RCC_GetPCLK1Freq &rArr; RCC_GetHCLKFreq &rArr; RCC_GetSysClockFreq &rArr; __aeabi_uidivmod
</UL>
<BR>[Calls]<UL><LI><a href="#[65]">&gt;&gt;</a>&nbsp;&nbsp;&nbsp;RCC_GetHCLKFreq
</UL>
<BR>[Called By]<UL><LI><a href="#[5b]">&gt;&gt;</a>&nbsp;&nbsp;&nbsp;UART_Init
<LI><a href="#[63]">&gt;&gt;</a>&nbsp;&nbsp;&nbsp;RCC_GetClocksFreq
</UL>

<P><STRONG><a name="[67]"></a>RCC_GetPCLK2Freq</STRONG> (Thumb, 26 bytes, Stack size 8 bytes, hal_rcc.o(i.RCC_GetPCLK2Freq))
<BR><BR>[Stack]<UL><LI>Max Depth = 52<LI>Call Chain = RCC_GetPCLK2Freq &rArr; RCC_GetHCLKFreq &rArr; RCC_GetSysClockFreq &rArr; __aeabi_uidivmod
</UL>
<BR>[Calls]<UL><LI><a href="#[65]">&gt;&gt;</a>&nbsp;&nbsp;&nbsp;RCC_GetHCLKFreq
</UL>
<BR>[Called By]<UL><LI><a href="#[5b]">&gt;&gt;</a>&nbsp;&nbsp;&nbsp;UART_Init
<LI><a href="#[63]">&gt;&gt;</a>&nbsp;&nbsp;&nbsp;RCC_GetClocksFreq
</UL>

<P><STRONG><a name="[64]"></a>RCC_GetSysClockFreq</STRONG> (Thumb, 130 bytes, Stack size 24 bytes, hal_rcc.o(i.RCC_GetSysClockFreq))
<BR><BR>[Stack]<UL><LI>Max Depth = 36<LI>Call Chain = RCC_GetSysClockFreq &rArr; __aeabi_uidivmod
</UL>
<BR>[Calls]<UL><LI><a href="#[2e]">&gt;&gt;</a>&nbsp;&nbsp;&nbsp;__aeabi_uidivmod
</UL>
<BR>[Called By]<UL><LI><a href="#[65]">&gt;&gt;</a>&nbsp;&nbsp;&nbsp;RCC_GetHCLKFreq
<LI><a href="#[63]">&gt;&gt;</a>&nbsp;&nbsp;&nbsp;RCC_GetClocksFreq
</UL>

<P><STRONG><a name="[8f]"></a>Reset_Periph</STRONG> (Thumb, 32 bytes, Stack size 0 bytes, main.o(i.Reset_Periph))
<BR><BR>[Called By]<UL><LI><a href="#[25]">&gt;&gt;</a>&nbsp;&nbsp;&nbsp;main
</UL>

<P><STRONG><a name="[3]"></a>SVC_Handler</STRONG> (Thumb, 2 bytes, Stack size 0 bytes, mm32spin0280_it.o(i.SVC_Handler))
<BR>[Address Reference Count : 1]<UL><LI> startup_mm32spin0280_keil.o(RESET)
</UL>
<P><STRONG><a name="[5]"></a>SysTick_Handler</STRONG> (Thumb, 8 bytes, Stack size 8 bytes, delay.o(i.SysTick_Handler))
<BR><BR>[Stack]<UL><LI>Max Depth = 8<LI>Call Chain = SysTick_Handler
</UL>
<BR>[Calls]<UL><LI><a href="#[6b]">&gt;&gt;</a>&nbsp;&nbsp;&nbsp;TimingDelayDecrement
</UL>
<BR>[Address Reference Count : 1]<UL><LI> startup_mm32spin0280_keil.o(RESET)
</UL>
<P><STRONG><a name="[26]"></a>SystemInit</STRONG> (Thumb, 12 bytes, Stack size 8 bytes, system_mm32spin0280.o(i.SystemInit))
<BR><BR>[Stack]<UL><LI>Max Depth = 108<LI>Call Chain = SystemInit &rArr; SetSysClock &rArr; SetSysClockWithHsiPLL &rArr; AutoCalPllFactor &rArr; __aeabi_uidivmod
</UL>
<BR>[Calls]<UL><LI><a href="#[6c]">&gt;&gt;</a>&nbsp;&nbsp;&nbsp;SetSysClockToDefaultHSI
<LI><a href="#[68]">&gt;&gt;</a>&nbsp;&nbsp;&nbsp;SetSysClock
</UL>
<BR>[Address Reference Count : 1]<UL><LI> startup_mm32spin0280_keil.o(.text)
</UL>
<P><STRONG><a name="[57]"></a>TIM14_Configure</STRONG> (Thumb, 108 bytes, Stack size 40 bytes, tim14_timebase.o(i.TIM14_Configure))
<BR><BR>[Stack]<UL><LI>Max Depth = 108<LI>Call Chain = TIM14_Configure &rArr; RCC_GetClocksFreq &rArr; RCC_GetPCLK1Freq &rArr; RCC_GetHCLKFreq &rArr; RCC_GetSysClockFreq &rArr; __aeabi_uidivmod
</UL>
<BR>[Calls]<UL><LI><a href="#[63]">&gt;&gt;</a>&nbsp;&nbsp;&nbsp;RCC_GetClocksFreq
<LI><a href="#[59]">&gt;&gt;</a>&nbsp;&nbsp;&nbsp;RCC_APB2PeriphClockCmd
<LI><a href="#[6d]">&gt;&gt;</a>&nbsp;&nbsp;&nbsp;TIM_TimeBaseStructInit
<LI><a href="#[6e]">&gt;&gt;</a>&nbsp;&nbsp;&nbsp;TIM_TimeBaseInit
<LI><a href="#[70]">&gt;&gt;</a>&nbsp;&nbsp;&nbsp;TIM_ITConfig
<LI><a href="#[72]">&gt;&gt;</a>&nbsp;&nbsp;&nbsp;TIM_Cmd
<LI><a href="#[6f]">&gt;&gt;</a>&nbsp;&nbsp;&nbsp;TIM_ClearFlag
<LI><a href="#[71]">&gt;&gt;</a>&nbsp;&nbsp;&nbsp;NVIC_Init
<LI><a href="#[2e]">&gt;&gt;</a>&nbsp;&nbsp;&nbsp;__aeabi_uidivmod
</UL>
<BR>[Called By]<UL><LI><a href="#[54]">&gt;&gt;</a>&nbsp;&nbsp;&nbsp;PLATFORM_Init
</UL>

<P><STRONG><a name="[19]"></a>TIM14_IRQHandler</STRONG> (Thumb, 28 bytes, Stack size 8 bytes, mm32spin0280_it.o(i.TIM14_IRQHandler))
<BR><BR>[Stack]<UL><LI>Max Depth = 44<LI>Call Chain = TIM14_IRQHandler &rArr; LED_Scan_Func &rArr; __aeabi_idivmod &rArr; __aeabi_uidivmod
</UL>
<BR>[Calls]<UL><LI><a href="#[73]">&gt;&gt;</a>&nbsp;&nbsp;&nbsp;TIM_GetITStatus
<LI><a href="#[74]">&gt;&gt;</a>&nbsp;&nbsp;&nbsp;TIM_ClearITPendingBit
<LI><a href="#[52]">&gt;&gt;</a>&nbsp;&nbsp;&nbsp;LED_Scan_Func
</UL>
<BR>[Address Reference Count : 1]<UL><LI> startup_mm32spin0280_keil.o(RESET)
</UL>
<P><STRONG><a name="[6f]"></a>TIM_ClearFlag</STRONG> (Thumb, 6 bytes, Stack size 0 bytes, hal_tim.o(i.TIM_ClearFlag))
<BR><BR>[Called By]<UL><LI><a href="#[57]">&gt;&gt;</a>&nbsp;&nbsp;&nbsp;TIM14_Configure
</UL>

<P><STRONG><a name="[74]"></a>TIM_ClearITPendingBit</STRONG> (Thumb, 6 bytes, Stack size 0 bytes, hal_tim.o(i.TIM_ClearITPendingBit))
<BR><BR>[Called By]<UL><LI><a href="#[19]">&gt;&gt;</a>&nbsp;&nbsp;&nbsp;TIM14_IRQHandler
</UL>

<P><STRONG><a name="[72]"></a>TIM_Cmd</STRONG> (Thumb, 24 bytes, Stack size 0 bytes, hal_tim.o(i.TIM_Cmd))
<BR><BR>[Called By]<UL><LI><a href="#[57]">&gt;&gt;</a>&nbsp;&nbsp;&nbsp;TIM14_Configure
</UL>

<P><STRONG><a name="[73]"></a>TIM_GetITStatus</STRONG> (Thumb, 26 bytes, Stack size 0 bytes, hal_tim.o(i.TIM_GetITStatus))
<BR><BR>[Called By]<UL><LI><a href="#[19]">&gt;&gt;</a>&nbsp;&nbsp;&nbsp;TIM14_IRQHandler
</UL>

<P><STRONG><a name="[70]"></a>TIM_ITConfig</STRONG> (Thumb, 20 bytes, Stack size 0 bytes, hal_tim.o(i.TIM_ITConfig))
<BR><BR>[Called By]<UL><LI><a href="#[57]">&gt;&gt;</a>&nbsp;&nbsp;&nbsp;TIM14_Configure
</UL>

<P><STRONG><a name="[6e]"></a>TIM_TimeBaseInit</STRONG> (Thumb, 90 bytes, Stack size 0 bytes, hal_tim.o(i.TIM_TimeBaseInit))
<BR><BR>[Called By]<UL><LI><a href="#[57]">&gt;&gt;</a>&nbsp;&nbsp;&nbsp;TIM14_Configure
</UL>

<P><STRONG><a name="[6d]"></a>TIM_TimeBaseStructInit</STRONG> (Thumb, 18 bytes, Stack size 0 bytes, hal_tim.o(i.TIM_TimeBaseStructInit))
<BR><BR>[Called By]<UL><LI><a href="#[57]">&gt;&gt;</a>&nbsp;&nbsp;&nbsp;TIM14_Configure
</UL>

<P><STRONG><a name="[22]"></a>UART2_IRQHandler</STRONG> (Thumb, 82 bytes, Stack size 8 bytes, mm32spin0280_it.o(i.UART2_IRQHandler))
<BR><BR>[Stack]<UL><LI>Max Depth = 24<LI>Call Chain = UART2_IRQHandler &rArr; xmodem_data_recv
</UL>
<BR>[Calls]<UL><LI><a href="#[78]">&gt;&gt;</a>&nbsp;&nbsp;&nbsp;xmodem_data_recv
<LI><a href="#[76]">&gt;&gt;</a>&nbsp;&nbsp;&nbsp;UART_ReceiveData
<LI><a href="#[75]">&gt;&gt;</a>&nbsp;&nbsp;&nbsp;UART_GetITStatus
<LI><a href="#[77]">&gt;&gt;</a>&nbsp;&nbsp;&nbsp;UART_ClearITPendingBit
</UL>
<BR>[Address Reference Count : 1]<UL><LI> startup_mm32spin0280_keil.o(RESET)
</UL>
<P><STRONG><a name="[77]"></a>UART_ClearITPendingBit</STRONG> (Thumb, 4 bytes, Stack size 0 bytes, hal_uart.o(i.UART_ClearITPendingBit))
<BR><BR>[Called By]<UL><LI><a href="#[22]">&gt;&gt;</a>&nbsp;&nbsp;&nbsp;UART2_IRQHandler
</UL>

<P><STRONG><a name="[5c]"></a>UART_Cmd</STRONG> (Thumb, 12 bytes, Stack size 0 bytes, hal_uart.o(i.UART_Cmd))
<BR><BR>[Called By]<UL><LI><a href="#[58]">&gt;&gt;</a>&nbsp;&nbsp;&nbsp;UART_Configure
<LI><a href="#[55]">&gt;&gt;</a>&nbsp;&nbsp;&nbsp;PLATFORM_InitConsole
</UL>

<P><STRONG><a name="[58]"></a>UART_Configure</STRONG> (Thumb, 190 bytes, Stack size 32 bytes, uart_interrupt.o(i.UART_Configure))
<BR><BR>[Stack]<UL><LI>Max Depth = 100<LI>Call Chain = UART_Configure &rArr; UART_Init &rArr; RCC_GetPCLK1Freq &rArr; RCC_GetHCLKFreq &rArr; RCC_GetSysClockFreq &rArr; __aeabi_uidivmod
</UL>
<BR>[Calls]<UL><LI><a href="#[5a]">&gt;&gt;</a>&nbsp;&nbsp;&nbsp;UART_StructInit
<LI><a href="#[5b]">&gt;&gt;</a>&nbsp;&nbsp;&nbsp;UART_Init
<LI><a href="#[5c]">&gt;&gt;</a>&nbsp;&nbsp;&nbsp;UART_Cmd
<LI><a href="#[5e]">&gt;&gt;</a>&nbsp;&nbsp;&nbsp;GPIO_PinAFConfig
<LI><a href="#[5d]">&gt;&gt;</a>&nbsp;&nbsp;&nbsp;RCC_AHBPeriphClockCmd
<LI><a href="#[5f]">&gt;&gt;</a>&nbsp;&nbsp;&nbsp;GPIO_StructInit
<LI><a href="#[60]">&gt;&gt;</a>&nbsp;&nbsp;&nbsp;GPIO_Init
<LI><a href="#[7a]">&gt;&gt;</a>&nbsp;&nbsp;&nbsp;UART_ITConfig
<LI><a href="#[79]">&gt;&gt;</a>&nbsp;&nbsp;&nbsp;RCC_APB1PeriphClockCmd
<LI><a href="#[71]">&gt;&gt;</a>&nbsp;&nbsp;&nbsp;NVIC_Init
</UL>
<BR>[Called By]<UL><LI><a href="#[54]">&gt;&gt;</a>&nbsp;&nbsp;&nbsp;PLATFORM_Init
</UL>

<P><STRONG><a name="[86]"></a>UART_GetFlagStatus</STRONG> (Thumb, 18 bytes, Stack size 0 bytes, hal_uart.o(i.UART_GetFlagStatus))
<BR><BR>[Called By]<UL><LI><a href="#[28]">&gt;&gt;</a>&nbsp;&nbsp;&nbsp;fputc
<LI><a href="#[93]">&gt;&gt;</a>&nbsp;&nbsp;&nbsp;x_transmit_ch
</UL>

<P><STRONG><a name="[75]"></a>UART_GetITStatus</STRONG> (Thumb, 18 bytes, Stack size 0 bytes, hal_uart.o(i.UART_GetITStatus))
<BR><BR>[Called By]<UL><LI><a href="#[22]">&gt;&gt;</a>&nbsp;&nbsp;&nbsp;UART2_IRQHandler
</UL>

<P><STRONG><a name="[7a]"></a>UART_ITConfig</STRONG> (Thumb, 20 bytes, Stack size 0 bytes, hal_uart.o(i.UART_ITConfig))
<BR><BR>[Called By]<UL><LI><a href="#[58]">&gt;&gt;</a>&nbsp;&nbsp;&nbsp;UART_Configure
</UL>

<P><STRONG><a name="[5b]"></a>UART_Init</STRONG> (Thumb, 116 bytes, Stack size 16 bytes, hal_uart.o(i.UART_Init))
<BR><BR>[Stack]<UL><LI>Max Depth = 68<LI>Call Chain = UART_Init &rArr; RCC_GetPCLK1Freq &rArr; RCC_GetHCLKFreq &rArr; RCC_GetSysClockFreq &rArr; __aeabi_uidivmod
</UL>
<BR>[Calls]<UL><LI><a href="#[66]">&gt;&gt;</a>&nbsp;&nbsp;&nbsp;RCC_GetPCLK1Freq
<LI><a href="#[67]">&gt;&gt;</a>&nbsp;&nbsp;&nbsp;RCC_GetPCLK2Freq
<LI><a href="#[2e]">&gt;&gt;</a>&nbsp;&nbsp;&nbsp;__aeabi_uidivmod
</UL>
<BR>[Called By]<UL><LI><a href="#[58]">&gt;&gt;</a>&nbsp;&nbsp;&nbsp;UART_Configure
<LI><a href="#[55]">&gt;&gt;</a>&nbsp;&nbsp;&nbsp;PLATFORM_InitConsole
</UL>

<P><STRONG><a name="[76]"></a>UART_ReceiveData</STRONG> (Thumb, 8 bytes, Stack size 0 bytes, hal_uart.o(i.UART_ReceiveData))
<BR><BR>[Called By]<UL><LI><a href="#[22]">&gt;&gt;</a>&nbsp;&nbsp;&nbsp;UART2_IRQHandler
</UL>

<P><STRONG><a name="[85]"></a>UART_SendData</STRONG> (Thumb, 6 bytes, Stack size 0 bytes, hal_uart.o(i.UART_SendData))
<BR><BR>[Called By]<UL><LI><a href="#[28]">&gt;&gt;</a>&nbsp;&nbsp;&nbsp;fputc
<LI><a href="#[93]">&gt;&gt;</a>&nbsp;&nbsp;&nbsp;x_transmit_ch
</UL>

<P><STRONG><a name="[5a]"></a>UART_StructInit</STRONG> (Thumb, 26 bytes, Stack size 0 bytes, hal_uart.o(i.UART_StructInit))
<BR><BR>[Called By]<UL><LI><a href="#[58]">&gt;&gt;</a>&nbsp;&nbsp;&nbsp;UART_Configure
<LI><a href="#[55]">&gt;&gt;</a>&nbsp;&nbsp;&nbsp;PLATFORM_InitConsole
</UL>

<P><STRONG><a name="[7b]"></a>__0printf</STRONG> (Thumb, 24 bytes, Stack size 24 bytes, printfa.o(i.__0printf), UNUSED)
<BR><BR>[Calls]<UL><LI><a href="#[7c]">&gt;&gt;</a>&nbsp;&nbsp;&nbsp;_printf_core
</UL>

<P><STRONG><a name="[a8]"></a>__1printf</STRONG> (Thumb, 0 bytes, Stack size 24 bytes, printfa.o(i.__0printf), UNUSED)

<P><STRONG><a name="[84]"></a>__2printf</STRONG> (Thumb, 0 bytes, Stack size 24 bytes, printfa.o(i.__0printf))
<BR><BR>[Stack]<UL><LI>Max Depth = 24<LI>Call Chain = __2printf
</UL>
<BR>[Called By]<UL><LI><a href="#[8d]">&gt;&gt;</a>&nbsp;&nbsp;&nbsp;xmodem_receive
<LI><a href="#[25]">&gt;&gt;</a>&nbsp;&nbsp;&nbsp;main
<LI><a href="#[83]">&gt;&gt;</a>&nbsp;&nbsp;&nbsp;flash_write_data
<LI><a href="#[87]">&gt;&gt;</a>&nbsp;&nbsp;&nbsp;get_receive_data
</UL>

<P><STRONG><a name="[a9]"></a>__c89printf</STRONG> (Thumb, 0 bytes, Stack size 24 bytes, printfa.o(i.__0printf), UNUSED)

<P><STRONG><a name="[aa]"></a>printf</STRONG> (Thumb, 0 bytes, Stack size 24 bytes, printfa.o(i.__0printf), UNUSED)

<P><STRONG><a name="[35]"></a>__ARM_clz</STRONG> (Thumb, 46 bytes, Stack size 0 bytes, depilogue.o(i.__ARM_clz), UNUSED)
<BR><BR>[Called By]<UL><LI><a href="#[34]">&gt;&gt;</a>&nbsp;&nbsp;&nbsp;_double_epilogue
</UL>

<P><STRONG><a name="[53]"></a>__ARM_common_switch8</STRONG> (Thumb, 28 bytes, Stack size 8 bytes, main.o(i.__ARM_common_switch8))
<BR><BR>[Stack]<UL><LI>Max Depth = 8<LI>Call Chain = __ARM_common_switch8
</UL>
<BR>[Called By]<UL><LI><a href="#[52]">&gt;&gt;</a>&nbsp;&nbsp;&nbsp;LED_Scan_Func
</UL>

<P><STRONG><a name="[ab]"></a>__scatterload_copy</STRONG> (Thumb, 14 bytes, Stack size unknown bytes, handlers.o(i.__scatterload_copy), UNUSED)

<P><STRONG><a name="[ac]"></a>__scatterload_null</STRONG> (Thumb, 2 bytes, Stack size unknown bytes, handlers.o(i.__scatterload_null), UNUSED)

<P><STRONG><a name="[ad]"></a>__scatterload_zeroinit</STRONG> (Thumb, 14 bytes, Stack size unknown bytes, handlers.o(i.__scatterload_zeroinit), UNUSED)

<P><STRONG><a name="[81]"></a>erasure_sector</STRONG> (Thumb, 116 bytes, Stack size 48 bytes, main.o(i.erasure_sector))
<BR><BR>[Stack]<UL><LI>Max Depth = 68<LI>Call Chain = erasure_sector &rArr; GetPage
</UL>
<BR>[Calls]<UL><LI><a href="#[45]">&gt;&gt;</a>&nbsp;&nbsp;&nbsp;FLASH_Unlock
<LI><a href="#[47]">&gt;&gt;</a>&nbsp;&nbsp;&nbsp;FLASH_Lock
<LI><a href="#[40]">&gt;&gt;</a>&nbsp;&nbsp;&nbsp;FLASH_ErasePage
<LI><a href="#[46]">&gt;&gt;</a>&nbsp;&nbsp;&nbsp;FLASH_ClearFlag
<LI><a href="#[82]">&gt;&gt;</a>&nbsp;&nbsp;&nbsp;GetPage
</UL>
<BR>[Called By]<UL><LI><a href="#[91]">&gt;&gt;</a>&nbsp;&nbsp;&nbsp;x_receive_flash_erasure
</UL>

<P><STRONG><a name="[83]"></a>flash_write_data</STRONG> (Thumb, 88 bytes, Stack size 32 bytes, main.o(i.flash_write_data))
<BR><BR>[Stack]<UL><LI>Max Depth = 56<LI>Call Chain = flash_write_data &rArr; __2printf
</UL>
<BR>[Calls]<UL><LI><a href="#[45]">&gt;&gt;</a>&nbsp;&nbsp;&nbsp;FLASH_Unlock
<LI><a href="#[42]">&gt;&gt;</a>&nbsp;&nbsp;&nbsp;FLASH_ProgramHalfWord
<LI><a href="#[47]">&gt;&gt;</a>&nbsp;&nbsp;&nbsp;FLASH_Lock
<LI><a href="#[46]">&gt;&gt;</a>&nbsp;&nbsp;&nbsp;FLASH_ClearFlag
<LI><a href="#[84]">&gt;&gt;</a>&nbsp;&nbsp;&nbsp;__2printf
</UL>
<BR>[Called By]<UL><LI><a href="#[92]">&gt;&gt;</a>&nbsp;&nbsp;&nbsp;x_receive_flash_writea
</UL>

<P><STRONG><a name="[28]"></a>fputc</STRONG> (Thumb, 32 bytes, Stack size 16 bytes, platform.o(i.fputc))
<BR><BR>[Stack]<UL><LI>Max Depth = 16<LI>Call Chain = fputc
</UL>
<BR>[Calls]<UL><LI><a href="#[85]">&gt;&gt;</a>&nbsp;&nbsp;&nbsp;UART_SendData
<LI><a href="#[86]">&gt;&gt;</a>&nbsp;&nbsp;&nbsp;UART_GetFlagStatus
</UL>
<BR>[Address Reference Count : 1]<UL><LI> printfa.o(i.__0printf)
</UL>
<P><STRONG><a name="[8a]"></a>is_app_valid</STRONG> (Thumb, 40 bytes, Stack size 0 bytes, main.o(i.is_app_valid))
<BR><BR>[Called By]<UL><LI><a href="#[25]">&gt;&gt;</a>&nbsp;&nbsp;&nbsp;main
</UL>

<P><STRONG><a name="[25]"></a>main</STRONG> (Thumb, 386 bytes, Stack size 8 bytes, main.o(i.main))
<BR><BR>[Stack]<UL><LI>Max Depth = 1212<LI>Call Chain = main &rArr; xmodem_receive &rArr; xmodem_handle_packet &rArr; receive_file_data_callback &rArr; x_receive_flash_erasure &rArr; erasure_sector &rArr; GetPage
</UL>
<BR>[Calls]<UL><LI><a href="#[8d]">&gt;&gt;</a>&nbsp;&nbsp;&nbsp;xmodem_receive
<LI><a href="#[54]">&gt;&gt;</a>&nbsp;&nbsp;&nbsp;PLATFORM_Init
<LI><a href="#[8e]">&gt;&gt;</a>&nbsp;&nbsp;&nbsp;DELAY_Ms
<LI><a href="#[3e]">&gt;&gt;</a>&nbsp;&nbsp;&nbsp;DELAY_Init
<LI><a href="#[8a]">&gt;&gt;</a>&nbsp;&nbsp;&nbsp;is_app_valid
<LI><a href="#[8f]">&gt;&gt;</a>&nbsp;&nbsp;&nbsp;Reset_Periph
<LI><a href="#[48]">&gt;&gt;</a>&nbsp;&nbsp;&nbsp;Flash_Erase_Page
<LI><a href="#[8b]">&gt;&gt;</a>&nbsp;&nbsp;&nbsp;FLASH_Read
<LI><a href="#[44]">&gt;&gt;</a>&nbsp;&nbsp;&nbsp;FLASH_Write
<LI><a href="#[84]">&gt;&gt;</a>&nbsp;&nbsp;&nbsp;__2printf
<LI><a href="#[8c]">&gt;&gt;</a>&nbsp;&nbsp;&nbsp;strncmp
</UL>
<BR>[Address Reference Count : 1]<UL><LI> entry9a.o(.ARM.Collect$$$$0000000B)
</UL>
<P><STRONG><a name="[98]"></a>receive_file_callback</STRONG> (Thumb, 6 bytes, Stack size 0 bytes, main.o(i.receive_file_callback))
<BR><BR>[Called By]<UL><LI><a href="#[8d]">&gt;&gt;</a>&nbsp;&nbsp;&nbsp;xmodem_receive
</UL>

<P><STRONG><a name="[90]"></a>receive_file_data_callback</STRONG> (Thumb, 112 bytes, Stack size 16 bytes, main.o(i.receive_file_data_callback))
<BR><BR>[Stack]<UL><LI>Max Depth = 116<LI>Call Chain = receive_file_data_callback &rArr; x_receive_flash_erasure &rArr; erasure_sector &rArr; GetPage
</UL>
<BR>[Calls]<UL><LI><a href="#[92]">&gt;&gt;</a>&nbsp;&nbsp;&nbsp;x_receive_flash_writea
<LI><a href="#[91]">&gt;&gt;</a>&nbsp;&nbsp;&nbsp;x_receive_flash_erasure
</UL>
<BR>[Called By]<UL><LI><a href="#[96]">&gt;&gt;</a>&nbsp;&nbsp;&nbsp;xmodem_handle_packet
</UL>

<P><STRONG><a name="[91]"></a>x_receive_flash_erasure</STRONG> (Thumb, 50 bytes, Stack size 32 bytes, main.o(i.x_receive_flash_erasure))
<BR><BR>[Stack]<UL><LI>Max Depth = 100<LI>Call Chain = x_receive_flash_erasure &rArr; erasure_sector &rArr; GetPage
</UL>
<BR>[Calls]<UL><LI><a href="#[81]">&gt;&gt;</a>&nbsp;&nbsp;&nbsp;erasure_sector
<LI><a href="#[82]">&gt;&gt;</a>&nbsp;&nbsp;&nbsp;GetPage
</UL>
<BR>[Called By]<UL><LI><a href="#[90]">&gt;&gt;</a>&nbsp;&nbsp;&nbsp;receive_file_data_callback
</UL>

<P><STRONG><a name="[92]"></a>x_receive_flash_writea</STRONG> (Thumb, 30 bytes, Stack size 16 bytes, main.o(i.x_receive_flash_writea))
<BR><BR>[Stack]<UL><LI>Max Depth = 72<LI>Call Chain = x_receive_flash_writea &rArr; flash_write_data &rArr; __2printf
</UL>
<BR>[Calls]<UL><LI><a href="#[83]">&gt;&gt;</a>&nbsp;&nbsp;&nbsp;flash_write_data
</UL>
<BR>[Called By]<UL><LI><a href="#[90]">&gt;&gt;</a>&nbsp;&nbsp;&nbsp;receive_file_data_callback
</UL>

<P><STRONG><a name="[93]"></a>x_transmit_ch</STRONG> (Thumb, 30 bytes, Stack size 8 bytes, xmodem.o(i.x_transmit_ch))
<BR><BR>[Stack]<UL><LI>Max Depth = 8<LI>Call Chain = x_transmit_ch
</UL>
<BR>[Calls]<UL><LI><a href="#[85]">&gt;&gt;</a>&nbsp;&nbsp;&nbsp;UART_SendData
<LI><a href="#[86]">&gt;&gt;</a>&nbsp;&nbsp;&nbsp;UART_GetFlagStatus
</UL>
<BR>[Called By]<UL><LI><a href="#[8d]">&gt;&gt;</a>&nbsp;&nbsp;&nbsp;xmodem_receive
<LI><a href="#[95]">&gt;&gt;</a>&nbsp;&nbsp;&nbsp;xmodem_error_handler
</UL>

<P><STRONG><a name="[78]"></a>xmodem_data_recv</STRONG> (Thumb, 54 bytes, Stack size 16 bytes, xmodem.o(i.xmodem_data_recv))
<BR><BR>[Stack]<UL><LI>Max Depth = 16<LI>Call Chain = xmodem_data_recv
</UL>
<BR>[Calls]<UL><LI><a href="#[94]">&gt;&gt;</a>&nbsp;&nbsp;&nbsp;__aeabi_memcpy
</UL>
<BR>[Called By]<UL><LI><a href="#[22]">&gt;&gt;</a>&nbsp;&nbsp;&nbsp;UART2_IRQHandler
</UL>

<P><STRONG><a name="[8d]"></a>xmodem_receive</STRONG> (Thumb, 274 bytes, Stack size 24 bytes, xmodem.o(i.xmodem_receive))
<BR><BR>[Stack]<UL><LI>Max Depth = 1204<LI>Call Chain = xmodem_receive &rArr; xmodem_handle_packet &rArr; receive_file_data_callback &rArr; x_receive_flash_erasure &rArr; erasure_sector &rArr; GetPage
</UL>
<BR>[Calls]<UL><LI><a href="#[98]">&gt;&gt;</a>&nbsp;&nbsp;&nbsp;receive_file_callback
<LI><a href="#[93]">&gt;&gt;</a>&nbsp;&nbsp;&nbsp;x_transmit_ch
<LI><a href="#[96]">&gt;&gt;</a>&nbsp;&nbsp;&nbsp;xmodem_handle_packet
<LI><a href="#[95]">&gt;&gt;</a>&nbsp;&nbsp;&nbsp;xmodem_error_handler
<LI><a href="#[87]">&gt;&gt;</a>&nbsp;&nbsp;&nbsp;get_receive_data
<LI><a href="#[84]">&gt;&gt;</a>&nbsp;&nbsp;&nbsp;__2printf
</UL>
<BR>[Called By]<UL><LI><a href="#[25]">&gt;&gt;</a>&nbsp;&nbsp;&nbsp;main
</UL>
<P>
<H3>
Local Symbols
</H3>
<P><STRONG><a name="[44]"></a>FLASH_Write</STRONG> (Thumb, 66 bytes, Stack size 32 bytes, main.o(i.FLASH_Write))
<BR><BR>[Stack]<UL><LI>Max Depth = 52<LI>Call Chain = FLASH_Write &rArr; FLASH_ProgramHalfWord &rArr; FLASH_WaitForLastOperation
</UL>
<BR>[Calls]<UL><LI><a href="#[45]">&gt;&gt;</a>&nbsp;&nbsp;&nbsp;FLASH_Unlock
<LI><a href="#[42]">&gt;&gt;</a>&nbsp;&nbsp;&nbsp;FLASH_ProgramHalfWord
<LI><a href="#[47]">&gt;&gt;</a>&nbsp;&nbsp;&nbsp;FLASH_Lock
<LI><a href="#[46]">&gt;&gt;</a>&nbsp;&nbsp;&nbsp;FLASH_ClearFlag
</UL>
<BR>[Called By]<UL><LI><a href="#[25]">&gt;&gt;</a>&nbsp;&nbsp;&nbsp;main
</UL>

<P><STRONG><a name="[6b]"></a>TimingDelayDecrement</STRONG> (Thumb, 20 bytes, Stack size 0 bytes, delay.o(i.TimingDelayDecrement))
<BR><BR>[Called By]<UL><LI><a href="#[5]">&gt;&gt;</a>&nbsp;&nbsp;&nbsp;SysTick_Handler
</UL>

<P><STRONG><a name="[3f]"></a>__NVIC_SetPriority</STRONG> (Thumb, 110 bytes, Stack size 8 bytes, delay.o(i.__NVIC_SetPriority))
<BR><BR>[Stack]<UL><LI>Max Depth = 8<LI>Call Chain = __NVIC_SetPriority
</UL>
<BR>[Called By]<UL><LI><a href="#[3e]">&gt;&gt;</a>&nbsp;&nbsp;&nbsp;DELAY_Init
</UL>

<P><STRONG><a name="[87]"></a>get_receive_data</STRONG> (Thumb, 110 bytes, Stack size 32 bytes, xmodem.o(i.get_receive_data))
<BR><BR>[Stack]<UL><LI>Max Depth = 56<LI>Call Chain = get_receive_data &rArr; __2printf
</UL>
<BR>[Calls]<UL><LI><a href="#[89]">&gt;&gt;</a>&nbsp;&nbsp;&nbsp;reset_recv_len
<LI><a href="#[88]">&gt;&gt;</a>&nbsp;&nbsp;&nbsp;get_recv_len
<LI><a href="#[84]">&gt;&gt;</a>&nbsp;&nbsp;&nbsp;__2printf
</UL>
<BR>[Called By]<UL><LI><a href="#[8d]">&gt;&gt;</a>&nbsp;&nbsp;&nbsp;xmodem_receive
</UL>

<P><STRONG><a name="[88]"></a>get_recv_len</STRONG> (Thumb, 6 bytes, Stack size 0 bytes, xmodem.o(i.get_recv_len))
<BR><BR>[Called By]<UL><LI><a href="#[87]">&gt;&gt;</a>&nbsp;&nbsp;&nbsp;get_receive_data
</UL>

<P><STRONG><a name="[89]"></a>reset_recv_len</STRONG> (Thumb, 8 bytes, Stack size 0 bytes, xmodem.o(i.reset_recv_len))
<BR><BR>[Called By]<UL><LI><a href="#[87]">&gt;&gt;</a>&nbsp;&nbsp;&nbsp;get_receive_data
</UL>

<P><STRONG><a name="[97]"></a>xmodem_calc_crc</STRONG> (Thumb, 62 bytes, Stack size 12 bytes, xmodem.o(i.xmodem_calc_crc))
<BR><BR>[Stack]<UL><LI>Max Depth = 12<LI>Call Chain = xmodem_calc_crc
</UL>
<BR>[Called By]<UL><LI><a href="#[96]">&gt;&gt;</a>&nbsp;&nbsp;&nbsp;xmodem_handle_packet
</UL>

<P><STRONG><a name="[95]"></a>xmodem_error_handler</STRONG> (Thumb, 48 bytes, Stack size 16 bytes, xmodem.o(i.xmodem_error_handler))
<BR><BR>[Stack]<UL><LI>Max Depth = 24<LI>Call Chain = xmodem_error_handler &rArr; x_transmit_ch
</UL>
<BR>[Calls]<UL><LI><a href="#[93]">&gt;&gt;</a>&nbsp;&nbsp;&nbsp;x_transmit_ch
</UL>
<BR>[Called By]<UL><LI><a href="#[8d]">&gt;&gt;</a>&nbsp;&nbsp;&nbsp;xmodem_receive
</UL>

<P><STRONG><a name="[96]"></a>xmodem_handle_packet</STRONG> (Thumb, 198 bytes, Stack size 1064 bytes, xmodem.o(i.xmodem_handle_packet))
<BR><BR>[Stack]<UL><LI>Max Depth = 1180<LI>Call Chain = xmodem_handle_packet &rArr; receive_file_data_callback &rArr; x_receive_flash_erasure &rArr; erasure_sector &rArr; GetPage
</UL>
<BR>[Calls]<UL><LI><a href="#[90]">&gt;&gt;</a>&nbsp;&nbsp;&nbsp;receive_file_data_callback
<LI><a href="#[97]">&gt;&gt;</a>&nbsp;&nbsp;&nbsp;xmodem_calc_crc
<LI><a href="#[94]">&gt;&gt;</a>&nbsp;&nbsp;&nbsp;__aeabi_memcpy
</UL>
<BR>[Called By]<UL><LI><a href="#[8d]">&gt;&gt;</a>&nbsp;&nbsp;&nbsp;xmodem_receive
</UL>

<P><STRONG><a name="[68]"></a>SetSysClock</STRONG> (Thumb, 8 bytes, Stack size 8 bytes, system_mm32spin0280.o(i.SetSysClock))
<BR><BR>[Stack]<UL><LI>Max Depth = 100<LI>Call Chain = SetSysClock &rArr; SetSysClockWithHsiPLL &rArr; AutoCalPllFactor &rArr; __aeabi_uidivmod
</UL>
<BR>[Calls]<UL><LI><a href="#[69]">&gt;&gt;</a>&nbsp;&nbsp;&nbsp;SetSysClockWithHsiPLL
</UL>
<BR>[Called By]<UL><LI><a href="#[26]">&gt;&gt;</a>&nbsp;&nbsp;&nbsp;SystemInit
</UL>

<P><STRONG><a name="[6c]"></a>SetSysClockToDefaultHSI</STRONG> (Thumb, 102 bytes, Stack size 0 bytes, system_mm32spin0280.o(i.SetSysClockToDefaultHSI))
<BR><BR>[Called By]<UL><LI><a href="#[26]">&gt;&gt;</a>&nbsp;&nbsp;&nbsp;SystemInit
</UL>

<P><STRONG><a name="[69]"></a>SetSysClockWithHsiPLL</STRONG> (Thumb, 440 bytes, Stack size 32 bytes, system_mm32spin0280.o(i.SetSysClockWithHsiPLL))
<BR><BR>[Stack]<UL><LI>Max Depth = 92<LI>Call Chain = SetSysClockWithHsiPLL &rArr; AutoCalPllFactor &rArr; __aeabi_uidivmod
</UL>
<BR>[Calls]<UL><LI><a href="#[3d]">&gt;&gt;</a>&nbsp;&nbsp;&nbsp;AutoCalPllFactor
<LI><a href="#[6a]">&gt;&gt;</a>&nbsp;&nbsp;&nbsp;delay_x_cycle
</UL>
<BR>[Called By]<UL><LI><a href="#[68]">&gt;&gt;</a>&nbsp;&nbsp;&nbsp;SetSysClock
</UL>

<P><STRONG><a name="[6a]"></a>delay_x_cycle</STRONG> (Thumb, 54 bytes, Stack size 16 bytes, system_mm32spin0280.o(i.delay_x_cycle))
<BR><BR>[Stack]<UL><LI>Max Depth = 16<LI>Call Chain = delay_x_cycle
</UL>
<BR>[Called By]<UL><LI><a href="#[69]">&gt;&gt;</a>&nbsp;&nbsp;&nbsp;SetSysClockWithHsiPLL
</UL>

<P><STRONG><a name="[7d]"></a>_fp_digits</STRONG> (Thumb, 344 bytes, Stack size 64 bytes, printfa.o(i._fp_digits), UNUSED)
<BR><BR>[Calls]<UL><LI><a href="#[2f]">&gt;&gt;</a>&nbsp;&nbsp;&nbsp;__aeabi_ddiv
<LI><a href="#[31]">&gt;&gt;</a>&nbsp;&nbsp;&nbsp;__aeabi_uldivmod
<LI><a href="#[3a]">&gt;&gt;</a>&nbsp;&nbsp;&nbsp;__aeabi_dmul
<LI><a href="#[36]">&gt;&gt;</a>&nbsp;&nbsp;&nbsp;__aeabi_dadd
<LI><a href="#[3b]">&gt;&gt;</a>&nbsp;&nbsp;&nbsp;__aeabi_d2ulz
<LI><a href="#[7e]">&gt;&gt;</a>&nbsp;&nbsp;&nbsp;__aeabi_cdrcmple
</UL>
<BR>[Called By]<UL><LI><a href="#[7c]">&gt;&gt;</a>&nbsp;&nbsp;&nbsp;_printf_core
</UL>

<P><STRONG><a name="[7c]"></a>_printf_core</STRONG> (Thumb, 1760 bytes, Stack size 128 bytes, printfa.o(i._printf_core), UNUSED)
<BR><BR>[Calls]<UL><LI><a href="#[31]">&gt;&gt;</a>&nbsp;&nbsp;&nbsp;__aeabi_uldivmod
<LI><a href="#[7f]">&gt;&gt;</a>&nbsp;&nbsp;&nbsp;_printf_pre_padding
<LI><a href="#[80]">&gt;&gt;</a>&nbsp;&nbsp;&nbsp;_printf_post_padding
<LI><a href="#[7d]">&gt;&gt;</a>&nbsp;&nbsp;&nbsp;_fp_digits
<LI><a href="#[2e]">&gt;&gt;</a>&nbsp;&nbsp;&nbsp;__aeabi_uidivmod
</UL>
<BR>[Called By]<UL><LI><a href="#[7b]">&gt;&gt;</a>&nbsp;&nbsp;&nbsp;__0printf
</UL>

<P><STRONG><a name="[80]"></a>_printf_post_padding</STRONG> (Thumb, 32 bytes, Stack size 24 bytes, printfa.o(i._printf_post_padding), UNUSED)
<BR><BR>[Called By]<UL><LI><a href="#[7c]">&gt;&gt;</a>&nbsp;&nbsp;&nbsp;_printf_core
</UL>

<P><STRONG><a name="[7f]"></a>_printf_pre_padding</STRONG> (Thumb, 44 bytes, Stack size 40 bytes, printfa.o(i._printf_pre_padding), UNUSED)
<BR><BR>[Called By]<UL><LI><a href="#[7c]">&gt;&gt;</a>&nbsp;&nbsp;&nbsp;_printf_core
</UL>
<P>
<H3>
Undefined Global Symbols
</H3>
<P><STRONG><a name="[2c]"></a>__arm_fini_</STRONG> (Unknown, 0 bytes, Stack size 0 bytes, UNDEFINED)
<BR><BR>[Called By]<UL><LI><a href="#[2b]">&gt;&gt;</a>&nbsp;&nbsp;&nbsp;__rt_lib_shutdown_fini
</UL>
<HR></body></html>
