Component: ARM Compiler 5.06 update 7 (build 960) Tool: armlink [4d3601]

==============================================================================

Section Cross References

    main.o(i.FLASH_Write) refers to hal_flash.o(i.FLASH_Unlock) for FLASH_Unlock
    main.o(i.FLASH_Write) refers to hal_flash.o(i.FLASH_ClearFlag) for FLASH_ClearFlag
    main.o(i.FLASH_Write) refers to hal_flash.o(i.FLASH_ProgramHalfWord) for FLASH_ProgramHalfWord
    main.o(i.FLASH_Write) refers to hal_flash.o(i.FLASH_Lock) for FLASH_Lock
    main.o(i.Reset_Periph) refers to hal_uart.o(i.UART_DeInit) for UART_DeInit
    main.o(i.Reset_Periph) refers to main.o(i.__NVIC_DisableIRQ) for __NVIC_DisableIRQ
    main.o(i.main) refers to main.o(i.setNVIC) for setNVIC
    main.o(i.main) refers to delay.o(i.DELAY_Init) for DELAY_Init
    main.o(i.main) refers to platform.o(i.PLATFORM_Init) for PLATFORM_Init
    main.o(i.main) refers to uart_interrupt.o(i.UART_Configure) for UART_Configure
    main.o(i.main) refers to hal_flash.o(i.FLASH_Unlock) for FLASH_Unlock
    main.o(i.main) refers to hal_flash.o(i.FLASH_ClearFlag) for FLASH_ClearFlag
    main.o(i.main) refers to hal_flash.o(i.FLASH_ErasePage) for FLASH_ErasePage
    main.o(i.main) refers to hal_flash.o(i.FLASH_Lock) for FLASH_Lock
    main.o(i.main) refers to main.o(i.FLASH_Write) for FLASH_Write
    main.o(i.main) refers to main.o(i.Reset_Periph) for Reset_Periph
    main.o(i.main) refers to main.o(i.Reset_MCU) for Reset_MCU
    main.o(i.main) refers to gpio_led_toggle.o(i.GPIO_LED_Toggle_Sample) for GPIO_LED_Toggle_Sample
    main.o(i.main) refers to main.o(.data) for Need_Jump_Flag
    main.o(i.setNVIC) refers to hal_rcc.o(i.RCC_APB2PeriphClockCmd) for RCC_APB2PeriphClockCmd
    main.o(i.setNVIC) refers to hal_exti.o(i.EXTI_MemoryRemapConfig) for EXTI_MemoryRemapConfig
    main.o(i.setNVIC) refers to main.o(.ARM.__AT_0x20000000) for VectorTable
    sys.o(i.SYSCLK_Init) refers to memcpya.o(.text) for __aeabi_memcpy4
    sys.o(i.SYSCLK_Init) refers to sys.o(i.DELAY_xUs) for DELAY_xUs
    sys.o(i.SYSCLK_Init) refers to sys.o(i.exRCC_ClkPrescaler_Init) for exRCC_ClkPrescaler_Init
    sys.o(i.SYSCLK_Init) refers to uidiv.o(.text) for __aeabi_uidivmod
    sys.o(i.SYSCLK_Init) refers to sys.o(.constdata) for .constdata
    sys.o(i.SYSCLK_Init) refers to sys.o(.data) for gSystemClockValue
    sys.o(i.SystemReInit) refers to sys.o(i.RCC_SetDefault) for RCC_SetDefault
    sys.o(i.SystemReInit) refers to sys.o(i.SYSCLK_Init) for SYSCLK_Init
    sys.o(i.exRCC_ClkPrescaler_Init) refers to sys.o(.constdata) for cRCC_ClockPrescalerTable
    delay.o(i.DELAY_Init) refers to uidiv.o(.text) for __aeabi_uidivmod
    delay.o(i.DELAY_Init) refers to delay.o(i.__NVIC_SetPriority) for __NVIC_SetPriority
    delay.o(i.DELAY_Init) refers to system_mm32spin0280.o(.data) for SystemCoreClock
    delay.o(i.DELAY_Ms) refers to delay.o(.data) for sTimingDelay
    delay.o(i.SysTick_Handler) refers to delay.o(i.TimingDelayDecrement) for TimingDelayDecrement
    delay.o(i.TimingDelayDecrement) refers to delay.o(.data) for sTimingDelay
    uart_interrupt.o(i.UART_Configure) refers to hal_rcc.o(i.RCC_APB1PeriphClockCmd) for RCC_APB1PeriphClockCmd
    uart_interrupt.o(i.UART_Configure) refers to hal_uart.o(i.UART_StructInit) for UART_StructInit
    uart_interrupt.o(i.UART_Configure) refers to hal_uart.o(i.UART_Init) for UART_Init
    uart_interrupt.o(i.UART_Configure) refers to hal_uart.o(i.UART_ITConfig) for UART_ITConfig
    uart_interrupt.o(i.UART_Configure) refers to hal_rcc.o(i.RCC_AHBPeriphClockCmd) for RCC_AHBPeriphClockCmd
    uart_interrupt.o(i.UART_Configure) refers to hal_gpio.o(i.GPIO_PinAFConfig) for GPIO_PinAFConfig
    uart_interrupt.o(i.UART_Configure) refers to hal_gpio.o(i.GPIO_StructInit) for GPIO_StructInit
    uart_interrupt.o(i.UART_Configure) refers to hal_gpio.o(i.GPIO_Init) for GPIO_Init
    uart_interrupt.o(i.UART_Configure) refers to hal_misc.o(i.NVIC_Init) for NVIC_Init
    uart_interrupt.o(i.UART_Configure) refers to hal_uart.o(i.UART_Cmd) for UART_Cmd
    gpio_led_toggle.o(i.GPIO_Configure) refers to hal_rcc.o(i.RCC_AHBPeriphClockCmd) for RCC_AHBPeriphClockCmd
    gpio_led_toggle.o(i.GPIO_Configure) refers to hal_gpio.o(i.GPIO_StructInit) for GPIO_StructInit
    gpio_led_toggle.o(i.GPIO_Configure) refers to hal_gpio.o(i.GPIO_Init) for GPIO_Init
    gpio_led_toggle.o(i.GPIO_Configure) refers to hal_gpio.o(i.GPIO_WriteBit) for GPIO_WriteBit
    gpio_led_toggle.o(i.GPIO_IO_Toggle) refers to hal_gpio.o(i.GPIO_ReadOutputDataBit) for GPIO_ReadOutputDataBit
    gpio_led_toggle.o(i.GPIO_IO_Toggle) refers to hal_gpio.o(i.GPIO_SetBits) for GPIO_SetBits
    gpio_led_toggle.o(i.GPIO_IO_Toggle) refers to hal_gpio.o(i.GPIO_ResetBits) for GPIO_ResetBits
    gpio_led_toggle.o(i.GPIO_LED_Toggle_Sample) refers to hal_gpio.o(i.GPIO_SetBits) for GPIO_SetBits
    gpio_led_toggle.o(i.GPIO_LED_Toggle_Sample) refers to hal_gpio.o(i.GPIO_ResetBits) for GPIO_ResetBits
[...]
    printfa.o(i._printf_core) refers (Special) to iusefp.o(.text) for __I$use$fp
    printfa.o(i._printf_core) refers to printfa.o(i._printf_pre_padding) for _printf_pre_padding
    printfa.o(i._printf_core) refers to uldiv.o(.text) for __aeabi_uldivmod
    printfa.o(i._printf_core) refers to printfa.o(i._printf_post_padding) for _printf_post_padding
    printfa.o(i._printf_core) refers to printfa.o(i._fp_digits) for _fp_digits
    printfa.o(i._printf_core) refers to uidiv.o(.text) for __aeabi_uidivmod
    printfa.o(i._printf_post_padding) refers (Special) to iusefp.o(.text) for __I$use$fp
    printfa.o(i._printf_pre_padding) refers (Special) to iusefp.o(.text) for __I$use$fp
    printfa.o(i._snputc) refers (Special) to iusefp.o(.text) for __I$use$fp
    printfa.o(i._sputc) refers (Special) to iusefp.o(.text) for __I$use$fp
    ddiv.o(.text) refers (Special) to iusefp.o(.text) for __I$use$fp
    ddiv.o(.text) refers to depilogue.o(.text) for _double_round
    dfltui.o(.text) refers (Special) to iusefp.o(.text) for __I$use$fp
    dfltui.o(.text) refers to depilogue.o(.text) for _double_epilogue
    entry2.o(.ARM.Collect$$$$00000001) refers to entry2.o(.ARM.Collect$$$$00002712) for __lit__00000000
    entry2.o(.ARM.Collect$$$$00002712) refers to startup_mm32spin0280_keil.o(STACK) for __initial_sp
    entry2.o(__vectab_stack_and_reset_area) refers to startup_mm32spin0280_keil.o(STACK) for __initial_sp
    entry2.o(__vectab_stack_and_reset_area) refers to entry.o(.ARM.Collect$$$$00000000) for __main
    entry5.o(.ARM.Collect$$$$00000004) refers to init.o(.text) for __scatterload
    entry9a.o(.ARM.Collect$$$$0000000B) refers to main.o(i.main) for main
    entry9b.o(.ARM.Collect$$$$0000000C) refers to main.o(i.main) for main
    uldiv.o(.text) refers to llushr.o(.text) for __aeabi_llsr
    uldiv.o(.text) refers to llshl.o(.text) for __aeabi_llsl
    depilogue.o(.text) refers to depilogue.o(i.__ARM_clz) for __ARM_clz
    depilogue.o(.text) refers to llshl.o(.text) for __aeabi_llsl
    depilogue.o(.text) refers to llushr.o(.text) for __aeabi_llsr
    dadd.o(.text) refers to llshl.o(.text) for __aeabi_llsl
    dadd.o(.text) refers to llsshr.o(.text) for __aeabi_lasr
    dadd.o(.text) refers to depilogue.o(.text) for _double_epilogue
    dmul.o(.text) refers to depilogue.o(.text) for _double_epilogue
    dfixul.o(.text) refers to llushr.o(.text) for __aeabi_llsr
    dfixul.o(.text) refers to llshl.o(.text) for __aeabi_llsl
    init.o(.text) refers to entry5.o(.ARM.Collect$$$$00000004) for __main_after_scatterload


==============================================================================

Removing Unused input sections from the image.

    Removing main.o(.rev16_text), (4 bytes).
    Removing main.o(.revsh_text), (4 bytes).
    Removing sys.o(.rev16_text), (4 bytes).
    Removing sys.o(.revsh_text), (4 bytes).
    Removing sys.o(i.DELAY_xUs), (68 bytes).
    Removing sys.o(i.RCC_SetDefault), (84 bytes).
    Removing sys.o(i.SYSCLK_Init), (764 bytes).
    Removing sys.o(i.SystemReInit), (16 bytes).
    Removing sys.o(i.exRCC_ClkPrescaler_Init), (72 bytes).
    Removing sys.o(.constdata), (117 bytes).
    Removing sys.o(.data), (4 bytes).
    Removing delay.o(.rev16_text), (4 bytes).
    Removing delay.o(.revsh_text), (4 bytes).
    Removing uart_interrupt.o(.rev16_text), (4 bytes).
    Removing uart_interrupt.o(.revsh_text), (4 bytes).
    Removing gpio_led_toggle.o(.rev16_text), (4 bytes).
    Removing gpio_led_toggle.o(.revsh_text), (4 bytes).
    Removing gpio_led_toggle.o(i.GPIO_Configure), (108 bytes).
    Removing gpio_led_toggle.o(i.GPIO_IO_Toggle), (38 bytes).
    Removing mm32spin0280_it.o(.rev16_text), (4 bytes).
    Removing mm32spin0280_it.o(.revsh_text), (4 bytes).
    Removing platform.o(.rev16_text), (4 bytes).
    Removing platform.o(.revsh_text), (4 bytes).
    Removing platform.o(i.PLATFORM_DelayMS), (20 bytes).
    Removing platform.o(i.PLATFORM_InitDelay), (84 bytes).
    Removing platform.o(i.PLATFORM_LED_Toggle), (144 bytes).
    Removing platform.o(i.__NVIC_SetPriority), (120 bytes).
    Removing platform.o(.data), (4 bytes).
    Removing hal_adc.o(.rev16_text), (4 bytes).
    Removing hal_adc.o(.revsh_text), (4 bytes).
    Removing hal_adc.o(i.ADC_ANY_CH_Config), (70 bytes).
    Removing hal_adc.o(i.ADC_ANY_Cmd), (24 bytes).
    Removing hal_adc.o(i.ADC_ANY_NUM_Config), (10 bytes).
    Removing hal_adc.o(i.ADC_AnalogWatchdogCmd), (24 bytes).
    Removing hal_adc.o(i.ADC_AnalogWatchdogSingleChannelConfig), (20 bytes).
    Removing hal_adc.o(i.ADC_AnalogWatchdogThresholdsConfig), (12 bytes).
    Removing hal_adc.o(i.ADC_AnychanChannelConfig), (144 bytes).
    Removing hal_adc.o(i.ADC_AutoInjectedConvCmd), (24 bytes).
    Removing hal_adc.o(i.ADC_Calibration), (40 bytes).
    Removing hal_adc.o(i.ADC_ChannelSampleConfig), (58 bytes).
    Removing hal_adc.o(i.ADC_ClearFlag), (78 bytes).
    Removing hal_adc.o(i.ADC_ClearITPendingBit), (78 bytes).
    Removing hal_adc.o(i.ADC_Cmd), (24 bytes).
    Removing hal_adc.o(i.ADC_DMACmd), (24 bytes).
    Removing hal_adc.o(i.ADC_DeInit), (52 bytes).
    Removing hal_adc.o(i.ADC_ExternalTrigConvCmd), (24 bytes).
    Removing hal_adc.o(i.ADC_ExternalTrigConvConfig), (20 bytes).
    Removing hal_adc.o(i.ADC_ExternalTrigInjectedConvCmd), (24 bytes).
    Removing hal_adc.o(i.ADC_ExternalTrigInjectedConvertConfig), (28 bytes).
    Removing hal_adc.o(i.ADC_GetChannelConvertedValue), (14 bytes).
    Removing hal_adc.o(i.ADC_GetConversionValue), (8 bytes).
    Removing hal_adc.o(i.ADC_GetFlagStatus), (184 bytes).
    Removing hal_adc.o(i.ADC_GetITStatus), (184 bytes).
    Removing hal_adc.o(i.ADC_GetInjectedConversionValue), (20 bytes).
    Removing hal_adc.o(i.ADC_GetInjectedCurrentConvertedValue), (10 bytes).
    Removing hal_adc.o(i.ADC_GetSoftwareStartConvStatus), (14 bytes).
    Removing hal_adc.o(i.ADC_ITConfig), (204 bytes).
    Removing hal_adc.o(i.ADC_Init), (56 bytes).
    Removing hal_adc.o(i.ADC_InjectedConvCmd), (24 bytes).
    Removing hal_adc.o(i.ADC_InjectedSequencerChannelConfig), (42 bytes).
    Removing hal_adc.o(i.ADC_InjectedSequencerConfig), (44 bytes).
    Removing hal_adc.o(i.ADC_InjectedSequencerLengthConfig), (28 bytes).
    Removing hal_adc.o(i.ADC_RegularChannelConfig), (140 bytes).
    Removing hal_adc.o(i.ADC_SetInjectedOffset), (8 bytes).
    Removing hal_adc.o(i.ADC_SoftwareStartConvCmd), (28 bytes).
    Removing hal_adc.o(i.ADC_SoftwareStartInjectedConvCmd), (24 bytes).
    Removing hal_adc.o(i.ADC_StructInit), (16 bytes).
    Removing hal_adc.o(i.ADC_TempSensorCmd), (12 bytes).
    Removing hal_adc.o(i.ADC_TempSensorVrefintCmd), (36 bytes).
    Removing hal_adc.o(i.ADC_VrefintCmd), (12 bytes).
    Removing hal_adc.o(i.exADC_TempSensorVrefintCmd), (88 bytes).
    Removing hal_bkp.o(.rev16_text), (4 bytes).
    Removing hal_bkp.o(.revsh_text), (4 bytes).
    Removing hal_bkp.o(i.BKP_ReadBackupRegister), (16 bytes).
    Removing hal_bkp.o(i.BKP_WriteBackupRegister), (12 bytes).
    Removing hal_bkp.o(i.exBKP_ImmRead), (44 bytes).
    Removing hal_bkp.o(i.exBKP_ImmWrite), (44 bytes).
    Removing hal_bkp.o(i.exBKP_Init), (40 bytes).
    Removing hal_comp.o(.rev16_text), (4 bytes).
    Removing hal_comp.o(.revsh_text), (4 bytes).
    Removing hal_comp.o(i.COMP_Cmd), (44 bytes).
    Removing hal_comp.o(i.COMP_DeInit), (16 bytes).
    Removing hal_comp.o(i.COMP_GetOutputLevel), (32 bytes).
    Removing hal_comp.o(i.COMP_Init), (44 bytes).
    Removing hal_comp.o(i.COMP_LockConfig), (24 bytes).
    Removing hal_comp.o(i.COMP_POLL_Init), (52 bytes).
    Removing hal_comp.o(i.COMP_SetCrv), (36 bytes).
    Removing hal_comp.o(i.COMP_StructInit), (30 bytes).
    Removing hal_comp.o(i.COMP_SwitchCmd), (44 bytes).
    Removing hal_comp.o(i.exCOMP_CrvCmd), (36 bytes).
    Removing hal_comp.o(i.exCOMP_CrvSrc), (16 bytes).
    Removing hal_comp.o(i.exCOMP_SwitchCrv), (16 bytes).
    Removing hal_crc.o(.rev16_text), (4 bytes).
    Removing hal_crc.o(.revsh_text), (4 bytes).
    Removing hal_crc.o(i.CRC_CalcBlockCRC), (36 bytes).
    Removing hal_crc.o(i.CRC_CalcCRC), (16 bytes).
    Removing hal_crc.o(i.CRC_GetCRC), (12 bytes).
    Removing hal_crc.o(i.CRC_GetIDRegister), (12 bytes).
    Removing hal_crc.o(i.CRC_ResetDR), (12 bytes).
    Removing hal_crc.o(i.CRC_RevData), (16 bytes).
    Removing hal_crc.o(i.CRC_SetIDRegister), (12 bytes).
    Removing hal_csm.o(.rev16_text), (4 bytes).
    Removing hal_csm.o(.revsh_text), (4 bytes).
    Removing hal_dac.o(.rev16_text), (4 bytes).
    Removing hal_dac.o(.revsh_text), (4 bytes).
    Removing hal_dac.o(i.DAC_Cmd), (40 bytes).
    Removing hal_dac.o(i.DAC_DMACmd), (44 bytes).
    Removing hal_dac.o(i.DAC_DeInit), (12 bytes).
    Removing hal_dac.o(i.DAC_DualSoftwareTriggerCmd), (36 bytes).
    Removing hal_dac.o(i.DAC_GetDataOutputValue), (20 bytes).
    Removing hal_dac.o(i.DAC_Init), (44 bytes).
    Removing hal_dac.o(i.DAC_SetChannel1Data), (12 bytes).
    Removing hal_dac.o(i.DAC_SetChannel2Data), (12 bytes).
    Removing hal_dac.o(i.DAC_SetDualChannelData), (32 bytes).
    Removing hal_dac.o(i.DAC_SoftwareTriggerCmd), (48 bytes).
    Removing hal_dac.o(i.DAC_StructInit), (10 bytes).
    Removing hal_dac.o(i.DAC_WaveGenerationCmd), (44 bytes).
    Removing hal_dbg.o(.rev16_text), (4 bytes).
    Removing hal_dbg.o(.revsh_text), (4 bytes).
    Removing hal_dbg.o(i.DBGMCU_Configure), (32 bytes).
    Removing hal_div.o(.rev16_text), (4 bytes).
    Removing hal_div.o(.revsh_text), (4 bytes).
    Removing hal_div.o(i.Divider_Calc), (16 bytes).
    Removing hal_div.o(i.HWDivider_Calc), (36 bytes).
    Removing hal_div.o(i.HWDivider_Init), (24 bytes).
    Removing hal_dma.o(.rev16_text), (4 bytes).
    Removing hal_dma.o(.revsh_text), (4 bytes).
    Removing hal_dma.o(i.DMA_ClearFlag), (12 bytes).
    Removing hal_dma.o(i.DMA_ClearITPendingBit), (12 bytes).
    Removing hal_dma.o(i.DMA_Cmd), (24 bytes).
    Removing hal_dma.o(i.DMA_DeInit), (56 bytes).
    Removing hal_dma.o(i.DMA_GetCurrDataCounter), (8 bytes).
    Removing hal_dma.o(i.DMA_GetFlagStatus), (24 bytes).
    Removing hal_dma.o(i.DMA_GetITStatus), (24 bytes).
    Removing hal_dma.o(i.DMA_ITConfig), (20 bytes).
    Removing hal_dma.o(i.DMA_Init), (76 bytes).
    Removing hal_dma.o(i.DMA_SetCurrDataCounter), (4 bytes).
    Removing hal_dma.o(i.DMA_StructInit), (28 bytes).
    Removing hal_dma.o(i.exDMA_ClearITPendingBit), (44 bytes).
    Removing hal_dma.o(i.exDMA_SetMemoryAddress), (4 bytes).
    Removing hal_dma.o(i.exDMA_SetPeripheralAddress), (4 bytes).
    Removing hal_dma.o(i.exDMA_SetTransmitLen), (4 bytes).
    Removing hal_exti.o(.rev16_text), (4 bytes).
    Removing hal_exti.o(.revsh_text), (4 bytes).
    Removing hal_exti.o(i.EXTI_ClearFlag), (12 bytes).
    Removing hal_exti.o(i.EXTI_ClearITPendingBit), (12 bytes).
    Removing hal_exti.o(i.EXTI_DMAChannelRemapConfig), (32 bytes).
    Removing hal_exti.o(i.EXTI_DeInit), (64 bytes).
    Removing hal_exti.o(i.EXTI_GenerateSWInterrupt), (16 bytes).
    Removing hal_exti.o(i.EXTI_GetFlagStatus), (24 bytes).
    Removing hal_exti.o(i.EXTI_GetITStatus), (36 bytes).
    Removing hal_exti.o(i.EXTI_Init), (192 bytes).
    Removing hal_exti.o(i.EXTI_LineConfig), (60 bytes).
    Removing hal_exti.o(i.EXTI_StructInit), (16 bytes).
    Removing hal_exti.o(i.exEXTI_GetAllFlagStatus), (12 bytes).
    Removing hal_exti.o(i.exEXTI_LineDisable), (40 bytes).
    Removing hal_flash.o(.rev16_text), (4 bytes).
    Removing hal_flash.o(.revsh_text), (4 bytes).
    Removing hal_flash.o(i.FLASH_EnableWriteProtection), (56 bytes).
    Removing hal_flash.o(i.FLASH_EraseAllPages), (40 bytes).
    Removing hal_flash.o(i.FLASH_EraseOptionBytes), (44 bytes).
    Removing hal_flash.o(i.FLASH_GetFlagStatus), (36 bytes).
    Removing hal_flash.o(i.FLASH_GetPrefetchBufferStatus), (16 bytes).
    Removing hal_flash.o(i.FLASH_GetUserOptionByte), (12 bytes).
    Removing hal_flash.o(i.FLASH_GetWriteProtectionOptionByte), (12 bytes).
    Removing hal_flash.o(i.FLASH_OPTB_Enable), (24 bytes).
    Removing hal_flash.o(i.FLASH_PrefetchBufferCmd), (28 bytes).
    Removing hal_flash.o(i.FLASH_ProgramOptionByteData), (76 bytes).
    Removing hal_flash.o(i.FLASH_ProgramOptionHalfWord), (40 bytes).
    Removing hal_flash.o(i.FLASH_ProgramWord), (34 bytes).
    Removing hal_flash.o(i.FLASH_SetLatency), (20 bytes).
    Removing hal_flash.o(i.FLASH_UserOptionByteConfig), (72 bytes).
    Removing hal_flash.o(i.exFLASH_EraseEE), (20 bytes).
    Removing hal_flash.o(i.exFLASH_FindEmpty), (44 bytes).
    Removing hal_flash.o(i.exFLASH_Locate), (70 bytes).
    Removing hal_flash.o(i.exFLASH_ProgramEE), (48 bytes).
    Removing hal_flash.o(i.exFLASH_ReadEE), (36 bytes).
    Removing hal_flash.o(i.exFLASH_WriteEE), (132 bytes).
    Removing hal_gpio.o(.rev16_text), (4 bytes).
    Removing hal_gpio.o(.revsh_text), (4 bytes).
    Removing hal_gpio.o(i.GPIO_AFIODeInit), (52 bytes).
    Removing hal_gpio.o(i.GPIO_DeInit), (86 bytes).
    Removing hal_gpio.o(i.GPIO_PinLock), (20 bytes).
    Removing hal_gpio.o(i.GPIO_PinLockConfig), (24 bytes).
    Removing hal_gpio.o(i.GPIO_ReadInputData), (8 bytes).
    Removing hal_gpio.o(i.GPIO_ReadInputDataBit), (18 bytes).
    Removing hal_gpio.o(i.GPIO_ReadOutputData), (8 bytes).
    Removing hal_gpio.o(i.GPIO_ReadOutputDataBit), (18 bytes).
    Removing hal_gpio.o(i.GPIO_Write), (4 bytes).
    Removing hal_gpio.o(i.exGPIO_PinAFConfig), (74 bytes).
    Removing hal_i2c.o(.rev16_text), (4 bytes).
    Removing hal_i2c.o(.revsh_text), (4 bytes).
    Removing hal_i2c.o(i.I2C_CheckEvent), (44 bytes).
    Removing hal_i2c.o(i.I2C_ClearFlag), (156 bytes).
    Removing hal_i2c.o(i.I2C_ClearITPendingBit), (126 bytes).
    Removing hal_i2c.o(i.I2C_Cmd), (24 bytes).
    Removing hal_i2c.o(i.I2C_DMACmd), (60 bytes).
    Removing hal_i2c.o(i.I2C_DMAConfigure), (10 bytes).
    Removing hal_i2c.o(i.I2C_DeInit), (24 bytes).
    Removing hal_i2c.o(i.I2C_DualAddressCmd), (32 bytes).
    Removing hal_i2c.o(i.I2C_GeneralCallCmd), (28 bytes).
    Removing hal_i2c.o(i.I2C_GenerateSTART), (24 bytes).
    Removing hal_i2c.o(i.I2C_GenerateSTOP), (48 bytes).
    Removing hal_i2c.o(i.I2C_GetFlagStatus), (72 bytes).
    Removing hal_i2c.o(i.I2C_GetITStatus), (18 bytes).
    Removing hal_i2c.o(i.I2C_GetLastEvent), (16 bytes).
    Removing hal_i2c.o(i.I2C_GetSlaveReceivedAddr), (8 bytes).
    Removing hal_i2c.o(i.I2C_ITConfig), (36 bytes).
    Removing hal_i2c.o(i.I2C_Init), (256 bytes).
    Removing hal_i2c.o(i.I2C_OwnAddress2Config), (14 bytes).
    Removing hal_i2c.o(i.I2C_ReadCmd), (8 bytes).
    Removing hal_i2c.o(i.I2C_ReadRegister), (6 bytes).
    Removing hal_i2c.o(i.I2C_ReceiveData), (20 bytes).
    Removing hal_i2c.o(i.I2C_Send7bitAddress), (6 bytes).
    Removing hal_i2c.o(i.I2C_SendData), (4 bytes).
    Removing hal_i2c.o(i.I2C_SendSlaveAddress), (6 bytes).
    Removing hal_i2c.o(i.I2C_SlaveConfigure), (24 bytes).
    Removing hal_i2c.o(i.I2C_SlaveReceivedAddressMask), (6 bytes).
    Removing hal_i2c.o(i.I2C_StructInit), (24 bytes).
    Removing hal_i2c.o(.data), (4 bytes).
    Removing hal_iwdg.o(.rev16_text), (4 bytes).
    Removing hal_iwdg.o(.revsh_text), (4 bytes).
    Removing hal_iwdg.o(i.IVU_CheckStatus), (16 bytes).
    Removing hal_iwdg.o(i.IWDG_ClearIT), (20 bytes).
    Removing hal_iwdg.o(i.IWDG_ClearITPendingBit), (20 bytes).
    Removing hal_iwdg.o(i.IWDG_Enable), (16 bytes).
    Removing hal_iwdg.o(i.IWDG_EnableIT), (20 bytes).
    Removing hal_iwdg.o(i.IWDG_GetCnt), (12 bytes).
    Removing hal_iwdg.o(i.IWDG_GetFlagStatus), (24 bytes).
    Removing hal_iwdg.o(i.IWDG_GetPS), (12 bytes).
    Removing hal_iwdg.o(i.IWDG_GetReload), (12 bytes).
    Removing hal_iwdg.o(i.IWDG_OverflowConfig), (28 bytes).
    Removing hal_iwdg.o(i.IWDG_ReloadCounter), (16 bytes).
    Removing hal_iwdg.o(i.IWDG_Reset), (20 bytes).
    Removing hal_iwdg.o(i.IWDG_SetIGen), (12 bytes).
    Removing hal_iwdg.o(i.IWDG_SetPrescaler), (20 bytes).
    Removing hal_iwdg.o(i.IWDG_SetReload), (20 bytes).
    Removing hal_iwdg.o(i.IWDG_WriteAccessCmd), (12 bytes).
    Removing hal_iwdg.o(i.PVU_CheckStatus), (16 bytes).
    Removing hal_iwdg.o(i.RVU_CheckStatus), (16 bytes).
    Removing hal_misc.o(.rev16_text), (4 bytes).
    Removing hal_misc.o(.revsh_text), (4 bytes).
    Removing hal_misc.o(i.NVIC_SystemLPConfig), (32 bytes).
    Removing hal_misc.o(i.SysTick_CLKSourceConfig), (36 bytes).
    Removing hal_misc.o(i.exNVIC_Init), (104 bytes).
    Removing hal_opamp.o(.rev16_text), (4 bytes).
    Removing hal_opamp.o(.revsh_text), (4 bytes).
    Removing hal_opamp.o(i.OPAMP_Cmd), (32 bytes).
    Removing hal_opamp.o(i.OPAMP_Configure), (32 bytes).
    Removing hal_pwr.o(.rev16_text), (4 bytes).
    Removing hal_pwr.o(.revsh_text), (4 bytes).
    Removing hal_pwr.o(i.PWR_BackupAccessCmd), (40 bytes).
    Removing hal_pwr.o(i.PWR_ClearFlag), (20 bytes).
    Removing hal_pwr.o(i.PWR_DeInit), (12 bytes).
    Removing hal_pwr.o(i.PWR_EnterSTANDBYMode), (416 bytes).
    Removing hal_pwr.o(i.PWR_EnterSTOPMode), (544 bytes).
    Removing hal_pwr.o(i.PWR_GetFlagStatus), (16 bytes).
    Removing hal_pwr.o(i.PWR_PVDCmd), (36 bytes).
    Removing hal_pwr.o(i.PWR_PVDLevelConfig), (24 bytes).
    Removing hal_pwr.o(i.PWR_WakeUpPinCmd), (40 bytes).
    Removing hal_pwr.o(i.PWR_WakeUpPinXCmd), (36 bytes).
    Removing hal_pwr.o(i.PWR_WakeUpPinXEdgeConfig), (148 bytes).
    Removing hal_rcc.o(.rev16_text), (4 bytes).
    Removing hal_rcc.o(.revsh_text), (4 bytes).
    Removing hal_rcc.o(i.RCC_ADCCLKConfig), (24 bytes).
    Removing hal_rcc.o(i.RCC_ADC_ClockCmd), (92 bytes).
    Removing hal_rcc.o(i.RCC_AHBPeriphReset), (24 bytes).
    Removing hal_rcc.o(i.RCC_AHBPeriphResetCmd), (32 bytes).
    Removing hal_rcc.o(i.RCC_APB1PeriphReset), (24 bytes).
    Removing hal_rcc.o(i.RCC_APB1PeriphResetCmd), (32 bytes).
    Removing hal_rcc.o(i.RCC_APB2PeriphReset), (24 bytes).
    Removing hal_rcc.o(i.RCC_APB2PeriphResetCmd), (32 bytes).
    Removing hal_rcc.o(i.RCC_BackupResetCmd), (24 bytes).
    Removing hal_rcc.o(i.RCC_COMP_ClockCmd), (52 bytes).
    Removing hal_rcc.o(i.RCC_CRC_ClockCmd), (48 bytes).
    Removing hal_rcc.o(i.RCC_ClearFlag), (20 bytes).
    Removing hal_rcc.o(i.RCC_ClearITPendingBit), (20 bytes).
    Removing hal_rcc.o(i.RCC_ClockSecuritySystemCmd), (24 bytes).
    Removing hal_rcc.o(i.RCC_DIV_ClockCmd), (52 bytes).
    Removing hal_rcc.o(i.RCC_DMA_ClockCmd), (48 bytes).
    Removing hal_rcc.o(i.RCC_DeInit), (72 bytes).
    Removing hal_rcc.o(i.RCC_GPIO_ClockCmd), (184 bytes).
    Removing hal_rcc.o(i.RCC_GetFlagStatus), (56 bytes).
    Removing hal_rcc.o(i.RCC_GetITStatus), (16 bytes).
    Removing hal_rcc.o(i.RCC_GetSYSCLKSource), (16 bytes).
    Removing hal_rcc.o(i.RCC_HCLKConfig), (20 bytes).
    Removing hal_rcc.o(i.RCC_HSEConfig), (76 bytes).
    Removing hal_rcc.o(i.RCC_HSICmd), (20 bytes).
    Removing hal_rcc.o(i.RCC_I2C_ClockCmd), (52 bytes).
    Removing hal_rcc.o(i.RCC_ITConfig), (36 bytes).
    Removing hal_rcc.o(i.RCC_LSICmd), (20 bytes).
    Removing hal_rcc.o(i.RCC_MCOConfig), (24 bytes).
    Removing hal_rcc.o(i.RCC_PCLK1Config), (24 bytes).
    Removing hal_rcc.o(i.RCC_PCLK2Config), (24 bytes).
    Removing hal_rcc.o(i.RCC_PLLCmd), (24 bytes).
    Removing hal_rcc.o(i.RCC_PLLConfig), (88 bytes).
    Removing hal_rcc.o(i.RCC_PLLDMDNConfig), (32 bytes).
    Removing hal_rcc.o(i.RCC_SPI_ClockCmd), (92 bytes).
    Removing hal_rcc.o(i.RCC_SYSCLKConfig), (20 bytes).
    Removing hal_rcc.o(i.RCC_UART_ClockCmd), (144 bytes).
    Removing hal_rcc.o(i.RCC_WaitForFlagStartUp), (38 bytes).
    Removing hal_rcc.o(i.RCC_WaitForHSEStartUp), (46 bytes).
    Removing hal_rcc.o(i.__NVIC_SetPriority), (120 bytes).
    Removing hal_rcc.o(i.exRCC_AHBPeriphReset), (24 bytes).
    Removing hal_rcc.o(i.exRCC_BackupReset), (2 bytes).
    Removing hal_rcc.o(i.exRCC_SystickDisable), (20 bytes).
    Removing hal_rcc.o(i.exRCC_SystickEnable), (72 bytes).
    Removing hal_spi.o(.rev16_text), (4 bytes).
    Removing hal_spi.o(.revsh_text), (4 bytes).
    Removing hal_spi.o(i.I2S_Cmd), (28 bytes).
    Removing hal_spi.o(i.I2S_Init), (380 bytes).
    Removing hal_spi.o(i.SPI_BiDirectionalLineConfig), (64 bytes).
    Removing hal_spi.o(i.SPI_CSInternalSelected), (24 bytes).
    Removing hal_spi.o(i.SPI_ClearITPendingBit), (4 bytes).
    Removing hal_spi.o(i.SPI_Cmd), (24 bytes).
    Removing hal_spi.o(i.SPI_DMACmd), (28 bytes).
    Removing hal_spi.o(i.SPI_DataSizeConfig), (20 bytes).
    Removing hal_spi.o(i.SPI_DataSizeTypeConfig), (18 bytes).
    Removing hal_spi.o(i.SPI_DeInit), (72 bytes).
    Removing hal_spi.o(i.SPI_FifoTrigger), (20 bytes).
    Removing hal_spi.o(i.SPI_GetFlagStatus), (18 bytes).
    Removing hal_spi.o(i.SPI_GetITStatus), (18 bytes).
    Removing hal_spi.o(i.SPI_ITConfig), (38 bytes).
    Removing hal_spi.o(i.SPI_Init), (144 bytes).
    Removing hal_spi.o(i.SPI_NSSInternalSoftwareConfig), (28 bytes).
    Removing hal_spi.o(i.SPI_ReceiveData), (50 bytes).
    Removing hal_spi.o(i.SPI_RxBytes), (4 bytes).
    Removing hal_spi.o(i.SPI_SendData), (42 bytes).
    Removing hal_spi.o(i.SPI_SlaveAdjust), (24 bytes).
    Removing hal_spi.o(i.SPI_StructInit), (32 bytes).
    Removing hal_spi.o(i.exSPI_CSInternalSelected), (24 bytes).
    Removing hal_spi.o(i.exSPI_DMACmd), (28 bytes).
    Removing hal_spi.o(i.exSPI_DataEdgeAdjust), (58 bytes).
    Removing hal_spi.o(i.exSPI_ITCmd), (24 bytes).
    Removing hal_spi.o(i.exSPI_ITConfig), (20 bytes).
    Removing hal_sqrt.o(.rev16_text), (4 bytes).
    Removing hal_sqrt.o(.revsh_text), (4 bytes).
    Removing hal_sqrt.o(i.HWRoot_Get), (12 bytes).
    Removing hal_sqrt.o(i.HWRoot_Set), (12 bytes).
    Removing hal_tim.o(.rev16_text), (4 bytes).
    Removing hal_tim.o(.revsh_text), (4 bytes).
    Removing hal_tim.o(i.TI1_Configure), (32 bytes).
    Removing hal_tim.o(i.TI2_Configure), (38 bytes).
    Removing hal_tim.o(i.TI3_Configure), (38 bytes).
    Removing hal_tim.o(i.TI4_Configure), (42 bytes).
    Removing hal_tim.o(i.TIM_ARRPreloadConfig), (24 bytes).
    Removing hal_tim.o(i.TIM_BDTRConfig), (30 bytes).
    Removing hal_tim.o(i.TIM_BDTRStructInit), (18 bytes).
    Removing hal_tim.o(i.TIM_BreakInputFilterConfigure), (12 bytes).
    Removing hal_tim.o(i.TIM_BreakInputFilter_Cmd), (24 bytes).
    Removing hal_tim.o(i.TIM_CCPreloadControl), (24 bytes).
    Removing hal_tim.o(i.TIM_CCxCmd), (20 bytes).
    Removing hal_tim.o(i.TIM_CCxNCmd), (24 bytes).
    Removing hal_tim.o(i.TIM_ClearFlag), (6 bytes).
    Removing hal_tim.o(i.TIM_ClearITPendingBit), (6 bytes).
    Removing hal_tim.o(i.TIM_ClearOC1Ref), (12 bytes).
    Removing hal_tim.o(i.TIM_ClearOC2Ref), (16 bytes).
    Removing hal_tim.o(i.TIM_ClearOC3Ref), (12 bytes).
    Removing hal_tim.o(i.TIM_ClearOC4Ref), (16 bytes).
    Removing hal_tim.o(i.TIM_Cmd), (24 bytes).
    Removing hal_tim.o(i.TIM_CounterModeConfig), (12 bytes).
    Removing hal_tim.o(i.TIM_CtrlPWMOutputs), (28 bytes).
    Removing hal_tim.o(i.TIM_DMACmd), (20 bytes).
    Removing hal_tim.o(i.TIM_DMAConfig), (8 bytes).
    Removing hal_tim.o(i.TIM_DeInit), (144 bytes).
    Removing hal_tim.o(i.TIM_DirectOutput), (28 bytes).
    Removing hal_tim.o(i.TIM_ETRClockMode1Config), (34 bytes).
    Removing hal_tim.o(i.TIM_ETRClockMode2Config), (34 bytes).
    Removing hal_tim.o(i.TIM_ETRConfig), (50 bytes).
    Removing hal_tim.o(i.TIM_EncoderInterfaceConfig), (44 bytes).
    Removing hal_tim.o(i.TIM_ForcedOC1Config), (12 bytes).
    Removing hal_tim.o(i.TIM_ForcedOC2Config), (16 bytes).
    Removing hal_tim.o(i.TIM_ForcedOC3Config), (12 bytes).
    Removing hal_tim.o(i.TIM_ForcedOC4Config), (16 bytes).
    Removing hal_tim.o(i.TIM_GenerateEvent), (4 bytes).
    Removing hal_tim.o(i.TIM_GetCapture1), (6 bytes).
    Removing hal_tim.o(i.TIM_GetCapture2), (6 bytes).
    Removing hal_tim.o(i.TIM_GetCapture3), (6 bytes).
    Removing hal_tim.o(i.TIM_GetCapture4), (6 bytes).
    Removing hal_tim.o(i.TIM_GetCapture5), (6 bytes).
    Removing hal_tim.o(i.TIM_GetCounter), (6 bytes).
    Removing hal_tim.o(i.TIM_GetFlagStatus), (18 bytes).
    Removing hal_tim.o(i.TIM_GetITStatus), (26 bytes).
    Removing hal_tim.o(i.TIM_GetPrescaler), (8 bytes).
    Removing hal_tim.o(i.TIM_ICInit), (120 bytes).
    Removing hal_tim.o(i.TIM_ICStructInit), (18 bytes).
    Removing hal_tim.o(i.TIM_ITConfig), (20 bytes).
    Removing hal_tim.o(i.TIM_ITRxExternalClockConfig), (24 bytes).
    Removing hal_tim.o(i.TIM_InternalClockConfig), (10 bytes).
    Removing hal_tim.o(i.TIM_OC1FastConfig), (12 bytes).
    Removing hal_tim.o(i.TIM_OC1Init), (108 bytes).
    Removing hal_tim.o(i.TIM_OC1NPolarityConfig), (12 bytes).
    Removing hal_tim.o(i.TIM_OC1PolarityConfig), (12 bytes).
    Removing hal_tim.o(i.TIM_OC1PreloadConfig), (12 bytes).
    Removing hal_tim.o(i.TIM_OC2FastConfig), (16 bytes).
    Removing hal_tim.o(i.TIM_OC2Init), (104 bytes).
    Removing hal_tim.o(i.TIM_OC2NPolarityConfig), (14 bytes).
    Removing hal_tim.o(i.TIM_OC2PolarityConfig), (14 bytes).
    Removing hal_tim.o(i.TIM_OC2PreloadConfig), (16 bytes).
    Removing hal_tim.o(i.TIM_OC3FastConfig), (12 bytes).
    Removing hal_tim.o(i.TIM_OC3Init), (104 bytes).
    Removing hal_tim.o(i.TIM_OC3NPolarityConfig), (16 bytes).
    Removing hal_tim.o(i.TIM_OC3PolarityConfig), (16 bytes).
    Removing hal_tim.o(i.TIM_OC3PreloadConfig), (12 bytes).
    Removing hal_tim.o(i.TIM_OC4FastConfig), (16 bytes).
    Removing hal_tim.o(i.TIM_OC4Init), (84 bytes).
    Removing hal_tim.o(i.TIM_OC4PolarityConfig), (16 bytes).
    Removing hal_tim.o(i.TIM_OC4PreloadConfig), (16 bytes).
    Removing hal_tim.o(i.TIM_OC5FastConfig), (12 bytes).
    Removing hal_tim.o(i.TIM_OC5Init), (18 bytes).
    Removing hal_tim.o(i.TIM_OC5PreloadConfig), (12 bytes).
    Removing hal_tim.o(i.TIM_OCStructInit), (20 bytes).
    Removing hal_tim.o(i.TIM_PWMIConfig), (128 bytes).
    Removing hal_tim.o(i.TIM_PWMShiftConfig), (20 bytes).
    Removing hal_tim.o(i.TIM_PrescalerConfig), (6 bytes).
    Removing hal_tim.o(i.TIM_SelectCCDMA), (24 bytes).
    Removing hal_tim.o(i.TIM_SelectCOM), (24 bytes).
    Removing hal_tim.o(i.TIM_SelectHallSensor), (24 bytes).
    Removing hal_tim.o(i.TIM_SelectInputTrigger), (12 bytes).
    Removing hal_tim.o(i.TIM_SelectMasterSlaveMode), (12 bytes).
    Removing hal_tim.o(i.TIM_SelectOCxM), (92 bytes).
    Removing hal_tim.o(i.TIM_SelectOnePulseMode), (12 bytes).
    Removing hal_tim.o(i.TIM_SelectOutputTrigger), (12 bytes).
    Removing hal_tim.o(i.TIM_SelectSlaveMode), (12 bytes).
    Removing hal_tim.o(i.TIM_SetAutoreload), (4 bytes).
    Removing hal_tim.o(i.TIM_SetCCR1FALL), (4 bytes).
    Removing hal_tim.o(i.TIM_SetCCR2FALL), (4 bytes).
    Removing hal_tim.o(i.TIM_SetCCR3FALL), (4 bytes).
    Removing hal_tim.o(i.TIM_SetCCR4FALL), (4 bytes).
    Removing hal_tim.o(i.TIM_SetCCR5FALL), (4 bytes).
    Removing hal_tim.o(i.TIM_SetClockDivision), (14 bytes).
    Removing hal_tim.o(i.TIM_SetCompare1), (18 bytes).
    Removing hal_tim.o(i.TIM_SetCompare2), (18 bytes).
    Removing hal_tim.o(i.TIM_SetCompare3), (18 bytes).
    Removing hal_tim.o(i.TIM_SetCompare4), (18 bytes).
    Removing hal_tim.o(i.TIM_SetCompare5), (6 bytes).
    Removing hal_tim.o(i.TIM_SetCounter), (18 bytes).
    Removing hal_tim.o(i.TIM_SetIC1Plority), (12 bytes).
    Removing hal_tim.o(i.TIM_SetIC1Prescaler), (12 bytes).
    Removing hal_tim.o(i.TIM_SetIC2Plority), (14 bytes).
    Removing hal_tim.o(i.TIM_SetIC2Prescaler), (16 bytes).
    Removing hal_tim.o(i.TIM_SetIC3Plority), (16 bytes).
    Removing hal_tim.o(i.TIM_SetIC3Prescaler), (12 bytes).
    Removing hal_tim.o(i.TIM_SetIC4Plority), (16 bytes).
    Removing hal_tim.o(i.TIM_SetIC4Prescaler), (16 bytes).
    Removing hal_tim.o(i.TIM_TIxExternalClockConfig), (58 bytes).
    Removing hal_tim.o(i.TIM_TimeBaseInit), (104 bytes).
    Removing hal_tim.o(i.TIM_TimeBaseStructInit), (18 bytes).
    Removing hal_tim.o(i.TIM_UpdateDisableConfig), (24 bytes).
    Removing hal_tim.o(i.TIM_UpdateRequestConfig), (12 bytes).
    Removing hal_uart.o(.rev16_text), (4 bytes).
    Removing hal_uart.o(.revsh_text), (4 bytes).
    Removing hal_uart.o(i.UART_AutoBaudRateCmd), (24 bytes).
    Removing hal_uart.o(i.UART_AutoBaudRateSet), (178 bytes).
    Removing hal_uart.o(i.UART_DMACmd), (18 bytes).
    Removing hal_uart.o(i.UART_Enable9bit), (16 bytes).
    Removing hal_uart.o(i.UART_HalfDuplexCmd), (16 bytes).
    Removing hal_uart.o(i.UART_ReceiverWakeUpCmd), (16 bytes).
    Removing hal_uart.o(i.UART_SendBreak), (10 bytes).
    Removing hal_uart.o(i.UART_Set9bitAutomaticToggle), (16 bytes).
    Removing hal_uart.o(i.UART_Set9bitLevel), (16 bytes).
    Removing hal_uart.o(i.UART_Set9bitPolarity), (14 bytes).
    Removing hal_uart.o(i.UART_SetGuardTime), (16 bytes).
    Removing hal_uart.o(i.UART_SetLIN), (16 bytes).
    Removing hal_uart.o(i.UART_SetRXAddress), (12 bytes).
    Removing hal_uart.o(i.UART_SetRXMASK), (12 bytes).
    Removing hal_uart.o(i.UART_SetRXToggle), (16 bytes).
    Removing hal_uart.o(i.UART_SetRecevieEnable), (14 bytes).
    Removing hal_uart.o(i.UART_SetTXToggle), (16 bytes).
    Removing hal_uart.o(i.UART_SetTransmitEnable), (14 bytes).
    Removing hal_uart.o(i.UART_SetTxRxSWAP), (16 bytes).
    Removing hal_uart.o(i.UART_SmartCardCmd), (12 bytes).
    Removing hal_uart.o(i.UART_SmartCardNACKCmd), (14 bytes).
    Removing hal_uart.o(i.UART_WakeUpConfig), (14 bytes).
    Removing hal_uid.o(.rev16_text), (4 bytes).
    Removing hal_uid.o(.revsh_text), (4 bytes).
    Removing hal_uid.o(i.GetChipUID), (32 bytes).
    Removing hal_uid.o(.bss), (12 bytes).
    Removing hal_ver.o(.rev16_text), (4 bytes).
    Removing hal_ver.o(.revsh_text), (4 bytes).
    Removing hal_ver.o(i.Get_ChipsetDEVID), (12 bytes).
    Removing hal_ver.o(i.Get_ChipsetREVID), (16 bytes).
    Removing hal_ver.o(i.Get_ChipsetUIDw0), (12 bytes).
    Removing hal_ver.o(i.Get_ChipsetUIDw1), (12 bytes).
    Removing hal_ver.o(i.Get_ChipsetUIDw2), (12 bytes).
    Removing hal_ver.o(i.Get_MM32LibReleaseDate), (8 bytes).
    Removing hal_ver.o(i.Get_MM32LibVersion), (6 bytes).
    Removing hal_wwdg.o(.rev16_text), (4 bytes).
    Removing hal_wwdg.o(.revsh_text), (4 bytes).
    Removing hal_wwdg.o(i.WWDG_ClearFlag), (16 bytes).
    Removing hal_wwdg.o(i.WWDG_DeInit), (12 bytes).
    Removing hal_wwdg.o(i.WWDG_Enable), (16 bytes).
    Removing hal_wwdg.o(i.WWDG_EnableIT), (20 bytes).
    Removing hal_wwdg.o(i.WWDG_GetCounter), (16 bytes).
    Removing hal_wwdg.o(i.WWDG_GetFlagStatus), (20 bytes).
    Removing hal_wwdg.o(i.WWDG_SetCounter), (16 bytes).
    Removing hal_wwdg.o(i.WWDG_SetPrescaler), (24 bytes).
    Removing hal_wwdg.o(i.WWDG_SetWindowValue), (24 bytes).
    Removing system_mm32spin0280.o(.rev16_text), (4 bytes).
    Removing system_mm32spin0280.o(.revsh_text), (4 bytes).
    Removing system_mm32spin0280.o(i.SystemCoreClockUpdate), (148 bytes).
    Removing startup_mm32spin0280_keil.o(HEAP), (512 bytes).

502 unused section(s) (total 17331 bytes) removed from the image.

==============================================================================

Image Symbol Table

    Local Symbols

    Symbol Name                              Value     Ov Type        Size  Object(Section)

    ../clib/microlib/division.c              0x00000000   Number         0  uidiv.o ABSOLUTE
    ../clib/microlib/division.c              0x00000000   Number         0  uldiv.o ABSOLUTE
    ../clib/microlib/division.c              0x00000000   Number         0  idiv.o ABSOLUTE
    ../clib/microlib/init/entry.s            0x00000000   Number         0  entry12b.o ABSOLUTE
    ../clib/microlib/init/entry.s            0x00000000   Number         0  entry9a.o ABSOLUTE
    ../clib/microlib/init/entry.s            0x00000000   Number         0  entry7b.o ABSOLUTE
    ../clib/microlib/init/entry.s            0x00000000   Number         0  entry7a.o ABSOLUTE
    ../clib/microlib/init/entry.s            0x00000000   Number         0  entry5.o ABSOLUTE
    ../clib/microlib/init/entry.s            0x00000000   Number         0  entry2.o ABSOLUTE
    ../clib/microlib/init/entry.s            0x00000000   Number         0  entry8b.o ABSOLUTE
    ../clib/microlib/init/entry.s            0x00000000   Number         0  entry.o ABSOLUTE
    ../clib/microlib/init/entry.s            0x00000000   Number         0  entry11a.o ABSOLUTE
    ../clib/microlib/init/entry.s            0x00000000   Number         0  entry8a.o ABSOLUTE
    ../clib/microlib/init/entry.s            0x00000000   Number         0  entry10b.o ABSOLUTE
    ../clib/microlib/init/entry.s            0x00000000   Number         0  entry10a.o ABSOLUTE
    ../clib/microlib/init/entry.s            0x00000000   Number         0  entry11b.o ABSOLUTE
    ../clib/microlib/init/entry.s            0x00000000   Number         0  entry12a.o ABSOLUTE
    ../clib/microlib/init/entry.s            0x00000000   Number         0  entry9b.o ABSOLUTE
    ../clib/microlib/longlong.c              0x00000000   Number         0  llshl.o ABSOLUTE
    ../clib/microlib/longlong.c              0x00000000   Number         0  llushr.o ABSOLUTE
    ../clib/microlib/longlong.c              0x00000000   Number         0  llsshr.o ABSOLUTE
    ../clib/microlib/printf/printf.c         0x00000000   Number         0  printf1.o ABSOLUTE
    ../clib/microlib/printf/printf.c         0x00000000   Number         0  printfa.o ABSOLUTE
    ../clib/microlib/printf/printf.c         0x00000000   Number         0  printf8.o ABSOLUTE
    ../clib/microlib/printf/printf.c         0x00000000   Number         0  printfb.o ABSOLUTE
    ../clib/microlib/printf/printf.c         0x00000000   Number         0  printf3.o ABSOLUTE
    ../clib/microlib/printf/printf.c         0x00000000   Number         0  printf2.o ABSOLUTE
    ../clib/microlib/printf/printf.c         0x00000000   Number         0  printf0.o ABSOLUTE
    ../clib/microlib/printf/printf.c         0x00000000   Number         0  printf6.o ABSOLUTE
    ../clib/microlib/printf/printf.c         0x00000000   Number         0  printf5.o ABSOLUTE
    ../clib/microlib/printf/printf.c         0x00000000   Number         0  printf4.o ABSOLUTE
    ../clib/microlib/printf/printf.c         0x00000000   Number         0  printf7.o ABSOLUTE
    ../clib/microlib/printf/stubs.s          0x00000000   Number         0  stubs.o ABSOLUTE
    ../clib/microlib/stdio/streams.c         0x00000000   Number         0  stdout.o ABSOLUTE
    ../clib/microlib/string/memcpy.c         0x00000000   Number         0  memcpya.o ABSOLUTE
    ../clib/microlib/string/memcpy.c         0x00000000   Number         0  memcpyb.o ABSOLUTE
    ../clib/microlib/string/memset.c         0x00000000   Number         0  memseta.o ABSOLUTE
    ../clib/microlib/stubs.s                 0x00000000   Number         0  iusefp.o ABSOLUTE
    ../fplib/microlib/fpadd.c                0x00000000   Number         0  dadd.o ABSOLUTE
    ../fplib/microlib/fpdiv.c                0x00000000   Number         0  ddiv.o ABSOLUTE
    ../fplib/microlib/fpepilogue.c           0x00000000   Number         0  depilogue.o ABSOLUTE
    ../fplib/microlib/fpfix.c                0x00000000   Number         0  dfixul.o ABSOLUTE
    ../fplib/microlib/fpflt.c                0x00000000   Number         0  dfltui.o ABSOLUTE
    ../fplib/microlib/fpmul.c                0x00000000   Number         0  dmul.o ABSOLUTE
    ..\App\DELAY\delay.c                     0x00000000   Number         0  delay.o ABSOLUTE
    ..\App\SYS\sys.c                         0x00000000   Number         0  sys.o ABSOLUTE
    ..\App\gpio_led_toggle.c                 0x00000000   Number         0  gpio_led_toggle.o ABSOLUTE
    ..\App\main.c                            0x00000000   Number         0  main.o ABSOLUTE
    ..\App\mm32spin0280_it.c                 0x00000000   Number         0  mm32spin0280_it.o ABSOLUTE
    ..\App\platform.c                        0x00000000   Number         0  platform.o ABSOLUTE
    ..\App\uart_interrupt.c                  0x00000000   Number         0  uart_interrupt.o ABSOLUTE
    ..\Device\MM32SPIN0280\HAL_Lib\Src\hal_adc.c 0x00000000   Number         0  hal_adc.o ABSOLUTE
    ..\Device\MM32SPIN0280\HAL_Lib\Src\hal_bkp.c 0x00000000   Number         0  hal_bkp.o ABSOLUTE
    ..\Device\MM32SPIN0280\HAL_Lib\Src\hal_comp.c 0x00000000   Number         0  hal_comp.o ABSOLUTE
    ..\Device\MM32SPIN0280\HAL_Lib\Src\hal_crc.c 0x00000000   Number         0  hal_crc.o ABSOLUTE
    ..\Device\MM32SPIN0280\HAL_Lib\Src\hal_csm.c 0x00000000   Number         0  hal_csm.o ABSOLUTE
    ..\Device\MM32SPIN0280\HAL_Lib\Src\hal_dac.c 0x00000000   Number         0  hal_dac.o ABSOLUTE
    ..\Device\MM32SPIN0280\HAL_Lib\Src\hal_dbg.c 0x00000000   Number         0  hal_dbg.o ABSOLUTE
    ..\Device\MM32SPIN0280\HAL_Lib\Src\hal_div.c 0x00000000   Number         0  hal_div.o ABSOLUTE
    ..\Device\MM32SPIN0280\HAL_Lib\Src\hal_dma.c 0x00000000   Number         0  hal_dma.o ABSOLUTE
    ..\Device\MM32SPIN0280\HAL_Lib\Src\hal_exti.c 0x00000000   Number         0  hal_exti.o ABSOLUTE
    ..\Device\MM32SPIN0280\HAL_Lib\Src\hal_flash.c 0x00000000   Number         0  hal_flash.o ABSOLUTE
    ..\Device\MM32SPIN0280\HAL_Lib\Src\hal_gpio.c 0x00000000   Number         0  hal_gpio.o ABSOLUTE
    ..\Device\MM32SPIN0280\HAL_Lib\Src\hal_i2c.c 0x00000000   Number         0  hal_i2c.o ABSOLUTE
    ..\Device\MM32SPIN0280\HAL_Lib\Src\hal_iwdg.c 0x00000000   Number         0  hal_iwdg.o ABSOLUTE
    ..\Device\MM32SPIN0280\HAL_Lib\Src\hal_misc.c 0x00000000   Number         0  hal_misc.o ABSOLUTE
    ..\Device\MM32SPIN0280\HAL_Lib\Src\hal_opamp.c 0x00000000   Number         0  hal_opamp.o ABSOLUTE
    ..\Device\MM32SPIN0280\HAL_Lib\Src\hal_pwr.c 0x00000000   Number         0  hal_pwr.o ABSOLUTE
    ..\Device\MM32SPIN0280\HAL_Lib\Src\hal_rcc.c 0x00000000   Number         0  hal_rcc.o ABSOLUTE
    ..\Device\MM32SPIN0280\HAL_Lib\Src\hal_spi.c 0x00000000   Number         0  hal_spi.o ABSOLUTE
    ..\Device\MM32SPIN0280\HAL_Lib\Src\hal_sqrt.c 0x00000000   Number         0  hal_sqrt.o ABSOLUTE
    ..\Device\MM32SPIN0280\HAL_Lib\Src\hal_tim.c 0x00000000   Number         0  hal_tim.o ABSOLUTE
    ..\Device\MM32SPIN0280\HAL_Lib\Src\hal_uart.c 0x00000000   Number         0  hal_uart.o ABSOLUTE
    ..\Device\MM32SPIN0280\HAL_Lib\Src\hal_uid.c 0x00000000   Number         0  hal_uid.o ABSOLUTE
    ..\Device\MM32SPIN0280\HAL_Lib\Src\hal_ver.c 0x00000000   Number         0  hal_ver.o ABSOLUTE
    ..\Device\MM32SPIN0280\HAL_Lib\Src\hal_wwdg.c 0x00000000   Number         0  hal_wwdg.o ABSOLUTE
    ..\Device\MM32SPIN0280\Source\KEIL_StartAsm\startup_mm32spin0280_keil.s 0x00000000   Number         0  startup_mm32spin0280_keil.o ABSOLUTE
    ..\Device\MM32SPIN0280\Source\system_mm32spin0280.c 0x00000000   Number         0  system_mm32spin0280.o ABSOLUTE
    ..\\App\\DELAY\\delay.c                  0x00000000   Number         0  delay.o ABSOLUTE
    ..\\App\\SYS\\sys.c                      0x00000000   Number         0  sys.o ABSOLUTE
    ..\\App\\gpio_led_toggle.c               0x00000000   Number         0  gpio_led_toggle.o ABSOLUTE
    ..\\App\\main.c                          0x00000000   Number         0  main.o ABSOLUTE
    ..\\App\\mm32spin0280_it.c               0x00000000   Number         0  mm32spin0280_it.o ABSOLUTE
    ..\\App\\platform.c                      0x00000000   Number         0  platform.o ABSOLUTE
    ..\\App\\uart_interrupt.c                0x00000000   Number         0  uart_interrupt.o ABSOLUTE
    ..\\Device\\MM32SPIN0280\\HAL_Lib\\Src\\hal_adc.c 0x00000000   Number         0  hal_adc.o ABSOLUTE
    ..\\Device\\MM32SPIN0280\\HAL_Lib\\Src\\hal_bkp.c 0x00000000   Number         0  hal_bkp.o ABSOLUTE
    ..\\Device\\MM32SPIN0280\\HAL_Lib\\Src\\hal_comp.c 0x00000000   Number         0  hal_comp.o ABSOLUTE
    ..\\Device\\MM32SPIN0280\\HAL_Lib\\Src\\hal_crc.c 0x00000000   Number         0  hal_crc.o ABSOLUTE
    ..\\Device\\MM32SPIN0280\\HAL_Lib\\Src\\hal_csm.c 0x00000000   Number         0  hal_csm.o ABSOLUTE
    ..\\Device\\MM32SPIN0280\\HAL_Lib\\Src\\hal_dac.c 0x00000000   Number         0  hal_dac.o ABSOLUTE
    ..\\Device\\MM32SPIN0280\\HAL_Lib\\Src\\hal_dbg.c 0x00000000   Number         0  hal_dbg.o ABSOLUTE
    ..\\Device\\MM32SPIN0280\\HAL_Lib\\Src\\hal_div.c 0x00000000   Number         0  hal_div.o ABSOLUTE
    ..\\Device\\MM32SPIN0280\\HAL_Lib\\Src\\hal_dma.c 0x00000000   Number         0  hal_dma.o ABSOLUTE
    ..\\Device\\MM32SPIN0280\\HAL_Lib\\Src\\hal_exti.c 0x00000000   Number         0  hal_exti.o ABSOLUTE
    ..\\Device\\MM32SPIN0280\\HAL_Lib\\Src\\hal_flash.c 0x00000000   Number         0  hal_flash.o ABSOLUTE
    ..\\Device\\MM32SPIN0280\\HAL_Lib\\Src\\hal_gpio.c 0x00000000   Number         0  hal_gpio.o ABSOLUTE
    ..\\Device\\MM32SPIN0280\\HAL_Lib\\Src\\hal_i2c.c 0x00000000   Number         0  hal_i2c.o ABSOLUTE
    ..\\Device\\MM32SPIN0280\\HAL_Lib\\Src\\hal_iwdg.c 0x00000000   Number         0  hal_iwdg.o ABSOLUTE
    ..\\Device\\MM32SPIN0280\\HAL_Lib\\Src\\hal_misc.c 0x00000000   Number         0  hal_misc.o ABSOLUTE
    ..\\Device\\MM32SPIN0280\\HAL_Lib\\Src\\hal_opamp.c 0x00000000   Number         0  hal_opamp.o ABSOLUTE
    ..\\Device\\MM32SPIN0280\\HAL_Lib\\Src\\hal_pwr.c 0x00000000   Number         0  hal_pwr.o ABSOLUTE
    ..\\Device\\MM32SPIN0280\\HAL_Lib\\Src\\hal_rcc.c 0x00000000   Number         0  hal_rcc.o ABSOLUTE
    ..\\Device\\MM32SPIN0280\\HAL_Lib\\Src\\hal_spi.c 0x00000000   Number         0  hal_spi.o ABSOLUTE
    ..\\Device\\MM32SPIN0280\\HAL_Lib\\Src\\hal_sqrt.c 0x00000000   Number         0  hal_sqrt.o ABSOLUTE
    ..\\Device\\MM32SPIN0280\\HAL_Lib\\Src\\hal_tim.c 0x00000000   Number         0  hal_tim.o ABSOLUTE
    ..\\Device\\MM32SPIN0280\\HAL_Lib\\Src\\hal_uart.c 0x00000000   Number         0  hal_uart.o ABSOLUTE
    ..\\Device\\MM32SPIN0280\\HAL_Lib\\Src\\hal_uid.c 0x00000000   Number         0  hal_uid.o ABSOLUTE
    ..\\Device\\MM32SPIN0280\\HAL_Lib\\Src\\hal_ver.c 0x00000000   Number         0  hal_ver.o ABSOLUTE
    ..\\Device\\MM32SPIN0280\\HAL_Lib\\Src\\hal_wwdg.c 0x00000000   Number         0  hal_wwdg.o ABSOLUTE
    ..\\Device\\MM32SPIN0280\\Source\\system_mm32spin0280.c 0x00000000   Number         0  system_mm32spin0280.o ABSOLUTE
    cdrcmple.s                               0x00000000   Number         0  cdrcmple.o ABSOLUTE
    dc.s                                     0x00000000   Number         0  dc.o ABSOLUTE
    handlers.s                               0x00000000   Number         0  handlers.o ABSOLUTE
    init.s                                   0x00000000   Number         0  init.o ABSOLUTE
    RESET                                    0x08004000   Section      192  startup_mm32spin0280_keil.o(RESET)
    .ARM.Collect$$$$00000000                 0x080040c0   Section        0  entry.o(.ARM.Collect$$$$00000000)
    .ARM.Collect$$$$00000001                 0x080040c0   Section        4  entry2.o(.ARM.Collect$$$$00000001)
    .ARM.Collect$$$$00000004                 0x080040c4   Section        4  entry5.o(.ARM.Collect$$$$00000004)
    .ARM.Collect$$$$00000008                 0x080040c8   Section        0  entry7b.o(.ARM.Collect$$$$00000008)
    .ARM.Collect$$$$0000000A                 0x080040c8   Section        0  entry8b.o(.ARM.Collect$$$$0000000A)
    .ARM.Collect$$$$0000000B                 0x080040c8   Section        8  entry9a.o(.ARM.Collect$$$$0000000B)
    .ARM.Collect$$$$0000000E                 0x080040d0   Section        4  entry12b.o(.ARM.Collect$$$$0000000E)
    .ARM.Collect$$$$0000000F                 0x080040d4   Section        0  entry10a.o(.ARM.Collect$$$$0000000F)
    .ARM.Collect$$$$00000011                 0x080040d4   Section        0  entry11a.o(.ARM.Collect$$$$00000011)
    .ARM.Collect$$$$00002712                 0x080040d4   Section        4  entry2.o(.ARM.Collect$$$$00002712)
    __lit__00000000                          0x080040d4   Data           4  entry2.o(.ARM.Collect$$$$00002712)
    .text                                    0x080040d8   Section       40  startup_mm32spin0280_keil.o(.text)
    .text                                    0x08004100   Section        0  uidiv.o(.text)
    .text                                    0x0800412c   Section        0  memcpya.o(.text)
    .text                                    0x08004150   Section        0  ddiv.o(.text)
    .text                                    0x08004240   Section        0  dfltui.o(.text)
    .text                                    0x0800425c   Section        0  uldiv.o(.text)
    .text                                    0x080042bc   Section        0  depilogue.o(.text)
    .text                                    0x080042bc   Section        0  iusefp.o(.text)
    .text                                    0x0800437c   Section        0  dadd.o(.text)
    .text                                    0x080044e4   Section        0  dmul.o(.text)
    .text                                    0x080045b4   Section        0  dfixul.o(.text)
    .text                                    0x080045f4   Section       40  cdrcmple.o(.text)
    .text                                    0x0800461c   Section       36  init.o(.text)
    .text                                    0x08004640   Section        0  llshl.o(.text)
    .text                                    0x08004660   Section        0  llushr.o(.text)
    .text                                    0x08004682   Section        0  llsshr.o(.text)
    i.AutoCalPllFactor                       0x080046a8   Section        0  system_mm32spin0280.o(i.AutoCalPllFactor)
    i.DELAY_Init                             0x08004714   Section        0  delay.o(i.DELAY_Init)
    i.DELAY_Ms                               0x08004768   Section        0  delay.o(i.DELAY_Ms)
    i.EXTI_MemoryRemapConfig                 0x08004780   Section        0  hal_exti.o(i.EXTI_MemoryRemapConfig)
    i.FLASH_ClearFlag                        0x08004794   Section        0  hal_flash.o(i.FLASH_ClearFlag)
    i.FLASH_ErasePage                        0x080047a0   Section        0  hal_flash.o(i.FLASH_ErasePage)
    i.FLASH_GetStatus                        0x080047d0   Section        0  hal_flash.o(i.FLASH_GetStatus)
    i.FLASH_Lock                             0x08004808   Section        0  hal_flash.o(i.FLASH_Lock)
    i.FLASH_ProgramHalfWord                  0x0800481c   Section        0  hal_flash.o(i.FLASH_ProgramHalfWord)
    i.FLASH_Unlock                           0x0800483c   Section        0  hal_flash.o(i.FLASH_Unlock)
    i.FLASH_WaitForLastOperation             0x08004854   Section        0  hal_flash.o(i.FLASH_WaitForLastOperation)
    i.FLASH_Write                            0x08004890   Section        0  main.o(i.FLASH_Write)
    FLASH_Write                              0x08004891   Thumb Code    66  main.o(i.FLASH_Write)
    i.GPIO_Init                              0x080048d2   Section        0  hal_gpio.o(i.GPIO_Init)
    i.GPIO_LED_Toggle_Sample                 0x0800496c   Section        0  gpio_led_toggle.o(i.GPIO_LED_Toggle_Sample)
    i.GPIO_PinAFConfig                       0x080049cc   Section        0  hal_gpio.o(i.GPIO_PinAFConfig)
    i.GPIO_ResetBits                         0x080049f4   Section        0  hal_gpio.o(i.GPIO_ResetBits)
    i.GPIO_SetBits                           0x080049f8   Section        0  hal_gpio.o(i.GPIO_SetBits)
    i.GPIO_StructInit                        0x080049fc   Section        0  hal_gpio.o(i.GPIO_StructInit)
    i.GPIO_WriteBit                          0x08004a0c   Section        0  hal_gpio.o(i.GPIO_WriteBit)
    i.HardFault_Handler                      0x08004a18   Section        0  mm32spin0280_it.o(i.HardFault_Handler)
    i.NMI_Handler                            0x08004a1c   Section        0  mm32spin0280_it.o(i.NMI_Handler)
    i.NVIC_Init                              0x08004a20   Section        0  hal_misc.o(i.NVIC_Init)
    i.PLATFORM_Init                          0x08004a88   Section        0  platform.o(i.PLATFORM_Init)
    i.PLATFORM_InitConsole                   0x08004a9c   Section        0  platform.o(i.PLATFORM_InitConsole)
    i.PLATFORM_InitLED                       0x08004b10   Section        0  platform.o(i.PLATFORM_InitLED)
    i.PLATFORM_LED_Enable                    0x08004b84   Section        0  platform.o(i.PLATFORM_LED_Enable)
    i.PLATFORM_PrintInfo                     0x08004c04   Section        0  platform.o(i.PLATFORM_PrintInfo)
    i.PendSV_Handler                         0x08004e84   Section        0  mm32spin0280_it.o(i.PendSV_Handler)
    i.RCC_AHBPeriphClockCmd                  0x08004e88   Section        0  hal_rcc.o(i.RCC_AHBPeriphClockCmd)
    i.RCC_APB1PeriphClockCmd                 0x08004ea8   Section        0  hal_rcc.o(i.RCC_APB1PeriphClockCmd)
    i.RCC_APB2PeriphClockCmd                 0x08004ec8   Section        0  hal_rcc.o(i.RCC_APB2PeriphClockCmd)
    i.RCC_GetClocksFreq                      0x08004ee8   Section        0  hal_rcc.o(i.RCC_GetClocksFreq)
    i.RCC_GetHCLKFreq                        0x08004f30   Section        0  hal_rcc.o(i.RCC_GetHCLKFreq)
    i.RCC_GetPCLK1Freq                       0x08004f50   Section        0  hal_rcc.o(i.RCC_GetPCLK1Freq)
    i.RCC_GetPCLK2Freq                       0x08004f74   Section        0  hal_rcc.o(i.RCC_GetPCLK2Freq)
    i.RCC_GetSysClockFreq                    0x08004f98   Section        0  hal_rcc.o(i.RCC_GetSysClockFreq)
    i.Reset_MCU                              0x0800502c   Section        0  main.o(i.Reset_MCU)
    i.Reset_Periph                           0x0800504c   Section        0  main.o(i.Reset_Periph)
    i.SVC_Handler                            0x0800506c   Section        0  mm32spin0280_it.o(i.SVC_Handler)
    i.SetSysClock                            0x0800506e   Section        0  system_mm32spin0280.o(i.SetSysClock)
    SetSysClock                              0x0800506f   Thumb Code     8  system_mm32spin0280.o(i.SetSysClock)
    i.SetSysClockToDefaultHSI                0x08005078   Section        0  system_mm32spin0280.o(i.SetSysClockToDefaultHSI)
    SetSysClockToDefaultHSI                  0x08005079   Thumb Code   102  system_mm32spin0280.o(i.SetSysClockToDefaultHSI)
    i.SetSysClockWithHsiPLL                  0x080050f4   Section        0  system_mm32spin0280.o(i.SetSysClockWithHsiPLL)
    SetSysClockWithHsiPLL                    0x080050f5   Thumb Code   440  system_mm32spin0280.o(i.SetSysClockWithHsiPLL)
    i.SysTick_Handler                        0x080052c8   Section        0  delay.o(i.SysTick_Handler)
    i.SystemInit                             0x080052d0   Section        0  system_mm32spin0280.o(i.SystemInit)
    i.TimingDelayDecrement                   0x080052dc   Section        0  delay.o(i.TimingDelayDecrement)
    TimingDelayDecrement                     0x080052dd   Thumb Code    20  delay.o(i.TimingDelayDecrement)
    i.UART2_IRQHandler                       0x080052f4   Section        0  mm32spin0280_it.o(i.UART2_IRQHandler)
    i.UART_ClearITPendingBit                 0x080053d8   Section        0  hal_uart.o(i.UART_ClearITPendingBit)
    i.UART_Cmd                               0x080053dc   Section        0  hal_uart.o(i.UART_Cmd)
    i.UART_Configure                         0x080053e8   Section        0  uart_interrupt.o(i.UART_Configure)
    i.UART_DeInit                            0x080054ac   Section        0  hal_uart.o(i.UART_DeInit)
    i.UART_GetFlagStatus                     0x080054e8   Section        0  hal_uart.o(i.UART_GetFlagStatus)
    i.UART_GetITStatus                       0x080054fa   Section        0  hal_uart.o(i.UART_GetITStatus)
    i.UART_ITConfig                          0x0800550c   Section        0  hal_uart.o(i.UART_ITConfig)
    i.UART_Init                              0x08005520   Section        0  hal_uart.o(i.UART_Init)
    i.UART_ReceiveData                       0x08005598   Section        0  hal_uart.o(i.UART_ReceiveData)
    i.UART_SendData                          0x080055a0   Section        0  hal_uart.o(i.UART_SendData)
    i.UART_StructInit                        0x080055a6   Section        0  hal_uart.o(i.UART_StructInit)
    i.__0printf                              0x080055c0   Section        0  printfa.o(i.__0printf)
    i.__ARM_clz                              0x080055e0   Section        0  depilogue.o(i.__ARM_clz)
    i.__NVIC_DisableIRQ                      0x08005610   Section        0  main.o(i.__NVIC_DisableIRQ)
    __NVIC_DisableIRQ                        0x08005611   Thumb Code    26  main.o(i.__NVIC_DisableIRQ)
    i.__NVIC_SetPriority                     0x08005630   Section        0  delay.o(i.__NVIC_SetPriority)
    __NVIC_SetPriority                       0x08005631   Thumb Code   110  delay.o(i.__NVIC_SetPriority)
    i.__scatterload_copy                     0x080056a8   Section       14  handlers.o(i.__scatterload_copy)
    i.__scatterload_null                     0x080056b6   Section        2  handlers.o(i.__scatterload_null)
    i.__scatterload_zeroinit                 0x080056b8   Section       14  handlers.o(i.__scatterload_zeroinit)
    i._fp_digits                             0x080056c8   Section        0  printfa.o(i._fp_digits)
    _fp_digits                               0x080056c9   Thumb Code   344  printfa.o(i._fp_digits)
    i._printf_core                           0x0800583c   Section        0  printfa.o(i._printf_core)
    _printf_core                             0x0800583d   Thumb Code  1760  printfa.o(i._printf_core)
    i._printf_post_padding                   0x08005f2c   Section        0  printfa.o(i._printf_post_padding)
    _printf_post_padding                     0x08005f2d   Thumb Code    32  printfa.o(i._printf_post_padding)
    i._printf_pre_padding                    0x08005f4c   Section        0  printfa.o(i._printf_pre_padding)
    _printf_pre_padding                      0x08005f4d   Thumb Code    44  printfa.o(i._printf_pre_padding)
    i.calculate_xmodem_crc                   0x08005f78   Section        0  mm32spin0280_it.o(i.calculate_xmodem_crc)
    calculate_xmodem_crc                     0x08005f79   Thumb Code    62  mm32spin0280_it.o(i.calculate_xmodem_crc)
    i.delay_x_cycle                          0x08005fbc   Section        0  system_mm32spin0280.o(i.delay_x_cycle)
    delay_x_cycle                            0x08005fbd   Thumb Code    54  system_mm32spin0280.o(i.delay_x_cycle)
    i.exRCC_APB1PeriphReset                  0x08005ff4   Section        0  hal_rcc.o(i.exRCC_APB1PeriphReset)
    i.exRCC_APB2PeriphReset                  0x0800600c   Section        0  hal_rcc.o(i.exRCC_APB2PeriphReset)
    i.fputc                                  0x08006024   Section        0  platform.o(i.fputc)
    i.main                                   0x08006048   Section        0  main.o(i.main)
    i.setNVIC                                0x080060a0   Section        0  main.o(i.setNVIC)
    .constdata                               0x080060d8   Section        4  mm32spin0280_it.o(.constdata)
    Jump_ACK_buff                            0x080060d8   Data           4  mm32spin0280_it.o(.constdata)
    .ARM.__AT_0x20000000                     0x20000000   Section      192  main.o(.ARM.__AT_0x20000000)
    .data                                    0x20000100   Section        5  main.o(.data)
    .data                                    0x20000108   Section        4  delay.o(.data)
    sTimingDelay                             0x20000108   Data           4  delay.o(.data)
    .data                                    0x2000010c   Section        2  uart_interrupt.o(.data)
    .data                                    0x2000010e   Section       16  hal_rcc.o(.data)
    .data                                    0x20000120   Section       20  system_mm32spin0280.o(.data)
    .data                                    0x20000134   Section        4  stdout.o(.data)
    .bss                                     0x20000138   Section     1300  uart_interrupt.o(.bss)
    STACK                                    0x20000650   Section     1024  startup_mm32spin0280_keil.o(STACK)

    Global Symbols

    Symbol Name                              Value     Ov Type        Size  Object(Section)

    BuildAttributes$$THM_ISAv3M$S$PE$A:L22$X:L11$S22$IEEE1$IW$USESV6$~STKCKD$USESV7$~SHL$OSPACE$ROPI$EBA8$MICROLIB$REQ8$PRES8$EABIv2 0x00000000   Number         0  anon$$obj.o ABSOLUTE
    __ARM_use_no_argv                        0x00000000   Number         0  main.o ABSOLUTE
    _printf_a                                0x00000000   Number         0  stubs.o ABSOLUTE
    _printf_c                                0x00000000   Number         0  stubs.o ABSOLUTE
    _printf_charcount                        0x00000000   Number         0  stubs.o ABSOLUTE
    _printf_d                                0x00000000   Number         0  stubs.o ABSOLUTE
    _printf_e                                0x00000000   Number         0  stubs.o ABSOLUTE
    _printf_f                                0x00000000   Number         0  stubs.o ABSOLUTE
    _printf_flags                            0x00000000   Number         0  stubs.o ABSOLUTE
    _printf_fp_dec                           0x00000000   Number         0  stubs.o ABSOLUTE
    _printf_fp_hex                           0x00000000   Number         0  stubs.o ABSOLUTE
    _printf_g                                0x00000000   Number         0  stubs.o ABSOLUTE
    _printf_i                                0x00000000   Number         0  stubs.o ABSOLUTE
    _printf_int_dec                          0x00000000   Number         0  stubs.o ABSOLUTE
    _printf_l                                0x00000000   Number         0  stubs.o ABSOLUTE
    _printf_lc                               0x00000000   Number         0  stubs.o ABSOLUTE
    _printf_ll                               0x00000000   Number         0  stubs.o ABSOLUTE
    _printf_lld                              0x00000000   Number         0  stubs.o ABSOLUTE
    _printf_lli                              0x00000000   Number         0  stubs.o ABSOLUTE
    _printf_llo                              0x00000000   Number         0  stubs.o ABSOLUTE
    _printf_llu                              0x00000000   Number         0  stubs.o ABSOLUTE
    _printf_llx                              0x00000000   Number         0  stubs.o ABSOLUTE
    _printf_longlong_dec                     0x00000000   Number         0  stubs.o ABSOLUTE
    _printf_longlong_hex                     0x00000000   Number         0  stubs.o ABSOLUTE
    _printf_longlong_oct                     0x00000000   Number         0  stubs.o ABSOLUTE
    _printf_ls                               0x00000000   Number         0  stubs.o ABSOLUTE
    _printf_mbtowc                           0x00000000   Number         0  stubs.o ABSOLUTE
    _printf_n                                0x00000000   Number         0  stubs.o ABSOLUTE
    _printf_o                                0x00000000   Number         0  stubs.o ABSOLUTE
    _printf_p                                0x00000000   Number         0  stubs.o ABSOLUTE
    _printf_percent                          0x00000000   Number         0  stubs.o ABSOLUTE
    _printf_pre_padding                      0x00000000   Number         0  stubs.o ABSOLUTE
    _printf_return_value                     0x00000000   Number         0  stubs.o ABSOLUTE
    _printf_s                                0x00000000   Number         0  stubs.o ABSOLUTE
    _printf_sizespec                         0x00000000   Number         0  stubs.o ABSOLUTE
    _printf_str                              0x00000000   Number         0  stubs.o ABSOLUTE
    _printf_truncate_signed                  0x00000000   Number         0  stubs.o ABSOLUTE
    _printf_truncate_unsigned                0x00000000   Number         0  stubs.o ABSOLUTE
    _printf_u                                0x00000000   Number         0  stubs.o ABSOLUTE
    _printf_wc                               0x00000000   Number         0  stubs.o ABSOLUTE
    _printf_wctomb                           0x00000000   Number         0  stubs.o ABSOLUTE
    _printf_widthprec                        0x00000000   Number         0  stubs.o ABSOLUTE
    _printf_x                                0x00000000   Number         0  stubs.o ABSOLUTE
    __arm_fini_                               - Undefined Weak Reference
    __cpp_initialize__aeabi_                  - Undefined Weak Reference
    __cxa_finalize                            - Undefined Weak Reference
    __decompress                              - Undefined Weak Reference
    _clock_init                               - Undefined Weak Reference
    _microlib_exit                            - Undefined Weak Reference
    __Vectors_Size                           0x000000c0   Number         0  startup_mm32spin0280_keil.o ABSOLUTE
    __Vectors                                0x08004000   Data           4  startup_mm32spin0280_keil.o(RESET)
    __Vectors_End                            0x080040c0   Data           0  startup_mm32spin0280_keil.o(RESET)
    __main                                   0x080040c1   Thumb Code     0  entry.o(.ARM.Collect$$$$00000000)
    _main_stk                                0x080040c1   Thumb Code     0  entry2.o(.ARM.Collect$$$$00000001)
    _main_scatterload                        0x080040c5   Thumb Code     0  entry5.o(.ARM.Collect$$$$00000004)
    __main_after_scatterload                 0x080040c9   Thumb Code     0  entry5.o(.ARM.Collect$$$$00000004)
    _main_clock                              0x080040c9   Thumb Code     0  entry7b.o(.ARM.Collect$$$$00000008)
    _main_cpp_init                           0x080040c9   Thumb Code     0  entry8b.o(.ARM.Collect$$$$0000000A)
    _main_init                               0x080040c9   Thumb Code     0  entry9a.o(.ARM.Collect$$$$0000000B)
    __rt_lib_shutdown_fini                   0x080040d1   Thumb Code     0  entry12b.o(.ARM.Collect$$$$0000000E)
    __rt_final_cpp                           0x080040d5   Thumb Code     0  entry10a.o(.ARM.Collect$$$$0000000F)
    __rt_final_exit                          0x080040d5   Thumb Code     0  entry11a.o(.ARM.Collect$$$$00000011)
    Reset_Handler                            0x080040d9   Thumb Code    14  startup_mm32spin0280_keil.o(.text)
    ADC1_IRQHandler                          0x080040f1   Thumb Code     0  startup_mm32spin0280_keil.o(.text)
    ADC2_IRQHandler                          0x080040f1   Thumb Code     0  startup_mm32spin0280_keil.o(.text)
    COMP1_2_3_4_5_IRQHandler                 0x080040f1   Thumb Code     0  startup_mm32spin0280_keil.o(.text)
    CSM_IRQn_IRQHandler                      0x080040f1   Thumb Code     0  startup_mm32spin0280_keil.o(.text)
    DMA1_Channel1_IRQHandler                 0x080040f1   Thumb Code     0  startup_mm32spin0280_keil.o(.text)
    DMA1_Channel2_3_IRQHandler               0x080040f1   Thumb Code     0  startup_mm32spin0280_keil.o(.text)
    DMA1_Channel4_5_IRQHandler               0x080040f1   Thumb Code     0  startup_mm32spin0280_keil.o(.text)
    EXTI0_1_IRQHandler                       0x080040f1   Thumb Code     0  startup_mm32spin0280_keil.o(.text)
    EXTI2_3_IRQHandler                       0x080040f1   Thumb Code     0  startup_mm32spin0280_keil.o(.text)
    EXTI4_15_IRQHandler                      0x080040f1   Thumb Code     0  startup_mm32spin0280_keil.o(.text)
    FLASH_IRQHandler                         0x080040f1   Thumb Code     0  startup_mm32spin0280_keil.o(.text)
    HWDIV_IRQHandler                         0x080040f1   Thumb Code     0  startup_mm32spin0280_keil.o(.text)
    I2C1_IRQHandler                          0x080040f1   Thumb Code     0  startup_mm32spin0280_keil.o(.text)
    PVD_IRQHandler                           0x080040f1   Thumb Code     0  startup_mm32spin0280_keil.o(.text)
    PWM_IRQHandler                           0x080040f1   Thumb Code     0  startup_mm32spin0280_keil.o(.text)
    RCC_IRQHandler                           0x080040f1   Thumb Code     0  startup_mm32spin0280_keil.o(.text)
    SPI1_IRQHandler                          0x080040f1   Thumb Code     0  startup_mm32spin0280_keil.o(.text)
    SPI2_IRQHandler                          0x080040f1   Thumb Code     0  startup_mm32spin0280_keil.o(.text)
    TIM14_IRQHandler                         0x080040f1   Thumb Code     0  startup_mm32spin0280_keil.o(.text)
    TIM16_IRQHandler                         0x080040f1   Thumb Code     0  startup_mm32spin0280_keil.o(.text)
    TIM17_IRQHandler                         0x080040f1   Thumb Code     0  startup_mm32spin0280_keil.o(.text)
    TIM1_BRK_UP_TRG_COM_IRQHandler           0x080040f1   Thumb Code     0  startup_mm32spin0280_keil.o(.text)
    TIM1_CC_IRQHandler                       0x080040f1   Thumb Code     0  startup_mm32spin0280_keil.o(.text)
    TIM2_IRQHandler                          0x080040f1   Thumb Code     0  startup_mm32spin0280_keil.o(.text)
    TIM3_IRQHandler                          0x080040f1   Thumb Code     0  startup_mm32spin0280_keil.o(.text)
    TIM8_BRK_UP_TRG_COM_IRQHandler           0x080040f1   Thumb Code     0  startup_mm32spin0280_keil.o(.text)
    TIM8_CC_IRQHandler                       0x080040f1   Thumb Code     0  startup_mm32spin0280_keil.o(.text)
    UART1_IRQHandler                         0x080040f1   Thumb Code     0  startup_mm32spin0280_keil.o(.text)
    UART3_IRQHandler                         0x080040f1   Thumb Code     0  startup_mm32spin0280_keil.o(.text)
    WWDG_IRQHandler                          0x080040f1   Thumb Code     0  startup_mm32spin0280_keil.o(.text)
    __aeabi_uidiv                            0x08004101   Thumb Code     0  uidiv.o(.text)
    __aeabi_uidivmod                         0x08004101   Thumb Code    44  uidiv.o(.text)
    __aeabi_memcpy                           0x0800412d   Thumb Code    36  memcpya.o(.text)
    __aeabi_memcpy4                          0x0800412d   Thumb Code     0  memcpya.o(.text)
    __aeabi_memcpy8                          0x0800412d   Thumb Code     0  memcpya.o(.text)
    __aeabi_ddiv                             0x08004151   Thumb Code   234  ddiv.o(.text)
    __aeabi_ui2d                             0x08004241   Thumb Code    24  dfltui.o(.text)
    __aeabi_uldivmod                         0x0800425d   Thumb Code    96  uldiv.o(.text)
    __I$use$fp                               0x080042bd   Thumb Code     0  iusefp.o(.text)
    _double_round                            0x080042bd   Thumb Code    26  depilogue.o(.text)
    _double_epilogue                         0x080042d7   Thumb Code   164  depilogue.o(.text)
    __aeabi_dadd                             0x0800437d   Thumb Code   330  dadd.o(.text)
    __aeabi_dsub                             0x080044c7   Thumb Code    12  dadd.o(.text)
    __aeabi_drsub                            0x080044d3   Thumb Code    12  dadd.o(.text)
    __aeabi_dmul                             0x080044e5   Thumb Code   202  dmul.o(.text)
    __aeabi_d2ulz                            0x080045b5   Thumb Code    54  dfixul.o(.text)
    __aeabi_cdrcmple                         0x080045f5   Thumb Code    38  cdrcmple.o(.text)
    __scatterload                            0x0800461d   Thumb Code    28  init.o(.text)
    __scatterload_rt2                        0x0800461d   Thumb Code     0  init.o(.text)
    __aeabi_llsl                             0x08004641   Thumb Code    32  llshl.o(.text)
    _ll_shift_l                              0x08004641   Thumb Code     0  llshl.o(.text)
    __aeabi_llsr                             0x08004661   Thumb Code    34  llushr.o(.text)
    _ll_ushift_r                             0x08004661   Thumb Code     0  llushr.o(.text)
    __aeabi_lasr                             0x08004683   Thumb Code    38  llsshr.o(.text)
    _ll_sshift_r                             0x08004683   Thumb Code     0  llsshr.o(.text)
    AutoCalPllFactor                         0x080046a9   Thumb Code   106  system_mm32spin0280.o(i.AutoCalPllFactor)
    DELAY_Init                               0x08004715   Thumb Code    72  delay.o(i.DELAY_Init)
    DELAY_Ms                                 0x08004769   Thumb Code    20  delay.o(i.DELAY_Ms)
    EXTI_MemoryRemapConfig                   0x08004781   Thumb Code    16  hal_exti.o(i.EXTI_MemoryRemapConfig)
    FLASH_ClearFlag                          0x08004795   Thumb Code     6  hal_flash.o(i.FLASH_ClearFlag)
    FLASH_ErasePage                          0x080047a1   Thumb Code    38  hal_flash.o(i.FLASH_ErasePage)
    FLASH_GetStatus                          0x080047d1   Thumb Code    52  hal_flash.o(i.FLASH_GetStatus)
    FLASH_Lock                               0x08004809   Thumb Code    14  hal_flash.o(i.FLASH_Lock)
    FLASH_ProgramHalfWord                    0x0800481d   Thumb Code    28  hal_flash.o(i.FLASH_ProgramHalfWord)
    FLASH_Unlock                             0x0800483d   Thumb Code    12  hal_flash.o(i.FLASH_Unlock)
    FLASH_WaitForLastOperation               0x08004855   Thumb Code    54  hal_flash.o(i.FLASH_WaitForLastOperation)
    GPIO_Init                                0x080048d3   Thumb Code   154  hal_gpio.o(i.GPIO_Init)
    GPIO_LED_Toggle_Sample                   0x0800496d   Thumb Code    92  gpio_led_toggle.o(i.GPIO_LED_Toggle_Sample)
    GPIO_PinAFConfig                         0x080049cd   Thumb Code    40  hal_gpio.o(i.GPIO_PinAFConfig)
    GPIO_ResetBits                           0x080049f5   Thumb Code     4  hal_gpio.o(i.GPIO_ResetBits)
    GPIO_SetBits                             0x080049f9   Thumb Code     4  hal_gpio.o(i.GPIO_SetBits)
    GPIO_StructInit                          0x080049fd   Thumb Code    16  hal_gpio.o(i.GPIO_StructInit)
    GPIO_WriteBit                            0x08004a0d   Thumb Code    12  hal_gpio.o(i.GPIO_WriteBit)
    HardFault_Handler                        0x08004a19   Thumb Code     4  mm32spin0280_it.o(i.HardFault_Handler)
    NMI_Handler                              0x08004a1d   Thumb Code     2  mm32spin0280_it.o(i.NMI_Handler)
    NVIC_Init                                0x08004a21   Thumb Code   100  hal_misc.o(i.NVIC_Init)
    PLATFORM_Init                            0x08004a89   Thumb Code    20  platform.o(i.PLATFORM_Init)
    PLATFORM_InitConsole                     0x08004a9d   Thumb Code   110  platform.o(i.PLATFORM_InitConsole)
    PLATFORM_InitLED                         0x08004b11   Thumb Code   112  platform.o(i.PLATFORM_InitLED)
    PLATFORM_LED_Enable                      0x08004b85   Thumb Code   122  platform.o(i.PLATFORM_LED_Enable)
    PLATFORM_PrintInfo                       0x08004c05   Thumb Code   240  platform.o(i.PLATFORM_PrintInfo)
    PendSV_Handler                           0x08004e85   Thumb Code     2  mm32spin0280_it.o(i.PendSV_Handler)
    RCC_AHBPeriphClockCmd                    0x08004e89   Thumb Code    28  hal_rcc.o(i.RCC_AHBPeriphClockCmd)
    RCC_APB1PeriphClockCmd                   0x08004ea9   Thumb Code    28  hal_rcc.o(i.RCC_APB1PeriphClockCmd)
    RCC_APB2PeriphClockCmd                   0x08004ec9   Thumb Code    28  hal_rcc.o(i.RCC_APB2PeriphClockCmd)
    RCC_GetClocksFreq                        0x08004ee9   Thumb Code    58  hal_rcc.o(i.RCC_GetClocksFreq)
    RCC_GetHCLKFreq                          0x08004f31   Thumb Code    24  hal_rcc.o(i.RCC_GetHCLKFreq)
    RCC_GetPCLK1Freq                         0x08004f51   Thumb Code    26  hal_rcc.o(i.RCC_GetPCLK1Freq)
    RCC_GetPCLK2Freq                         0x08004f75   Thumb Code    26  hal_rcc.o(i.RCC_GetPCLK2Freq)
    RCC_GetSysClockFreq                      0x08004f99   Thumb Code   130  hal_rcc.o(i.RCC_GetSysClockFreq)
    Reset_MCU                                0x0800502d   Thumb Code    24  main.o(i.Reset_MCU)
    Reset_Periph                             0x0800504d   Thumb Code    26  main.o(i.Reset_Periph)
    SVC_Handler                              0x0800506d   Thumb Code     2  mm32spin0280_it.o(i.SVC_Handler)
    SysTick_Handler                          0x080052c9   Thumb Code     8  delay.o(i.SysTick_Handler)
    SystemInit                               0x080052d1   Thumb Code    12  system_mm32spin0280.o(i.SystemInit)
    UART2_IRQHandler                         0x080052f5   Thumb Code   200  mm32spin0280_it.o(i.UART2_IRQHandler)
    UART_ClearITPendingBit                   0x080053d9   Thumb Code     4  hal_uart.o(i.UART_ClearITPendingBit)
    UART_Cmd                                 0x080053dd   Thumb Code    12  hal_uart.o(i.UART_Cmd)
    UART_Configure                           0x080053e9   Thumb Code   190  uart_interrupt.o(i.UART_Configure)
    UART_DeInit                              0x080054ad   Thumb Code    48  hal_uart.o(i.UART_DeInit)
    UART_GetFlagStatus                       0x080054e9   Thumb Code    18  hal_uart.o(i.UART_GetFlagStatus)
    UART_GetITStatus                         0x080054fb   Thumb Code    18  hal_uart.o(i.UART_GetITStatus)
    UART_ITConfig                            0x0800550d   Thumb Code    20  hal_uart.o(i.UART_ITConfig)
    UART_Init                                0x08005521   Thumb Code   116  hal_uart.o(i.UART_Init)
    UART_ReceiveData                         0x08005599   Thumb Code     8  hal_uart.o(i.UART_ReceiveData)
    UART_SendData                            0x080055a1   Thumb Code     6  hal_uart.o(i.UART_SendData)
    UART_StructInit                          0x080055a7   Thumb Code    26  hal_uart.o(i.UART_StructInit)
    __0printf                                0x080055c1   Thumb Code    24  printfa.o(i.__0printf)
    __1printf                                0x080055c1   Thumb Code     0  printfa.o(i.__0printf)
    __2printf                                0x080055c1   Thumb Code     0  printfa.o(i.__0printf)
    __c89printf                              0x080055c1   Thumb Code     0  printfa.o(i.__0printf)
    printf                                   0x080055c1   Thumb Code     0  printfa.o(i.__0printf)
    __ARM_clz                                0x080055e1   Thumb Code    46  depilogue.o(i.__ARM_clz)
    __scatterload_copy                       0x080056a9   Thumb Code    14  handlers.o(i.__scatterload_copy)
    __scatterload_null                       0x080056b7   Thumb Code     2  handlers.o(i.__scatterload_null)
    __scatterload_zeroinit                   0x080056b9   Thumb Code    14  handlers.o(i.__scatterload_zeroinit)
    exRCC_APB1PeriphReset                    0x08005ff5   Thumb Code    20  hal_rcc.o(i.exRCC_APB1PeriphReset)
    exRCC_APB2PeriphReset                    0x0800600d   Thumb Code    20  hal_rcc.o(i.exRCC_APB2PeriphReset)
    fputc                                    0x08006025   Thumb Code    32  platform.o(i.fputc)
    main                                     0x08006049   Thumb Code    74  main.o(i.main)
    setNVIC                                  0x080060a1   Thumb Code    46  main.o(i.setNVIC)
    Region$$Table$$Base                      0x080060dc   Number         0  anon$$obj.o(Region$$Table)
    Region$$Table$$Limit                     0x080060fc   Number         0  anon$$obj.o(Region$$Table)
    VectorTable                              0x20000000   Data         192  main.o(.ARM.__AT_0x20000000)
    Need_Jump_Flag                           0x20000100   Data           1  main.o(.data)
    Jump_Valid_Bytes                         0x20000101   Data           4  main.o(.data)
    UART_RxLength                            0x2000010c   Data           2  uart_interrupt.o(.data)
    tbPresc                                  0x2000010e   Data          16  hal_rcc.o(.data)
    SystemCoreClock                          0x20000120   Data           4  system_mm32spin0280.o(.data)
    AHBPrescTable                            0x20000124   Data          16  system_mm32spin0280.o(.data)
    __stdout                                 0x20000134   Data           4  stdout.o(.data)
    UART_RxBuffer                            0x20000138   Data        1300  uart_interrupt.o(.bss)
    __initial_sp                             0x20000a50   Data           0  startup_mm32spin0280_keil.o(STACK)



==============================================================================

Memory Map of the image

  Image Entry point : 0x080040c1

  Load Region LR_IROM1 (Base: 0x08004000, Size: 0x00002134, Max: 0x0000c000, ABSOLUTE)

    Execution Region ER_IROM1 (Exec base: 0x08004000, Load base: 0x08004000, Size: 0x000020fc, Max: 0x0000c000, ABSOLUTE)

    Exec Addr    Load Addr    Size         Type   Attr      Idx    E Section Name        Object

    0x08004000   0x08004000   0x000000c0   Data   RO         3879    RESET               startup_mm32spin0280_keil.o
    0x080040c0   0x080040c0   0x00000000   Code   RO         3884  * .ARM.Collect$$$$00000000  mc_p.l(entry.o)
    0x080040c0   0x080040c0   0x00000004   Code   RO         4162    .ARM.Collect$$$$00000001  mc_p.l(entry2.o)
    0x080040c4   0x080040c4   0x00000004   Code   RO         4165    .ARM.Collect$$$$00000004  mc_p.l(entry5.o)
    0x080040c8   0x080040c8   0x00000000   Code   RO         4167    .ARM.Collect$$$$00000008  mc_p.l(entry7b.o)
    0x080040c8   0x080040c8   0x00000000   Code   RO         4169    .ARM.Collect$$$$0000000A  mc_p.l(entry8b.o)
    0x080040c8   0x080040c8   0x00000008   Code   RO         4170    .ARM.Collect$$$$0000000B  mc_p.l(entry9a.o)
    0x080040d0   0x080040d0   0x00000004   Code   RO         4177    .ARM.Collect$$$$0000000E  mc_p.l(entry12b.o)
    0x080040d4   0x080040d4   0x00000000   Code   RO         4172    .ARM.Collect$$$$0000000F  mc_p.l(entry10a.o)
    0x080040d4   0x080040d4   0x00000000   Code   RO         4174    .ARM.Collect$$$$00000011  mc_p.l(entry11a.o)
    0x080040d4   0x080040d4   0x00000004   Code   RO         4163    .ARM.Collect$$$$00002712  mc_p.l(entry2.o)
    0x080040d8   0x080040d8   0x00000028   Code   RO         3880    .text               startup_mm32spin0280_keil.o
    0x08004100   0x08004100   0x0000002c   Code   RO         3887    .text               mc_p.l(uidiv.o)
    0x0800412c   0x0800412c   0x00000024   Code   RO         3891    .text               mc_p.l(memcpya.o)
    0x08004150   0x08004150   0x000000f0   Code   RO         4158    .text               mf_p.l(ddiv.o)
    0x08004240   0x08004240   0x0000001c   Code   RO         4160    .text               mf_p.l(dfltui.o)
    0x0800425c   0x0800425c   0x00000060   Code   RO         4179    .text               mc_p.l(uldiv.o)
    0x080042bc   0x080042bc   0x00000000   Code   RO         4181    .text               mc_p.l(iusefp.o)
    0x080042bc   0x080042bc   0x000000be   Code   RO         4182    .text               mf_p.l(depilogue.o)
    0x0800437a   0x0800437a   0x00000002   PAD
    0x0800437c   0x0800437c   0x00000168   Code   RO         4186    .text               mf_p.l(dadd.o)
    0x080044e4   0x080044e4   0x000000d0   Code   RO         4188    .text               mf_p.l(dmul.o)
    0x080045b4   0x080045b4   0x00000040   Code   RO         4190    .text               mf_p.l(dfixul.o)
    0x080045f4   0x080045f4   0x00000028   Code   RO         4192    .text               mf_p.l(cdrcmple.o)
    0x0800461c   0x0800461c   0x00000024   Code   RO         4194    .text               mc_p.l(init.o)
    0x08004640   0x08004640   0x00000020   Code   RO         4196    .text               mc_p.l(llshl.o)
    0x08004660   0x08004660   0x00000022   Code   RO         4198    .text               mc_p.l(llushr.o)
    0x08004682   0x08004682   0x00000026   Code   RO         4200    .text               mc_p.l(llsshr.o)
    0x080046a8   0x080046a8   0x0000006a   Code   RO         3821    i.AutoCalPllFactor  system_mm32spin0280.o
    0x08004712   0x08004712   0x00000002   PAD
    0x08004714   0x08004714   0x00000054   Code   RO          425    i.DELAY_Init        delay.o
    0x08004768   0x08004768   0x00000018   Code   RO          426    i.DELAY_Ms          delay.o
    0x08004780   0x08004780   0x00000014   Code   RO         1414    i.EXTI_MemoryRemapConfig  hal_exti.o
    0x08004794   0x08004794   0x0000000c   Code   RO         1500    i.FLASH_ClearFlag   hal_flash.o
    0x080047a0   0x080047a0   0x00000030   Code   RO         1504    i.FLASH_ErasePage   hal_flash.o
    0x080047d0   0x080047d0   0x00000038   Code   RO         1507    i.FLASH_GetStatus   hal_flash.o
    0x08004808   0x08004808   0x00000014   Code   RO         1510    i.FLASH_Lock        hal_flash.o
    0x0800481c   0x0800481c   0x00000020   Code   RO         1513    i.FLASH_ProgramHalfWord  hal_flash.o
    0x0800483c   0x0800483c   0x00000018   Code   RO         1518    i.FLASH_Unlock      hal_flash.o
    0x08004854   0x08004854   0x0000003c   Code   RO         1520    i.FLASH_WaitForLastOperation  hal_flash.o
    0x08004890   0x08004890   0x00000042   Code   RO            3    i.FLASH_Write       main.o
    0x080048d2   0x080048d2   0x0000009a   Code   RO         1681    i.GPIO_Init         hal_gpio.o
    0x0800496c   0x0800496c   0x00000060   Code   RO          512    i.GPIO_LED_Toggle_Sample  gpio_led_toggle.o
    0x080049cc   0x080049cc   0x00000028   Code   RO         1682    i.GPIO_PinAFConfig  hal_gpio.o
    0x080049f4   0x080049f4   0x00000004   Code   RO         1689    i.GPIO_ResetBits    hal_gpio.o
    0x080049f8   0x080049f8   0x00000004   Code   RO         1690    i.GPIO_SetBits      hal_gpio.o
    0x080049fc   0x080049fc   0x00000010   Code   RO         1691    i.GPIO_StructInit   hal_gpio.o
    0x08004a0c   0x08004a0c   0x0000000c   Code   RO         1693    i.GPIO_WriteBit     hal_gpio.o
    0x08004a18   0x08004a18   0x00000004   Code   RO          542    i.HardFault_Handler  mm32spin0280_it.o
    0x08004a1c   0x08004a1c   0x00000002   Code   RO          543    i.NMI_Handler       mm32spin0280_it.o
    0x08004a1e   0x08004a1e   0x00000002   PAD
    0x08004a20   0x08004a20   0x00000068   Code   RO         2099    i.NVIC_Init         hal_misc.o
    0x08004a88   0x08004a88   0x00000014   Code   RO          598    i.PLATFORM_Init     platform.o
    0x08004a9c   0x08004a9c   0x00000074   Code   RO          599    i.PLATFORM_InitConsole  platform.o
    0x08004b10   0x08004b10   0x00000074   Code   RO          601    i.PLATFORM_InitLED  platform.o
    0x08004b84   0x08004b84   0x00000080   Code   RO          602    i.PLATFORM_LED_Enable  platform.o
    0x08004c04   0x08004c04   0x00000280   Code   RO          604    i.PLATFORM_PrintInfo  platform.o
    0x08004e84   0x08004e84   0x00000002   Code   RO          544    i.PendSV_Handler    mm32spin0280_it.o
    0x08004e86   0x08004e86   0x00000002   PAD
    0x08004e88   0x08004e88   0x00000020   Code   RO         2245    i.RCC_AHBPeriphClockCmd  hal_rcc.o
    0x08004ea8   0x08004ea8   0x00000020   Code   RO         2248    i.RCC_APB1PeriphClockCmd  hal_rcc.o
    0x08004ec8   0x08004ec8   0x00000020   Code   RO         2251    i.RCC_APB2PeriphClockCmd  hal_rcc.o
    0x08004ee8   0x08004ee8   0x00000048   Code   RO         2264    i.RCC_GetClocksFreq  hal_rcc.o
    0x08004f30   0x08004f30   0x00000020   Code   RO         2266    i.RCC_GetHCLKFreq   hal_rcc.o
    0x08004f50   0x08004f50   0x00000024   Code   RO         2268    i.RCC_GetPCLK1Freq  hal_rcc.o
    0x08004f74   0x08004f74   0x00000024   Code   RO         2269    i.RCC_GetPCLK2Freq  hal_rcc.o
    0x08004f98   0x08004f98   0x00000094   Code   RO         2271    i.RCC_GetSysClockFreq  hal_rcc.o
    0x0800502c   0x0800502c   0x00000020   Code   RO            4    i.Reset_MCU         main.o
    0x0800504c   0x0800504c   0x00000020   Code   RO            5    i.Reset_Periph      main.o
    0x0800506c   0x0800506c   0x00000002   Code   RO          545    i.SVC_Handler       mm32spin0280_it.o
    0x0800506e   0x0800506e   0x00000008   Code   RO         3822    i.SetSysClock       system_mm32spin0280.o
    0x08005076   0x08005076   0x00000002   PAD
    0x08005078   0x08005078   0x0000007c   Code   RO         3823    i.SetSysClockToDefaultHSI  system_mm32spin0280.o
    0x080050f4   0x080050f4   0x000001d4   Code   RO         3824    i.SetSysClockWithHsiPLL  system_mm32spin0280.o
    0x080052c8   0x080052c8   0x00000008   Code   RO          427    i.SysTick_Handler   delay.o
    0x080052d0   0x080052d0   0x0000000c   Code   RO         3826    i.SystemInit        system_mm32spin0280.o
    0x080052dc   0x080052dc   0x00000018   Code   RO          428    i.TimingDelayDecrement  delay.o
    0x080052f4   0x080052f4   0x000000e4   Code   RO          546    i.UART2_IRQHandler  mm32spin0280_it.o
    0x080053d8   0x080053d8   0x00000004   Code   RO         3458    i.UART_ClearITPendingBit  hal_uart.o
    0x080053dc   0x080053dc   0x0000000c   Code   RO         3459    i.UART_Cmd          hal_uart.o
    0x080053e8   0x080053e8   0x000000c4   Code   RO          476    i.UART_Configure    uart_interrupt.o
    0x080054ac   0x080054ac   0x0000003c   Code   RO         3461    i.UART_DeInit       hal_uart.o
    0x080054e8   0x080054e8   0x00000012   Code   RO         3463    i.UART_GetFlagStatus  hal_uart.o
    0x080054fa   0x080054fa   0x00000012   Code   RO         3464    i.UART_GetITStatus  hal_uart.o
    0x0800550c   0x0800550c   0x00000014   Code   RO         3466    i.UART_ITConfig     hal_uart.o
    0x08005520   0x08005520   0x00000078   Code   RO         3467    i.UART_Init         hal_uart.o
    0x08005598   0x08005598   0x00000008   Code   RO         3468    i.UART_ReceiveData  hal_uart.o
    0x080055a0   0x080055a0   0x00000006   Code   RO         3471    i.UART_SendData     hal_uart.o
    0x080055a6   0x080055a6   0x0000001a   Code   RO         3486    i.UART_StructInit   hal_uart.o
    0x080055c0   0x080055c0   0x00000020   Code   RO         4130    i.__0printf         mc_p.l(printfa.o)
    0x080055e0   0x080055e0   0x0000002e   Code   RO         4184    i.__ARM_clz         mf_p.l(depilogue.o)
    0x0800560e   0x0800560e   0x00000002   PAD
    0x08005610   0x08005610   0x00000020   Code   RO            6    i.__NVIC_DisableIRQ  main.o
    0x08005630   0x08005630   0x00000078   Code   RO          429    i.__NVIC_SetPriority  delay.o
    0x080056a8   0x080056a8   0x0000000e   Code   RO         4204    i.__scatterload_copy  mc_p.l(handlers.o)
    0x080056b6   0x080056b6   0x00000002   Code   RO         4205    i.__scatterload_null  mc_p.l(handlers.o)
    0x080056b8   0x080056b8   0x0000000e   Code   RO         4206    i.__scatterload_zeroinit  mc_p.l(handlers.o)
    0x080056c6   0x080056c6   0x00000002   PAD
    0x080056c8   0x080056c8   0x00000174   Code   RO         4137    i._fp_digits        mc_p.l(printfa.o)
    0x0800583c   0x0800583c   0x000006f0   Code   RO         4138    i._printf_core      mc_p.l(printfa.o)
    0x08005f2c   0x08005f2c   0x00000020   Code   RO         4139    i._printf_post_padding  mc_p.l(printfa.o)
    0x08005f4c   0x08005f4c   0x0000002c   Code   RO         4140    i._printf_pre_padding  mc_p.l(printfa.o)
    0x08005f78   0x08005f78   0x00000044   Code   RO          547    i.calculate_xmodem_crc  mm32spin0280_it.o
    0x08005fbc   0x08005fbc   0x00000036   Code   RO         3827    i.delay_x_cycle     system_mm32spin0280.o
    0x08005ff2   0x08005ff2   0x00000002   PAD
    0x08005ff4   0x08005ff4   0x00000018   Code   RO         2291    i.exRCC_APB1PeriphReset  hal_rcc.o
    0x0800600c   0x0800600c   0x00000018   Code   RO         2292    i.exRCC_APB2PeriphReset  hal_rcc.o
    0x08006024   0x08006024   0x00000024   Code   RO          606    i.fputc             platform.o
    0x08006048   0x08006048   0x00000058   Code   RO            7    i.main              main.o
    0x080060a0   0x080060a0   0x00000038   Code   RO            8    i.setNVIC           main.o
    0x080060d8   0x080060d8   0x00000004   Data   RO          548    .constdata          mm32spin0280_it.o
    0x080060dc   0x080060dc   0x00000020   Data   RO         4202    Region$$Table       anon$$obj.o


    Execution Region RW_IRAM1 (Exec base: 0x20000100, Load base: 0x080060fc, Size: 0x00000950, Max: 0x00001f00, ABSOLUTE)

    Exec Addr    Load Addr    Size         Type   Attr      Idx    E Section Name        Object

    0x20000100   0x080060fc   0x00000005   Data   RW           10    .data               main.o
    0x20000105   0x08006101   0x00000003   PAD
    0x20000108   0x08006104   0x00000004   Data   RW          430    .data               delay.o
    0x2000010c   0x08006108   0x00000002   Data   RW          478    .data               uart_interrupt.o
    0x2000010e   0x0800610a   0x00000010   Data   RW         2296    .data               hal_rcc.o
    0x2000011e   0x0800611a   0x00000002   PAD
    0x20000120   0x0800611c   0x00000014   Data   RW         3828    .data               system_mm32spin0280.o
    0x20000134   0x08006130   0x00000004   Data   RW         4178    .data               mc_p.l(stdout.o)
    0x20000138        -       0x00000514   Zero   RW          477    .bss                uart_interrupt.o
    0x2000064c   0x08006134   0x00000004   PAD
    0x20000650        -       0x00000400   Zero   RW         3877    STACK               startup_mm32spin0280_keil.o



  Load Region LR$$.ARM.__AT_0x20000000 (Base: 0x20000000, Size: 0x00000000, Max: 0x000000c0, ABSOLUTE)

    Execution Region ER$$.ARM.__AT_0x20000000 (Exec base: 0x20000000, Load base: 0x20000000, Size: 0x000000c0, Max: 0x000000c0, ABSOLUTE, UNINIT)

    Exec Addr    Load Addr    Size         Type   Attr      Idx    E Section Name        Object

    0x20000000        -       0x000000c0   Zero   RW            9    .ARM.__AT_0x20000000  main.o


==============================================================================

Image component sizes


      Code (inc. data)   RO Data    RW Data    ZI Data      Debug   Object Name

       260         30          0          4          0      10646   delay.o
        96          4          0          0          0        549   gpio_led_toggle.o
        20          4          0          0          0        573   hal_exti.o
       252         48          0          0          0       7011   hal_flash.o
       230          0          0          0          0       6493   hal_gpio.o
       104          4          0          0          0        988   hal_misc.o
       468         80          0         16          0       9422   hal_rcc.o
       292         16          0          0          0       8479   hal_uart.o
       306         44          0          5        192     138446   main.o
       306         34          4          0          0       4182   mm32spin0280_it.o
      1056        420          0          0          0       4085   platform.o
        40         14        192          0       1024        752   startup_mm32spin0280_keil.o
         0          0          0          0          0       9596   sys.o
       772         50          0         20          0       5180   system_mm32spin0280.o
       196          6          0          2       1300       2751   uart_interrupt.o

    ----------------------------------------------------------------------
      4408        754        228         52       2520     209153   Object Totals
         0          0         32          0          0          0   (incl. Generated)
        10          0          0          5          4          0   (incl. Padding)

    ----------------------------------------------------------------------

      Code (inc. data)   RO Data    RW Data    ZI Data      Debug   Library Member Name

         0          0          0          0          0          0   entry.o
         0          0          0          0          0          0   entry10a.o
         0          0          0          0          0          0   entry11a.o
         4          0          0          0          0          0   entry12b.o
         8          4          0          0          0          0   entry2.o
         4          0          0          0          0          0   entry5.o
         0          0          0          0          0          0   entry7b.o
         0          0          0          0          0          0   entry8b.o
         8          4          0          0          0          0   entry9a.o
        30          0          0          0          0          0   handlers.o
        36          8          0          0          0         68   init.o
         0          0          0          0          0          0   iusefp.o
        32          0          0          0          0         68   llshl.o
        38          0          0          0          0         68   llsshr.o
        34          0          0          0          0         68   llushr.o
        36          0          0          0          0         60   memcpya.o
      2256         98          0          0          0        412   printfa.o
         0          0          0          4          0          0   stdout.o
        44          0          0          0          0         72   uidiv.o
        96          0          0          0          0         84   uldiv.o
        40          2          0          0          0         68   cdrcmple.o
       360          6          0          0          0        140   dadd.o
       240          6          0          0          0         84   ddiv.o
       236          0          0          0          0        216   depilogue.o
        64         10          0          0          0         68   dfixul.o
        28          4          0          0          0         68   dfltui.o
       208          6          0          0          0         88   dmul.o

    ----------------------------------------------------------------------
      3808        148          0          4          0       1632   Library Totals
         6          0          0          0          0          0   (incl. Padding)

    ----------------------------------------------------------------------

      Code (inc. data)   RO Data    RW Data    ZI Data      Debug   Library Name

      2626        114          0          4          0        900   mc_p.l
      1176         34          0          0          0        732   mf_p.l

    ----------------------------------------------------------------------
      3808        148          0          4          0       1632   Library Totals

    ----------------------------------------------------------------------

==============================================================================


      Code (inc. data)   RO Data    RW Data    ZI Data      Debug   

      8216        902        228         56       2520     207409   Grand Totals
      8216        902        228         56       2520     207409   ELF Image Totals
      8216        902        228         56          0          0   ROM Totals

==============================================================================

    Total RO  Size (Code + RO Data)                 8444 (   8.25kB)
    Total RW  Size (RW Data + ZI Data)              2576 (   2.52kB)
    Total ROM Size (Code + RO Data + RW Data)       8500 (   8.30kB)

==============================================================================

