Component: ARM Compiler 5.06 update 7 (build 960) Tool: armlink [4d3601]

==============================================================================

Section Cross References

    main.o(i.FLASH_Write) refers to hal_flash.o(i.FLASH_Unlock) for FLASH_Unlock
    main.o(i.FLASH_Write) refers to hal_flash.o(i.FLASH_ClearFlag) for FLASH_ClearFlag
    main.o(i.FLASH_Write) refers to hal_flash.o(i.FLASH_ProgramHalfWord) for FLASH_ProgramHalfWord
    main.o(i.FLASH_Write) refers to hal_flash.o(i.FLASH_Lock) for FLASH_Lock
    main.o(i.Flash_Erase_Page) refers to hal_flash.o(i.FLASH_Unlock) for FLASH_Unlock
    main.o(i.Flash_Erase_Page) refers to hal_flash.o(i.FLASH_ClearFlag) for FLASH_ClearFlag
    main.o(i.Flash_Erase_Page) refers to hal_flash.o(i.FLASH_ErasePage) for FLASH_ErasePage
    main.o(i.Flash_Erase_Page) refers to hal_flash.o(i.FLASH_Lock) for FLASH_Lock
    main.o(i.LED_Scan_Func) refers to main.o(i.__ARM_common_switch8) for __ARM_common_switch8
    main.o(i.LED_Scan_Func) refers to idiv.o(.text) for __aeabi_idivmod
    main.o(i.LED_Scan_Func) refers to gpio_led_toggle.o(i.GPIO_LED_Show_Update) for GPIO_LED_Show_Update
    main.o(i.LED_Scan_Func) refers to gpio_led_toggle.o(i.GPIO_LED_Show_Update_Succeeded) for GPIO_LED_Show_Update_Succeeded
    main.o(i.LED_Scan_Func) refers to gpio_led_toggle.o(i.GPIO_LED_Show_Update_Failed) for GPIO_LED_Show_Update_Failed
    main.o(i.LED_Scan_Func) refers to gpio_led_toggle.o(i.GPIO_LED_Show_Error) for GPIO_LED_Show_Error
    main.o(i.LED_Scan_Func) refers to gpio_led_toggle.o(i.GPIO_LED_Show_All_OFF) for GPIO_LED_Show_All_OFF
    main.o(i.LED_Scan_Func) refers to main.o(.data) for led_scan_cnt
    main.o(i.erasure_sector) refers to main.o(i.GetPage) for GetPage
    main.o(i.erasure_sector) refers to hal_flash.o(i.FLASH_Unlock) for FLASH_Unlock
    main.o(i.erasure_sector) refers to hal_flash.o(i.FLASH_ClearFlag) for FLASH_ClearFlag
    main.o(i.erasure_sector) refers to hal_flash.o(i.FLASH_ErasePage) for FLASH_ErasePage
    main.o(i.erasure_sector) refers to hal_flash.o(i.FLASH_Lock) for FLASH_Lock
    main.o(i.flash_write_data) refers to hal_flash.o(i.FLASH_Unlock) for FLASH_Unlock
    main.o(i.flash_write_data) refers to hal_flash.o(i.FLASH_ClearFlag) for FLASH_ClearFlag
    main.o(i.flash_write_data) refers to hal_flash.o(i.FLASH_ProgramHalfWord) for FLASH_ProgramHalfWord
    main.o(i.flash_write_data) refers to printfa.o(i.__0printf) for __2printf
    main.o(i.flash_write_data) refers to hal_flash.o(i.FLASH_Lock) for FLASH_Lock
    main.o(i.main) refers to main.o(i.is_app_valid) for is_app_valid
    main.o(i.main) refers to delay.o(i.DELAY_Init) for DELAY_Init
    main.o(i.main) refers to platform.o(i.PLATFORM_Init) for PLATFORM_Init
    main.o(i.main) refers to main.o(i.FLASH_Read) for FLASH_Read
    main.o(i.main) refers to printfa.o(i.__0printf) for __2printf
    main.o(i.main) refers to strncmp.o(.text) for strncmp
    main.o(i.main) refers to xmodem.o(i.xmodem_receive) for xmodem_receive
    main.o(i.main) refers to delay.o(i.DELAY_Ms) for DELAY_Ms
    main.o(i.main) refers to main.o(i.Flash_Erase_Page) for Flash_Erase_Page
    main.o(i.main) refers to main.o(i.FLASH_Write) for FLASH_Write
    main.o(i.main) refers to main.o(i.Reset_Periph) for Reset_Periph
    main.o(i.main) refers to main.o(.data) for LED_SCAN_MODE
    main.o(i.main) refers to main.o(.constdata) for Valid_buf
    main.o(i.receive_file_data_callback) refers to main.o(i.x_receive_flash_erasure) for x_receive_flash_erasure
    main.o(i.receive_file_data_callback) refers to main.o(i.x_receive_flash_writea) for x_receive_flash_writea
    main.o(i.receive_file_data_callback) refers to main.o(.data) for page_remain_size
    main.o(i.x_receive_flash_erasure) refers to main.o(i.erasure_sector) for erasure_sector
    main.o(i.x_receive_flash_erasure) refers to main.o(i.GetPage) for GetPage
    main.o(i.x_receive_flash_writea) refers to main.o(i.flash_write_data) for flash_write_data
    sys.o(i.SYSCLK_Init) refers to memcpya.o(.text) for __aeabi_memcpy4
    sys.o(i.SYSCLK_Init) refers to sys.o(i.DELAY_xUs) for DELAY_xUs
    sys.o(i.SYSCLK_Init) refers to sys.o(i.exRCC_ClkPrescaler_Init) for exRCC_ClkPrescaler_Init
    sys.o(i.SYSCLK_Init) refers to uidiv.o(.text) for __aeabi_uidivmod
    sys.o(i.SYSCLK_Init) refers to sys.o(.constdata) for .constdata
    sys.o(i.SYSCLK_Init) refers to sys.o(.data) for gSystemClockValue
    sys.o(i.SystemReInit) refers to sys.o(i.RCC_SetDefault) for RCC_SetDefault
    sys.o(i.SystemReInit) refers to sys.o(i.SYSCLK_Init) for SYSCLK_Init
    sys.o(i.exRCC_ClkPrescaler_Init) refers to sys.o(.constdata) for cRCC_ClockPrescalerTable
    delay.o(i.DELAY_Init) refers to uidiv.o(.text) for __aeabi_uidivmod
    delay.o(i.DELAY_Init) refers to delay.o(i.__NVIC_SetPriority) for __NVIC_SetPriority
    delay.o(i.DELAY_Init) refers to system_mm32spin0280.o(.data) for SystemCoreClock
    delay.o(i.DELAY_Ms) refers to delay.o(.data) for sTimingDelay
[...]
    Removing hal_dma.o(i.DMA_StructInit), (28 bytes).
    Removing hal_dma.o(i.exDMA_ClearITPendingBit), (44 bytes).
    Removing hal_dma.o(i.exDMA_SetMemoryAddress), (4 bytes).
    Removing hal_dma.o(i.exDMA_SetPeripheralAddress), (4 bytes).
    Removing hal_dma.o(i.exDMA_SetTransmitLen), (4 bytes).
    Removing hal_exti.o(.rev16_text), (4 bytes).
    Removing hal_exti.o(.revsh_text), (4 bytes).
    Removing hal_exti.o(i.EXTI_ClearFlag), (12 bytes).
    Removing hal_exti.o(i.EXTI_ClearITPendingBit), (12 bytes).
    Removing hal_exti.o(i.EXTI_DMAChannelRemapConfig), (32 bytes).
    Removing hal_exti.o(i.EXTI_DeInit), (64 bytes).
    Removing hal_exti.o(i.EXTI_GenerateSWInterrupt), (16 bytes).
    Removing hal_exti.o(i.EXTI_GetFlagStatus), (24 bytes).
    Removing hal_exti.o(i.EXTI_GetITStatus), (36 bytes).
    Removing hal_exti.o(i.EXTI_Init), (192 bytes).
    Removing hal_exti.o(i.EXTI_LineConfig), (60 bytes).
    Removing hal_exti.o(i.EXTI_MemoryRemapConfig), (20 bytes).
    Removing hal_exti.o(i.EXTI_StructInit), (16 bytes).
    Removing hal_exti.o(i.exEXTI_GetAllFlagStatus), (12 bytes).
    Removing hal_exti.o(i.exEXTI_LineDisable), (40 bytes).
    Removing hal_flash.o(.rev16_text), (4 bytes).
    Removing hal_flash.o(.revsh_text), (4 bytes).
    Removing hal_flash.o(i.FLASH_EnableWriteProtection), (56 bytes).
    Removing hal_flash.o(i.FLASH_EraseAllPages), (40 bytes).
    Removing hal_flash.o(i.FLASH_EraseOptionBytes), (44 bytes).
    Removing hal_flash.o(i.FLASH_GetFlagStatus), (36 bytes).
    Removing hal_flash.o(i.FLASH_GetPrefetchBufferStatus), (16 bytes).
    Removing hal_flash.o(i.FLASH_GetUserOptionByte), (12 bytes).
    Removing hal_flash.o(i.FLASH_GetWriteProtectionOptionByte), (12 bytes).
    Removing hal_flash.o(i.FLASH_OPTB_Enable), (24 bytes).
    Removing hal_flash.o(i.FLASH_PrefetchBufferCmd), (28 bytes).
    Removing hal_flash.o(i.FLASH_ProgramOptionByteData), (76 bytes).
    Removing hal_flash.o(i.FLASH_ProgramOptionHalfWord), (40 bytes).
    Removing hal_flash.o(i.FLASH_ProgramWord), (34 bytes).
    Removing hal_flash.o(i.FLASH_SetLatency), (20 bytes).
    Removing hal_flash.o(i.FLASH_UserOptionByteConfig), (72 bytes).
    Removing hal_flash.o(i.exFLASH_EraseEE), (20 bytes).
    Removing hal_flash.o(i.exFLASH_FindEmpty), (44 bytes).
    Removing hal_flash.o(i.exFLASH_Locate), (70 bytes).
    Removing hal_flash.o(i.exFLASH_ProgramEE), (48 bytes).
    Removing hal_flash.o(i.exFLASH_ReadEE), (36 bytes).
    Removing hal_flash.o(i.exFLASH_WriteEE), (132 bytes).
    Removing hal_gpio.o(.rev16_text), (4 bytes).
    Removing hal_gpio.o(.revsh_text), (4 bytes).
    Removing hal_gpio.o(i.GPIO_AFIODeInit), (52 bytes).
    Removing hal_gpio.o(i.GPIO_DeInit), (86 bytes).
    Removing hal_gpio.o(i.GPIO_PinLock), (20 bytes).
    Removing hal_gpio.o(i.GPIO_PinLockConfig), (24 bytes).
    Removing hal_gpio.o(i.GPIO_ReadInputData), (8 bytes).
    Removing hal_gpio.o(i.GPIO_ReadInputDataBit), (18 bytes).
    Removing hal_gpio.o(i.GPIO_ReadOutputData), (8 bytes).
    Removing hal_gpio.o(i.GPIO_Write), (4 bytes).
    Removing hal_gpio.o(i.exGPIO_PinAFConfig), (74 bytes).
    Removing hal_i2c.o(.rev16_text), (4 bytes).
    Removing hal_i2c.o(.revsh_text), (4 bytes).
    Removing hal_i2c.o(i.I2C_CheckEvent), (44 bytes).
    Removing hal_i2c.o(i.I2C_ClearFlag), (156 bytes).
    Removing hal_i2c.o(i.I2C_ClearITPendingBit), (126 bytes).
    Removing hal_i2c.o(i.I2C_Cmd), (24 bytes).
    Removing hal_i2c.o(i.I2C_DMACmd), (60 bytes).
    Removing hal_i2c.o(i.I2C_DMAConfigure), (10 bytes).
    Removing hal_i2c.o(i.I2C_DeInit), (24 bytes).
    Removing hal_i2c.o(i.I2C_DualAddressCmd), (32 bytes).
    Removing hal_i2c.o(i.I2C_GeneralCallCmd), (28 bytes).
    Removing hal_i2c.o(i.I2C_GenerateSTART), (24 bytes).
    Removing hal_i2c.o(i.I2C_GenerateSTOP), (48 bytes).
    Removing hal_i2c.o(i.I2C_GetFlagStatus), (72 bytes).
    Removing hal_i2c.o(i.I2C_GetITStatus), (18 bytes).
    Removing hal_i2c.o(i.I2C_GetLastEvent), (16 bytes).
    Removing hal_i2c.o(i.I2C_GetSlaveReceivedAddr), (8 bytes).
    Removing hal_i2c.o(i.I2C_ITConfig), (36 bytes).
    Removing hal_i2c.o(i.I2C_Init), (256 bytes).
    Removing hal_i2c.o(i.I2C_OwnAddress2Config), (14 bytes).
    Removing hal_i2c.o(i.I2C_ReadCmd), (8 bytes).
    Removing hal_i2c.o(i.I2C_ReadRegister), (6 bytes).
    Removing hal_i2c.o(i.I2C_ReceiveData), (20 bytes).
    Removing hal_i2c.o(i.I2C_Send7bitAddress), (6 bytes).
    Removing hal_i2c.o(i.I2C_SendData), (4 bytes).
    Removing hal_i2c.o(i.I2C_SendSlaveAddress), (6 bytes).
    Removing hal_i2c.o(i.I2C_SlaveConfigure), (24 bytes).
    Removing hal_i2c.o(i.I2C_SlaveReceivedAddressMask), (6 bytes).
    Removing hal_i2c.o(i.I2C_StructInit), (24 bytes).
    Removing hal_i2c.o(.data), (4 bytes).
    Removing hal_iwdg.o(.rev16_text), (4 bytes).
    Removing hal_iwdg.o(.revsh_text), (4 bytes).
    Removing hal_iwdg.o(i.IVU_CheckStatus), (16 bytes).
    Removing hal_iwdg.o(i.IWDG_ClearIT), (20 bytes).
    Removing hal_iwdg.o(i.IWDG_ClearITPendingBit), (20 bytes).
    Removing hal_iwdg.o(i.IWDG_Enable), (16 bytes).
    Removing hal_iwdg.o(i.IWDG_EnableIT), (20 bytes).
    Removing hal_iwdg.o(i.IWDG_GetCnt), (12 bytes).
    Removing hal_iwdg.o(i.IWDG_GetFlagStatus), (24 bytes).
    Removing hal_iwdg.o(i.IWDG_GetPS), (12 bytes).
    Removing hal_iwdg.o(i.IWDG_GetReload), (12 bytes).
    Removing hal_iwdg.o(i.IWDG_OverflowConfig), (28 bytes).
    Removing hal_iwdg.o(i.IWDG_ReloadCounter), (16 bytes).
    Removing hal_iwdg.o(i.IWDG_Reset), (20 bytes).
    Removing hal_iwdg.o(i.IWDG_SetIGen), (12 bytes).
    Removing hal_iwdg.o(i.IWDG_SetPrescaler), (20 bytes).
    Removing hal_iwdg.o(i.IWDG_SetReload), (20 bytes).
    Removing hal_iwdg.o(i.IWDG_WriteAccessCmd), (12 bytes).
    Removing hal_iwdg.o(i.PVU_CheckStatus), (16 bytes).
    Removing hal_iwdg.o(i.RVU_CheckStatus), (16 bytes).
    Removing hal_misc.o(.rev16_text), (4 bytes).
    Removing hal_misc.o(.revsh_text), (4 bytes).
    Removing hal_misc.o(i.NVIC_SystemLPConfig), (32 bytes).
    Removing hal_misc.o(i.SysTick_CLKSourceConfig), (36 bytes).
    Removing hal_misc.o(i.exNVIC_Init), (104 bytes).
    Removing hal_opamp.o(.rev16_text), (4 bytes).
    Removing hal_opamp.o(.revsh_text), (4 bytes).
    Removing hal_opamp.o(i.OPAMP_Cmd), (32 bytes).
    Removing hal_opamp.o(i.OPAMP_Configure), (32 bytes).
    Removing hal_pwr.o(.rev16_text), (4 bytes).
    Removing hal_pwr.o(.revsh_text), (4 bytes).
    Removing hal_pwr.o(i.PWR_BackupAccessCmd), (40 bytes).
    Removing hal_pwr.o(i.PWR_ClearFlag), (20 bytes).
    Removing hal_pwr.o(i.PWR_DeInit), (12 bytes).
    Removing hal_pwr.o(i.PWR_EnterSTANDBYMode), (416 bytes).
    Removing hal_pwr.o(i.PWR_EnterSTOPMode), (544 bytes).
    Removing hal_pwr.o(i.PWR_GetFlagStatus), (16 bytes).
    Removing hal_pwr.o(i.PWR_PVDCmd), (36 bytes).
    Removing hal_pwr.o(i.PWR_PVDLevelConfig), (24 bytes).
    Removing hal_pwr.o(i.PWR_WakeUpPinCmd), (40 bytes).
    Removing hal_pwr.o(i.PWR_WakeUpPinXCmd), (36 bytes).
    Removing hal_pwr.o(i.PWR_WakeUpPinXEdgeConfig), (148 bytes).
    Removing hal_rcc.o(.rev16_text), (4 bytes).
    Removing hal_rcc.o(.revsh_text), (4 bytes).
    Removing hal_rcc.o(i.RCC_ADCCLKConfig), (24 bytes).
    Removing hal_rcc.o(i.RCC_ADC_ClockCmd), (92 bytes).
    Removing hal_rcc.o(i.RCC_AHBPeriphReset), (24 bytes).
    Removing hal_rcc.o(i.RCC_AHBPeriphResetCmd), (32 bytes).
    Removing hal_rcc.o(i.RCC_APB1PeriphReset), (24 bytes).
    Removing hal_rcc.o(i.RCC_APB1PeriphResetCmd), (32 bytes).
    Removing hal_rcc.o(i.RCC_APB2PeriphReset), (24 bytes).
    Removing hal_rcc.o(i.RCC_APB2PeriphResetCmd), (32 bytes).
    Removing hal_rcc.o(i.RCC_BackupResetCmd), (24 bytes).
    Removing hal_rcc.o(i.RCC_COMP_ClockCmd), (52 bytes).
    Removing hal_rcc.o(i.RCC_CRC_ClockCmd), (48 bytes).
    Removing hal_rcc.o(i.RCC_ClearFlag), (20 bytes).
    Removing hal_rcc.o(i.RCC_ClearITPendingBit), (20 bytes).
    Removing hal_rcc.o(i.RCC_ClockSecuritySystemCmd), (24 bytes).
    Removing hal_rcc.o(i.RCC_DIV_ClockCmd), (52 bytes).
    Removing hal_rcc.o(i.RCC_DMA_ClockCmd), (48 bytes).
    Removing hal_rcc.o(i.RCC_DeInit), (72 bytes).
    Removing hal_rcc.o(i.RCC_GPIO_ClockCmd), (184 bytes).
    Removing hal_rcc.o(i.RCC_GetFlagStatus), (56 bytes).
    Removing hal_rcc.o(i.RCC_GetITStatus), (16 bytes).
    Removing hal_rcc.o(i.RCC_GetSYSCLKSource), (16 bytes).
    Removing hal_rcc.o(i.RCC_HCLKConfig), (20 bytes).
    Removing hal_rcc.o(i.RCC_HSEConfig), (76 bytes).
    Removing hal_rcc.o(i.RCC_HSICmd), (20 bytes).
    Removing hal_rcc.o(i.RCC_I2C_ClockCmd), (52 bytes).
    Removing hal_rcc.o(i.RCC_ITConfig), (36 bytes).
    Removing hal_rcc.o(i.RCC_LSICmd), (20 bytes).
    Removing hal_rcc.o(i.RCC_MCOConfig), (24 bytes).
    Removing hal_rcc.o(i.RCC_PCLK1Config), (24 bytes).
    Removing hal_rcc.o(i.RCC_PCLK2Config), (24 bytes).
    Removing hal_rcc.o(i.RCC_PLLCmd), (24 bytes).
    Removing hal_rcc.o(i.RCC_PLLConfig), (88 bytes).
    Removing hal_rcc.o(i.RCC_PLLDMDNConfig), (32 bytes).
    Removing hal_rcc.o(i.RCC_SPI_ClockCmd), (92 bytes).
    Removing hal_rcc.o(i.RCC_SYSCLKConfig), (20 bytes).
    Removing hal_rcc.o(i.RCC_UART_ClockCmd), (144 bytes).
    Removing hal_rcc.o(i.RCC_WaitForFlagStartUp), (38 bytes).
    Removing hal_rcc.o(i.RCC_WaitForHSEStartUp), (46 bytes).
    Removing hal_rcc.o(i.__NVIC_SetPriority), (120 bytes).
    Removing hal_rcc.o(i.exRCC_AHBPeriphReset), (24 bytes).
    Removing hal_rcc.o(i.exRCC_APB1PeriphReset), (24 bytes).
    Removing hal_rcc.o(i.exRCC_APB2PeriphReset), (24 bytes).
    Removing hal_rcc.o(i.exRCC_BackupReset), (2 bytes).
    Removing hal_rcc.o(i.exRCC_SystickDisable), (20 bytes).
    Removing hal_rcc.o(i.exRCC_SystickEnable), (72 bytes).
    Removing hal_spi.o(.rev16_text), (4 bytes).
    Removing hal_spi.o(.revsh_text), (4 bytes).
    Removing hal_spi.o(i.I2S_Cmd), (28 bytes).
    Removing hal_spi.o(i.I2S_Init), (380 bytes).
    Removing hal_spi.o(i.SPI_BiDirectionalLineConfig), (64 bytes).
    Removing hal_spi.o(i.SPI_CSInternalSelected), (24 bytes).
    Removing hal_spi.o(i.SPI_ClearITPendingBit), (4 bytes).
    Removing hal_spi.o(i.SPI_Cmd), (24 bytes).
    Removing hal_spi.o(i.SPI_DMACmd), (28 bytes).
    Removing hal_spi.o(i.SPI_DataSizeConfig), (20 bytes).
    Removing hal_spi.o(i.SPI_DataSizeTypeConfig), (18 bytes).
    Removing hal_spi.o(i.SPI_DeInit), (72 bytes).
    Removing hal_spi.o(i.SPI_FifoTrigger), (20 bytes).
    Removing hal_spi.o(i.SPI_GetFlagStatus), (18 bytes).
    Removing hal_spi.o(i.SPI_GetITStatus), (18 bytes).
    Removing hal_spi.o(i.SPI_ITConfig), (38 bytes).
    Removing hal_spi.o(i.SPI_Init), (144 bytes).
    Removing hal_spi.o(i.SPI_NSSInternalSoftwareConfig), (28 bytes).
    Removing hal_spi.o(i.SPI_ReceiveData), (50 bytes).
    Removing hal_spi.o(i.SPI_RxBytes), (4 bytes).
    Removing hal_spi.o(i.SPI_SendData), (42 bytes).
    Removing hal_spi.o(i.SPI_SlaveAdjust), (24 bytes).
    Removing hal_spi.o(i.SPI_StructInit), (32 bytes).
    Removing hal_spi.o(i.exSPI_CSInternalSelected), (24 bytes).
    Removing hal_spi.o(i.exSPI_DMACmd), (28 bytes).
    Removing hal_spi.o(i.exSPI_DataEdgeAdjust), (58 bytes).
    Removing hal_spi.o(i.exSPI_ITCmd), (24 bytes).
    Removing hal_spi.o(i.exSPI_ITConfig), (20 bytes).
    Removing hal_sqrt.o(.rev16_text), (4 bytes).
    Removing hal_sqrt.o(.revsh_text), (4 bytes).
    Removing hal_sqrt.o(i.HWRoot_Get), (12 bytes).
    Removing hal_sqrt.o(i.HWRoot_Set), (12 bytes).
    Removing hal_tim.o(.rev16_text), (4 bytes).
    Removing hal_tim.o(.revsh_text), (4 bytes).
    Removing hal_tim.o(i.TI1_Configure), (32 bytes).
    Removing hal_tim.o(i.TI2_Configure), (38 bytes).
    Removing hal_tim.o(i.TI3_Configure), (38 bytes).
    Removing hal_tim.o(i.TI4_Configure), (42 bytes).
    Removing hal_tim.o(i.TIM_ARRPreloadConfig), (24 bytes).
    Removing hal_tim.o(i.TIM_BDTRConfig), (30 bytes).
    Removing hal_tim.o(i.TIM_BDTRStructInit), (18 bytes).
    Removing hal_tim.o(i.TIM_BreakInputFilterConfigure), (12 bytes).
    Removing hal_tim.o(i.TIM_BreakInputFilter_Cmd), (24 bytes).
    Removing hal_tim.o(i.TIM_CCPreloadControl), (24 bytes).
    Removing hal_tim.o(i.TIM_CCxCmd), (20 bytes).
    Removing hal_tim.o(i.TIM_CCxNCmd), (24 bytes).
    Removing hal_tim.o(i.TIM_ClearOC1Ref), (12 bytes).
    Removing hal_tim.o(i.TIM_ClearOC2Ref), (16 bytes).
    Removing hal_tim.o(i.TIM_ClearOC3Ref), (12 bytes).
    Removing hal_tim.o(i.TIM_ClearOC4Ref), (16 bytes).
    Removing hal_tim.o(i.TIM_CounterModeConfig), (12 bytes).
    Removing hal_tim.o(i.TIM_CtrlPWMOutputs), (28 bytes).
    Removing hal_tim.o(i.TIM_DMACmd), (20 bytes).
    Removing hal_tim.o(i.TIM_DMAConfig), (8 bytes).
    Removing hal_tim.o(i.TIM_DeInit), (144 bytes).
    Removing hal_tim.o(i.TIM_DirectOutput), (28 bytes).
    Removing hal_tim.o(i.TIM_ETRClockMode1Config), (34 bytes).
    Removing hal_tim.o(i.TIM_ETRClockMode2Config), (34 bytes).
    Removing hal_tim.o(i.TIM_ETRConfig), (50 bytes).
    Removing hal_tim.o(i.TIM_EncoderInterfaceConfig), (44 bytes).
    Removing hal_tim.o(i.TIM_ForcedOC1Config), (12 bytes).
    Removing hal_tim.o(i.TIM_ForcedOC2Config), (16 bytes).
    Removing hal_tim.o(i.TIM_ForcedOC3Config), (12 bytes).
    Removing hal_tim.o(i.TIM_ForcedOC4Config), (16 bytes).
    Removing hal_tim.o(i.TIM_GenerateEvent), (4 bytes).
    Removing hal_tim.o(i.TIM_GetCapture1), (6 bytes).
    Removing hal_tim.o(i.TIM_GetCapture2), (6 bytes).
    Removing hal_tim.o(i.TIM_GetCapture3), (6 bytes).
    Removing hal_tim.o(i.TIM_GetCapture4), (6 bytes).
    Removing hal_tim.o(i.TIM_GetCapture5), (6 bytes).
    Removing hal_tim.o(i.TIM_GetCounter), (6 bytes).
    Removing hal_tim.o(i.TIM_GetFlagStatus), (18 bytes).
    Removing hal_tim.o(i.TIM_GetPrescaler), (8 bytes).
    Removing hal_tim.o(i.TIM_ICInit), (120 bytes).
    Removing hal_tim.o(i.TIM_ICStructInit), (18 bytes).
    Removing hal_tim.o(i.TIM_ITRxExternalClockConfig), (24 bytes).
    Removing hal_tim.o(i.TIM_InternalClockConfig), (10 bytes).
    Removing hal_tim.o(i.TIM_OC1FastConfig), (12 bytes).
    Removing hal_tim.o(i.TIM_OC1Init), (108 bytes).
    Removing hal_tim.o(i.TIM_OC1NPolarityConfig), (12 bytes).
    Removing hal_tim.o(i.TIM_OC1PolarityConfig), (12 bytes).
    Removing hal_tim.o(i.TIM_OC1PreloadConfig), (12 bytes).
    Removing hal_tim.o(i.TIM_OC2FastConfig), (16 bytes).
    Removing hal_tim.o(i.TIM_OC2Init), (104 bytes).
    Removing hal_tim.o(i.TIM_OC2NPolarityConfig), (14 bytes).
    Removing hal_tim.o(i.TIM_OC2PolarityConfig), (14 bytes).
    Removing hal_tim.o(i.TIM_OC2PreloadConfig), (16 bytes).
    Removing hal_tim.o(i.TIM_OC3FastConfig), (12 bytes).
    Removing hal_tim.o(i.TIM_OC3Init), (104 bytes).
    Removing hal_tim.o(i.TIM_OC3NPolarityConfig), (16 bytes).
    Removing hal_tim.o(i.TIM_OC3PolarityConfig), (16 bytes).
    Removing hal_tim.o(i.TIM_OC3PreloadConfig), (12 bytes).
    Removing hal_tim.o(i.TIM_OC4FastConfig), (16 bytes).
    Removing hal_tim.o(i.TIM_OC4Init), (84 bytes).
    Removing hal_tim.o(i.TIM_OC4PolarityConfig), (16 bytes).
    Removing hal_tim.o(i.TIM_OC4PreloadConfig), (16 bytes).
    Removing hal_tim.o(i.TIM_OC5FastConfig), (12 bytes).
    Removing hal_tim.o(i.TIM_OC5Init), (18 bytes).
    Removing hal_tim.o(i.TIM_OC5PreloadConfig), (12 bytes).
    Removing hal_tim.o(i.TIM_OCStructInit), (20 bytes).
    Removing hal_tim.o(i.TIM_PWMIConfig), (128 bytes).
    Removing hal_tim.o(i.TIM_PWMShiftConfig), (20 bytes).
    Removing hal_tim.o(i.TIM_PrescalerConfig), (6 bytes).
    Removing hal_tim.o(i.TIM_SelectCCDMA), (24 bytes).
    Removing hal_tim.o(i.TIM_SelectCOM), (24 bytes).
    Removing hal_tim.o(i.TIM_SelectHallSensor), (24 bytes).
    Removing hal_tim.o(i.TIM_SelectInputTrigger), (12 bytes).
    Removing hal_tim.o(i.TIM_SelectMasterSlaveMode), (12 bytes).
    Removing hal_tim.o(i.TIM_SelectOCxM), (92 bytes).
    Removing hal_tim.o(i.TIM_SelectOnePulseMode), (12 bytes).
    Removing hal_tim.o(i.TIM_SelectOutputTrigger), (12 bytes).
    Removing hal_tim.o(i.TIM_SelectSlaveMode), (12 bytes).
    Removing hal_tim.o(i.TIM_SetAutoreload), (4 bytes).
    Removing hal_tim.o(i.TIM_SetCCR1FALL), (4 bytes).
    Removing hal_tim.o(i.TIM_SetCCR2FALL), (4 bytes).
    Removing hal_tim.o(i.TIM_SetCCR3FALL), (4 bytes).
    Removing hal_tim.o(i.TIM_SetCCR4FALL), (4 bytes).
    Removing hal_tim.o(i.TIM_SetCCR5FALL), (4 bytes).
    Removing hal_tim.o(i.TIM_SetClockDivision), (14 bytes).
    Removing hal_tim.o(i.TIM_SetCompare1), (18 bytes).
    Removing hal_tim.o(i.TIM_SetCompare2), (18 bytes).
    Removing hal_tim.o(i.TIM_SetCompare3), (18 bytes).
    Removing hal_tim.o(i.TIM_SetCompare4), (18 bytes).
    Removing hal_tim.o(i.TIM_SetCompare5), (6 bytes).
    Removing hal_tim.o(i.TIM_SetCounter), (18 bytes).
    Removing hal_tim.o(i.TIM_SetIC1Plority), (12 bytes).
    Removing hal_tim.o(i.TIM_SetIC1Prescaler), (12 bytes).
    Removing hal_tim.o(i.TIM_SetIC2Plority), (14 bytes).
    Removing hal_tim.o(i.TIM_SetIC2Prescaler), (16 bytes).
    Removing hal_tim.o(i.TIM_SetIC3Plority), (16 bytes).
    Removing hal_tim.o(i.TIM_SetIC3Prescaler), (12 bytes).
    Removing hal_tim.o(i.TIM_SetIC4Plority), (16 bytes).
    Removing hal_tim.o(i.TIM_SetIC4Prescaler), (16 bytes).
    Removing hal_tim.o(i.TIM_TIxExternalClockConfig), (58 bytes).
    Removing hal_tim.o(i.TIM_UpdateDisableConfig), (24 bytes).
    Removing hal_tim.o(i.TIM_UpdateRequestConfig), (12 bytes).
    Removing hal_uart.o(.rev16_text), (4 bytes).
    Removing hal_uart.o(.revsh_text), (4 bytes).
    Removing hal_uart.o(i.UART_AutoBaudRateCmd), (24 bytes).
    Removing hal_uart.o(i.UART_AutoBaudRateSet), (178 bytes).
    Removing hal_uart.o(i.UART_DMACmd), (18 bytes).
    Removing hal_uart.o(i.UART_DeInit), (60 bytes).
    Removing hal_uart.o(i.UART_Enable9bit), (16 bytes).
    Removing hal_uart.o(i.UART_HalfDuplexCmd), (16 bytes).
    Removing hal_uart.o(i.UART_ReceiverWakeUpCmd), (16 bytes).
    Removing hal_uart.o(i.UART_SendBreak), (10 bytes).
    Removing hal_uart.o(i.UART_Set9bitAutomaticToggle), (16 bytes).
    Removing hal_uart.o(i.UART_Set9bitLevel), (16 bytes).
    Removing hal_uart.o(i.UART_Set9bitPolarity), (14 bytes).
    Removing hal_uart.o(i.UART_SetGuardTime), (16 bytes).
    Removing hal_uart.o(i.UART_SetLIN), (16 bytes).
    Removing hal_uart.o(i.UART_SetRXAddress), (12 bytes).
    Removing hal_uart.o(i.UART_SetRXMASK), (12 bytes).
    Removing hal_uart.o(i.UART_SetRXToggle), (16 bytes).
    Removing hal_uart.o(i.UART_SetRecevieEnable), (14 bytes).
    Removing hal_uart.o(i.UART_SetTXToggle), (16 bytes).
    Removing hal_uart.o(i.UART_SetTransmitEnable), (14 bytes).
    Removing hal_uart.o(i.UART_SetTxRxSWAP), (16 bytes).
    Removing hal_uart.o(i.UART_SmartCardCmd), (12 bytes).
    Removing hal_uart.o(i.UART_SmartCardNACKCmd), (14 bytes).
    Removing hal_uart.o(i.UART_WakeUpConfig), (14 bytes).
    Removing hal_uid.o(.rev16_text), (4 bytes).
    Removing hal_uid.o(.revsh_text), (4 bytes).
    Removing hal_uid.o(i.GetChipUID), (32 bytes).
    Removing hal_uid.o(.bss), (12 bytes).
    Removing hal_ver.o(.rev16_text), (4 bytes).
    Removing hal_ver.o(.revsh_text), (4 bytes).
    Removing hal_ver.o(i.Get_ChipsetDEVID), (12 bytes).
    Removing hal_ver.o(i.Get_ChipsetREVID), (16 bytes).
    Removing hal_ver.o(i.Get_ChipsetUIDw0), (12 bytes).
    Removing hal_ver.o(i.Get_ChipsetUIDw1), (12 bytes).
    Removing hal_ver.o(i.Get_ChipsetUIDw2), (12 bytes).
    Removing hal_ver.o(i.Get_MM32LibReleaseDate), (8 bytes).
    Removing hal_ver.o(i.Get_MM32LibVersion), (6 bytes).
    Removing hal_wwdg.o(.rev16_text), (4 bytes).
    Removing hal_wwdg.o(.revsh_text), (4 bytes).
    Removing hal_wwdg.o(i.WWDG_ClearFlag), (16 bytes).
    Removing hal_wwdg.o(i.WWDG_DeInit), (12 bytes).
    Removing hal_wwdg.o(i.WWDG_Enable), (16 bytes).
    Removing hal_wwdg.o(i.WWDG_EnableIT), (20 bytes).
    Removing hal_wwdg.o(i.WWDG_GetCounter), (16 bytes).
    Removing hal_wwdg.o(i.WWDG_GetFlagStatus), (20 bytes).
    Removing hal_wwdg.o(i.WWDG_SetCounter), (16 bytes).
    Removing hal_wwdg.o(i.WWDG_SetPrescaler), (24 bytes).
    Removing hal_wwdg.o(i.WWDG_SetWindowValue), (24 bytes).
    Removing system_mm32spin0280.o(.rev16_text), (4 bytes).
    Removing system_mm32spin0280.o(.revsh_text), (4 bytes).
    Removing system_mm32spin0280.o(i.SystemCoreClockUpdate), (148 bytes).
    Removing startup_mm32spin0280_keil.o(HEAP), (512 bytes).
    Removing dfltui.o(.text), (28 bytes).

509 unused section(s) (total 17971 bytes) removed from the image.

==============================================================================

Image Symbol Table

    Local Symbols

    Symbol Name                              Value     Ov Type        Size  Object(Section)

    ../clib/microlib/division.c              0x00000000   Number         0  idiv.o ABSOLUTE
    ../clib/microlib/division.c              0x00000000   Number         0  uldiv.o ABSOLUTE
    ../clib/microlib/division.c              0x00000000   Number         0  uidiv.o ABSOLUTE
    ../clib/microlib/init/entry.s            0x00000000   Number         0  entry12a.o ABSOLUTE
    ../clib/microlib/init/entry.s            0x00000000   Number         0  entry.o ABSOLUTE
    ../clib/microlib/init/entry.s            0x00000000   Number         0  entry12b.o ABSOLUTE
    ../clib/microlib/init/entry.s            0x00000000   Number         0  entry10a.o ABSOLUTE
    ../clib/microlib/init/entry.s            0x00000000   Number         0  entry2.o ABSOLUTE
    ../clib/microlib/init/entry.s            0x00000000   Number         0  entry10b.o ABSOLUTE
    ../clib/microlib/init/entry.s            0x00000000   Number         0  entry9a.o ABSOLUTE
    ../clib/microlib/init/entry.s            0x00000000   Number         0  entry7b.o ABSOLUTE
    ../clib/microlib/init/entry.s            0x00000000   Number         0  entry8a.o ABSOLUTE
    ../clib/microlib/init/entry.s            0x00000000   Number         0  entry7a.o ABSOLUTE
    ../clib/microlib/init/entry.s            0x00000000   Number         0  entry8b.o ABSOLUTE
    ../clib/microlib/init/entry.s            0x00000000   Number         0  entry5.o ABSOLUTE
    ../clib/microlib/init/entry.s            0x00000000   Number         0  entry9b.o ABSOLUTE
    ../clib/microlib/init/entry.s            0x00000000   Number         0  entry11b.o ABSOLUTE
    ../clib/microlib/init/entry.s            0x00000000   Number         0  entry11a.o ABSOLUTE
    ../clib/microlib/longlong.c              0x00000000   Number         0  llshl.o ABSOLUTE
    ../clib/microlib/longlong.c              0x00000000   Number         0  llushr.o ABSOLUTE
    ../clib/microlib/longlong.c              0x00000000   Number         0  llsshr.o ABSOLUTE
    ../clib/microlib/printf/printf.c         0x00000000   Number         0  printf1.o ABSOLUTE
    ../clib/microlib/printf/printf.c         0x00000000   Number         0  printf2.o ABSOLUTE
    ../clib/microlib/printf/printf.c         0x00000000   Number         0  printf3.o ABSOLUTE
    ../clib/microlib/printf/printf.c         0x00000000   Number         0  printf4.o ABSOLUTE
    ../clib/microlib/printf/printf.c         0x00000000   Number         0  printf5.o ABSOLUTE
    ../clib/microlib/printf/printf.c         0x00000000   Number         0  printf7.o ABSOLUTE
    ../clib/microlib/printf/printf.c         0x00000000   Number         0  printf8.o ABSOLUTE
    ../clib/microlib/printf/printf.c         0x00000000   Number         0  printf6.o ABSOLUTE
    ../clib/microlib/printf/printf.c         0x00000000   Number         0  printfa.o ABSOLUTE
    ../clib/microlib/printf/printf.c         0x00000000   Number         0  printfb.o ABSOLUTE
    ../clib/microlib/printf/printf.c         0x00000000   Number         0  printf0.o ABSOLUTE
    ../clib/microlib/printf/stubs.s          0x00000000   Number         0  stubs.o ABSOLUTE
    ../clib/microlib/stdio/streams.c         0x00000000   Number         0  stdout.o ABSOLUTE
    ../clib/microlib/string/memcpy.c         0x00000000   Number         0  memcpyb.o ABSOLUTE
    ../clib/microlib/string/memcpy.c         0x00000000   Number         0  memcpya.o ABSOLUTE
    ../clib/microlib/string/memset.c         0x00000000   Number         0  memseta.o ABSOLUTE
    ../clib/microlib/string/strncmp.c        0x00000000   Number         0  strncmp.o ABSOLUTE
    ../clib/microlib/stubs.s                 0x00000000   Number         0  iusefp.o ABSOLUTE
    ../fplib/microlib/fpadd.c                0x00000000   Number         0  dadd.o ABSOLUTE
    ../fplib/microlib/fpdiv.c                0x00000000   Number         0  ddiv.o ABSOLUTE
    ../fplib/microlib/fpepilogue.c           0x00000000   Number         0  depilogue.o ABSOLUTE
    ../fplib/microlib/fpfix.c                0x00000000   Number         0  dfixul.o ABSOLUTE
    ../fplib/microlib/fpflt.c                0x00000000   Number         0  dfltui.o ABSOLUTE
    ../fplib/microlib/fpmul.c                0x00000000   Number         0  dmul.o ABSOLUTE
    ..\App\DELAY\delay.c                     0x00000000   Number         0  delay.o ABSOLUTE
    ..\App\SYS\sys.c                         0x00000000   Number         0  sys.o ABSOLUTE
    ..\App\gpio_led_toggle.c                 0x00000000   Number         0  gpio_led_toggle.o ABSOLUTE
    ..\App\main.c                            0x00000000   Number         0  main.o ABSOLUTE
    ..\App\mm32spin0280_it.c                 0x00000000   Number         0  mm32spin0280_it.o ABSOLUTE
    ..\App\platform.c                        0x00000000   Number         0  platform.o ABSOLUTE
    ..\App\tim14_timebase.c                  0x00000000   Number         0  tim14_timebase.o ABSOLUTE
    ..\App\uart_interrupt.c                  0x00000000   Number         0  uart_interrupt.o ABSOLUTE
    ..\App\xmodem.c                          0x00000000   Number         0  xmodem.o ABSOLUTE
    ..\Device\MM32SPIN0280\HAL_Lib\Src\hal_adc.c 0x00000000   Number         0  hal_adc.o ABSOLUTE
    ..\Device\MM32SPIN0280\HAL_Lib\Src\hal_bkp.c 0x00000000   Number         0  hal_bkp.o ABSOLUTE
    ..\Device\MM32SPIN0280\HAL_Lib\Src\hal_comp.c 0x00000000   Number         0  hal_comp.o ABSOLUTE
    ..\Device\MM32SPIN0280\HAL_Lib\Src\hal_crc.c 0x00000000   Number         0  hal_crc.o ABSOLUTE
    ..\Device\MM32SPIN0280\HAL_Lib\Src\hal_csm.c 0x00000000   Number         0  hal_csm.o ABSOLUTE
    ..\Device\MM32SPIN0280\HAL_Lib\Src\hal_dac.c 0x00000000   Number         0  hal_dac.o ABSOLUTE
    ..\Device\MM32SPIN0280\HAL_Lib\Src\hal_dbg.c 0x00000000   Number         0  hal_dbg.o ABSOLUTE
    ..\Device\MM32SPIN0280\HAL_Lib\Src\hal_div.c 0x00000000   Number         0  hal_div.o ABSOLUTE
    ..\Device\MM32SPIN0280\HAL_Lib\Src\hal_dma.c 0x00000000   Number         0  hal_dma.o ABSOLUTE
    ..\Device\MM32SPIN0280\HAL_Lib\Src\hal_exti.c 0x00000000   Number         0  hal_exti.o ABSOLUTE
    ..\Device\MM32SPIN0280\HAL_Lib\Src\hal_flash.c 0x00000000   Number         0  hal_flash.o ABSOLUTE
    ..\Device\MM32SPIN0280\HAL_Lib\Src\hal_gpio.c 0x00000000   Number         0  hal_gpio.o ABSOLUTE
    ..\Device\MM32SPIN0280\HAL_Lib\Src\hal_i2c.c 0x00000000   Number         0  hal_i2c.o ABSOLUTE
    ..\Device\MM32SPIN0280\HAL_Lib\Src\hal_iwdg.c 0x00000000   Number         0  hal_iwdg.o ABSOLUTE
    ..\Device\MM32SPIN0280\HAL_Lib\Src\hal_misc.c 0x00000000   Number         0  hal_misc.o ABSOLUTE
    ..\Device\MM32SPIN0280\HAL_Lib\Src\hal_opamp.c 0x00000000   Number         0  hal_opamp.o ABSOLUTE
    ..\Device\MM32SPIN0280\HAL_Lib\Src\hal_pwr.c 0x00000000   Number         0  hal_pwr.o ABSOLUTE
    ..\Device\MM32SPIN0280\HAL_Lib\Src\hal_rcc.c 0x00000000   Number         0  hal_rcc.o ABSOLUTE
    ..\Device\MM32SPIN0280\HAL_Lib\Src\hal_spi.c 0x00000000   Number         0  hal_spi.o ABSOLUTE
    ..\Device\MM32SPIN0280\HAL_Lib\Src\hal_sqrt.c 0x00000000   Number         0  hal_sqrt.o ABSOLUTE
    ..\Device\MM32SPIN0280\HAL_Lib\Src\hal_tim.c 0x00000000   Number         0  hal_tim.o ABSOLUTE
    ..\Device\MM32SPIN0280\HAL_Lib\Src\hal_uart.c 0x00000000   Number         0  hal_uart.o ABSOLUTE
    ..\Device\MM32SPIN0280\HAL_Lib\Src\hal_uid.c 0x00000000   Number         0  hal_uid.o ABSOLUTE
    ..\Device\MM32SPIN0280\HAL_Lib\Src\hal_ver.c 0x00000000   Number         0  hal_ver.o ABSOLUTE
    ..\Device\MM32SPIN0280\HAL_Lib\Src\hal_wwdg.c 0x00000000   Number         0  hal_wwdg.o ABSOLUTE
    ..\Device\MM32SPIN0280\Source\KEIL_StartAsm\startup_mm32spin0280_keil.s 0x00000000   Number         0  startup_mm32spin0280_keil.o ABSOLUTE
    ..\Device\MM32SPIN0280\Source\system_mm32spin0280.c 0x00000000   Number         0  system_mm32spin0280.o ABSOLUTE
    ..\\App\\DELAY\\delay.c                  0x00000000   Number         0  delay.o ABSOLUTE
    ..\\App\\SYS\\sys.c                      0x00000000   Number         0  sys.o ABSOLUTE
    ..\\App\\gpio_led_toggle.c               0x00000000   Number         0  gpio_led_toggle.o ABSOLUTE
    ..\\App\\main.c                          0x00000000   Number         0  main.o ABSOLUTE
    ..\\App\\mm32spin0280_it.c               0x00000000   Number         0  mm32spin0280_it.o ABSOLUTE
    ..\\App\\platform.c                      0x00000000   Number         0  platform.o ABSOLUTE
    ..\\App\\tim14_timebase.c                0x00000000   Number         0  tim14_timebase.o ABSOLUTE
    ..\\App\\uart_interrupt.c                0x00000000   Number         0  uart_interrupt.o ABSOLUTE
    ..\\App\\xmodem.c                        0x00000000   Number         0  xmodem.o ABSOLUTE
    ..\\Device\\MM32SPIN0280\\HAL_Lib\\Src\\hal_adc.c 0x00000000   Number         0  hal_adc.o ABSOLUTE
    ..\\Device\\MM32SPIN0280\\HAL_Lib\\Src\\hal_bkp.c 0x00000000   Number         0  hal_bkp.o ABSOLUTE
    ..\\Device\\MM32SPIN0280\\HAL_Lib\\Src\\hal_comp.c 0x00000000   Number         0  hal_comp.o ABSOLUTE
    ..\\Device\\MM32SPIN0280\\HAL_Lib\\Src\\hal_crc.c 0x00000000   Number         0  hal_crc.o ABSOLUTE
    ..\\Device\\MM32SPIN0280\\HAL_Lib\\Src\\hal_csm.c 0x00000000   Number         0  hal_csm.o ABSOLUTE
    ..\\Device\\MM32SPIN0280\\HAL_Lib\\Src\\hal_dac.c 0x00000000   Number         0  hal_dac.o ABSOLUTE
    ..\\Device\\MM32SPIN0280\\HAL_Lib\\Src\\hal_dbg.c 0x00000000   Number         0  hal_dbg.o ABSOLUTE
    ..\\Device\\MM32SPIN0280\\HAL_Lib\\Src\\hal_div.c 0x00000000   Number         0  hal_div.o ABSOLUTE
    ..\\Device\\MM32SPIN0280\\HAL_Lib\\Src\\hal_dma.c 0x00000000   Number         0  hal_dma.o ABSOLUTE
    ..\\Device\\MM32SPIN0280\\HAL_Lib\\Src\\hal_exti.c 0x00000000   Number         0  hal_exti.o ABSOLUTE
    ..\\Device\\MM32SPIN0280\\HAL_Lib\\Src\\hal_flash.c 0x00000000   Number         0  hal_flash.o ABSOLUTE
    ..\\Device\\MM32SPIN0280\\HAL_Lib\\Src\\hal_gpio.c 0x00000000   Number         0  hal_gpio.o ABSOLUTE
    ..\\Device\\MM32SPIN0280\\HAL_Lib\\Src\\hal_i2c.c 0x00000000   Number         0  hal_i2c.o ABSOLUTE
    ..\\Device\\MM32SPIN0280\\HAL_Lib\\Src\\hal_iwdg.c 0x00000000   Number         0  hal_iwdg.o ABSOLUTE
    ..\\Device\\MM32SPIN0280\\HAL_Lib\\Src\\hal_misc.c 0x00000000   Number         0  hal_misc.o ABSOLUTE
    ..\\Device\\MM32SPIN0280\\HAL_Lib\\Src\\hal_opamp.c 0x00000000   Number         0  hal_opamp.o ABSOLUTE
    ..\\Device\\MM32SPIN0280\\HAL_Lib\\Src\\hal_pwr.c 0x00000000   Number         0  hal_pwr.o ABSOLUTE
    ..\\Device\\MM32SPIN0280\\HAL_Lib\\Src\\hal_rcc.c 0x00000000   Number         0  hal_rcc.o ABSOLUTE
    ..\\Device\\MM32SPIN0280\\HAL_Lib\\Src\\hal_spi.c 0x00000000   Number         0  hal_spi.o ABSOLUTE
    ..\\Device\\MM32SPIN0280\\HAL_Lib\\Src\\hal_sqrt.c 0x00000000   Number         0  hal_sqrt.o ABSOLUTE
    ..\\Device\\MM32SPIN0280\\HAL_Lib\\Src\\hal_tim.c 0x00000000   Number         0  hal_tim.o ABSOLUTE
    ..\\Device\\MM32SPIN0280\\HAL_Lib\\Src\\hal_uart.c 0x00000000   Number         0  hal_uart.o ABSOLUTE
    ..\\Device\\MM32SPIN0280\\HAL_Lib\\Src\\hal_uid.c 0x00000000   Number         0  hal_uid.o ABSOLUTE
    ..\\Device\\MM32SPIN0280\\HAL_Lib\\Src\\hal_ver.c 0x00000000   Number         0  hal_ver.o ABSOLUTE
    ..\\Device\\MM32SPIN0280\\HAL_Lib\\Src\\hal_wwdg.c 0x00000000   Number         0  hal_wwdg.o ABSOLUTE
    ..\\Device\\MM32SPIN0280\\Source\\system_mm32spin0280.c 0x00000000   Number         0  system_mm32spin0280.o ABSOLUTE
    cdrcmple.s                               0x00000000   Number         0  cdrcmple.o ABSOLUTE
    dc.s                                     0x00000000   Number         0  dc.o ABSOLUTE
    handlers.s                               0x00000000   Number         0  handlers.o ABSOLUTE
    init.s                                   0x00000000   Number         0  init.o ABSOLUTE
    RESET                                    0x08000000   Section      192  startup_mm32spin0280_keil.o(RESET)
    .ARM.Collect$$$$00000000                 0x080000c0   Section        0  entry.o(.ARM.Collect$$$$00000000)
    .ARM.Collect$$$$00000001                 0x080000c0   Section        4  entry2.o(.ARM.Collect$$$$00000001)
    .ARM.Collect$$$$00000004                 0x080000c4   Section        4  entry5.o(.ARM.Collect$$$$00000004)
    .ARM.Collect$$$$00000008                 0x080000c8   Section        0  entry7b.o(.ARM.Collect$$$$00000008)
    .ARM.Collect$$$$0000000A                 0x080000c8   Section        0  entry8b.o(.ARM.Collect$$$$0000000A)
    .ARM.Collect$$$$0000000B                 0x080000c8   Section        8  entry9a.o(.ARM.Collect$$$$0000000B)
    .ARM.Collect$$$$0000000E                 0x080000d0   Section        4  entry12b.o(.ARM.Collect$$$$0000000E)
    .ARM.Collect$$$$0000000F                 0x080000d4   Section        0  entry10a.o(.ARM.Collect$$$$0000000F)
    .ARM.Collect$$$$00000011                 0x080000d4   Section        0  entry11a.o(.ARM.Collect$$$$00000011)
    .ARM.Collect$$$$00002712                 0x080000d4   Section        4  entry2.o(.ARM.Collect$$$$00002712)
    __lit__00000000                          0x080000d4   Data           4  entry2.o(.ARM.Collect$$$$00002712)
    .text                                    0x080000d8   Section       40  startup_mm32spin0280_keil.o(.text)
    .text                                    0x08000100   Section        0  uidiv.o(.text)
    .text                                    0x0800012c   Section        0  idiv.o(.text)
    .text                                    0x08000154   Section        0  memcpya.o(.text)
    .text                                    0x08000178   Section        0  strncmp.o(.text)
    .text                                    0x08000198   Section        0  ddiv.o(.text)
    .text                                    0x08000288   Section        0  uldiv.o(.text)
    .text                                    0x080002e8   Section        0  depilogue.o(.text)
    .text                                    0x080002e8   Section        0  iusefp.o(.text)
    .text                                    0x080003a8   Section        0  dadd.o(.text)
    .text                                    0x08000510   Section        0  dmul.o(.text)
    .text                                    0x080005e0   Section        0  dfixul.o(.text)
    .text                                    0x08000620   Section       40  cdrcmple.o(.text)
    .text                                    0x08000648   Section       36  init.o(.text)
    .text                                    0x0800066c   Section        0  llshl.o(.text)
    .text                                    0x0800068c   Section        0  llushr.o(.text)
    .text                                    0x080006ae   Section        0  llsshr.o(.text)
    i.AutoCalPllFactor                       0x080006d4   Section        0  system_mm32spin0280.o(i.AutoCalPllFactor)
    i.DELAY_Init                             0x08000740   Section        0  delay.o(i.DELAY_Init)
    i.DELAY_Ms                               0x08000794   Section        0  delay.o(i.DELAY_Ms)
    i.FLASH_ClearFlag                        0x080007ac   Section        0  hal_flash.o(i.FLASH_ClearFlag)
    i.FLASH_ErasePage                        0x080007b8   Section        0  hal_flash.o(i.FLASH_ErasePage)
    i.FLASH_GetStatus                        0x080007e8   Section        0  hal_flash.o(i.FLASH_GetStatus)
    i.FLASH_Lock                             0x08000820   Section        0  hal_flash.o(i.FLASH_Lock)
    i.FLASH_ProgramHalfWord                  0x08000834   Section        0  hal_flash.o(i.FLASH_ProgramHalfWord)
    i.FLASH_Read                             0x08000854   Section        0  main.o(i.FLASH_Read)
    i.FLASH_Unlock                           0x08000874   Section        0  hal_flash.o(i.FLASH_Unlock)
    i.FLASH_WaitForLastOperation             0x0800088c   Section        0  hal_flash.o(i.FLASH_WaitForLastOperation)
    i.FLASH_Write                            0x080008c8   Section        0  main.o(i.FLASH_Write)
    FLASH_Write                              0x080008c9   Thumb Code    66  main.o(i.FLASH_Write)
    i.Flash_Erase_Page                       0x0800090a   Section        0  main.o(i.Flash_Erase_Page)
    i.GPIO_IO_Toggle                         0x08000924   Section        0  gpio_led_toggle.o(i.GPIO_IO_Toggle)
    i.GPIO_Init                              0x0800094a   Section        0  hal_gpio.o(i.GPIO_Init)
    i.GPIO_LED_Show_All_OFF                  0x080009e4   Section        0  gpio_led_toggle.o(i.GPIO_LED_Show_All_OFF)
    i.GPIO_LED_Show_Error                    0x08000a00   Section        0  gpio_led_toggle.o(i.GPIO_LED_Show_Error)
    i.GPIO_LED_Show_Update                   0x08000a10   Section        0  gpio_led_toggle.o(i.GPIO_LED_Show_Update)
    i.GPIO_LED_Show_Update_Failed            0x08000a20   Section        0  gpio_led_toggle.o(i.GPIO_LED_Show_Update_Failed)
    i.GPIO_LED_Show_Update_Succeeded         0x08000a3c   Section        0  gpio_led_toggle.o(i.GPIO_LED_Show_Update_Succeeded)
    i.GPIO_PinAFConfig                       0x08000a58   Section        0  hal_gpio.o(i.GPIO_PinAFConfig)
    i.GPIO_ReadOutputDataBit                 0x08000a80   Section        0  hal_gpio.o(i.GPIO_ReadOutputDataBit)
    i.GPIO_ResetBits                         0x08000a92   Section        0  hal_gpio.o(i.GPIO_ResetBits)
    i.GPIO_SetBits                           0x08000a96   Section        0  hal_gpio.o(i.GPIO_SetBits)
    i.GPIO_StructInit                        0x08000a9a   Section        0  hal_gpio.o(i.GPIO_StructInit)
    i.GPIO_WriteBit                          0x08000aaa   Section        0  hal_gpio.o(i.GPIO_WriteBit)
    i.GetPage                                0x08000ab8   Section        0  main.o(i.GetPage)
    i.HardFault_Handler                      0x08000aec   Section        0  mm32spin0280_it.o(i.HardFault_Handler)
    i.LED_Scan_Func                          0x08000af0   Section        0  main.o(i.LED_Scan_Func)
    i.NMI_Handler                            0x08000b94   Section        0  mm32spin0280_it.o(i.NMI_Handler)
    i.NVIC_Init                              0x08000b98   Section        0  hal_misc.o(i.NVIC_Init)
    i.PLATFORM_Init                          0x08000c00   Section        0  platform.o(i.PLATFORM_Init)
    i.PLATFORM_InitConsole                   0x08000c1c   Section        0  platform.o(i.PLATFORM_InitConsole)
    i.PLATFORM_InitLED                       0x08000c90   Section        0  platform.o(i.PLATFORM_InitLED)
    i.PLATFORM_LED_Enable                    0x08000d04   Section        0  platform.o(i.PLATFORM_LED_Enable)
    i.PendSV_Handler                         0x08000d84   Section        0  mm32spin0280_it.o(i.PendSV_Handler)
    i.RCC_AHBPeriphClockCmd                  0x08000d88   Section        0  hal_rcc.o(i.RCC_AHBPeriphClockCmd)
    i.RCC_APB1PeriphClockCmd                 0x08000da8   Section        0  hal_rcc.o(i.RCC_APB1PeriphClockCmd)
    i.RCC_APB2PeriphClockCmd                 0x08000dc8   Section        0  hal_rcc.o(i.RCC_APB2PeriphClockCmd)
    i.RCC_GetClocksFreq                      0x08000de8   Section        0  hal_rcc.o(i.RCC_GetClocksFreq)
    i.RCC_GetHCLKFreq                        0x08000e30   Section        0  hal_rcc.o(i.RCC_GetHCLKFreq)
    i.RCC_GetPCLK1Freq                       0x08000e50   Section        0  hal_rcc.o(i.RCC_GetPCLK1Freq)
    i.RCC_GetPCLK2Freq                       0x08000e74   Section        0  hal_rcc.o(i.RCC_GetPCLK2Freq)
    i.RCC_GetSysClockFreq                    0x08000e98   Section        0  hal_rcc.o(i.RCC_GetSysClockFreq)
    i.Reset_Periph                           0x08000f2c   Section        0  main.o(i.Reset_Periph)
    i.SVC_Handler                            0x08000f50   Section        0  mm32spin0280_it.o(i.SVC_Handler)
    i.SetSysClock                            0x08000f52   Section        0  system_mm32spin0280.o(i.SetSysClock)
    SetSysClock                              0x08000f53   Thumb Code     8  system_mm32spin0280.o(i.SetSysClock)
    i.SetSysClockToDefaultHSI                0x08000f5c   Section        0  system_mm32spin0280.o(i.SetSysClockToDefaultHSI)
    SetSysClockToDefaultHSI                  0x08000f5d   Thumb Code   102  system_mm32spin0280.o(i.SetSysClockToDefaultHSI)
    i.SetSysClockWithHsiPLL                  0x08000fd8   Section        0  system_mm32spin0280.o(i.SetSysClockWithHsiPLL)
    SetSysClockWithHsiPLL                    0x08000fd9   Thumb Code   440  system_mm32spin0280.o(i.SetSysClockWithHsiPLL)
    i.SysTick_Handler                        0x080011ac   Section        0  delay.o(i.SysTick_Handler)
    i.SystemInit                             0x080011b4   Section        0  system_mm32spin0280.o(i.SystemInit)
    i.TIM14_Configure                        0x080011c0   Section        0  tim14_timebase.o(i.TIM14_Configure)
    i.TIM14_IRQHandler                       0x08001234   Section        0  mm32spin0280_it.o(i.TIM14_IRQHandler)
    i.TIM_ClearFlag                          0x08001254   Section        0  hal_tim.o(i.TIM_ClearFlag)
    i.TIM_ClearITPendingBit                  0x0800125a   Section        0  hal_tim.o(i.TIM_ClearITPendingBit)
    i.TIM_Cmd                                0x08001260   Section        0  hal_tim.o(i.TIM_Cmd)
    i.TIM_GetITStatus                        0x08001278   Section        0  hal_tim.o(i.TIM_GetITStatus)
    i.TIM_ITConfig                           0x08001292   Section        0  hal_tim.o(i.TIM_ITConfig)
    i.TIM_TimeBaseInit                       0x080012a8   Section        0  hal_tim.o(i.TIM_TimeBaseInit)
    i.TIM_TimeBaseStructInit                 0x08001310   Section        0  hal_tim.o(i.TIM_TimeBaseStructInit)
    i.TimingDelayDecrement                   0x08001324   Section        0  delay.o(i.TimingDelayDecrement)
    TimingDelayDecrement                     0x08001325   Thumb Code    20  delay.o(i.TimingDelayDecrement)
    i.UART2_IRQHandler                       0x0800133c   Section        0  mm32spin0280_it.o(i.UART2_IRQHandler)
    i.UART_ClearITPendingBit                 0x0800139c   Section        0  hal_uart.o(i.UART_ClearITPendingBit)
    i.UART_Cmd                               0x080013a0   Section        0  hal_uart.o(i.UART_Cmd)
    i.UART_Configure                         0x080013ac   Section        0  uart_interrupt.o(i.UART_Configure)
    i.UART_GetFlagStatus                     0x08001470   Section        0  hal_uart.o(i.UART_GetFlagStatus)
    i.UART_GetITStatus                       0x08001482   Section        0  hal_uart.o(i.UART_GetITStatus)
    i.UART_ITConfig                          0x08001494   Section        0  hal_uart.o(i.UART_ITConfig)
    i.UART_Init                              0x080014a8   Section        0  hal_uart.o(i.UART_Init)
    i.UART_ReceiveData                       0x08001520   Section        0  hal_uart.o(i.UART_ReceiveData)
    i.UART_SendData                          0x08001528   Section        0  hal_uart.o(i.UART_SendData)
    i.UART_StructInit                        0x0800152e   Section        0  hal_uart.o(i.UART_StructInit)
    i.__0printf                              0x08001548   Section        0  printfa.o(i.__0printf)
    i.__ARM_clz                              0x08001568   Section        0  depilogue.o(i.__ARM_clz)
    i.__ARM_common_switch8                   0x08001596   Section        0  main.o(i.__ARM_common_switch8)
    i.__NVIC_SetPriority                     0x080015b4   Section        0  delay.o(i.__NVIC_SetPriority)
    __NVIC_SetPriority                       0x080015b5   Thumb Code   110  delay.o(i.__NVIC_SetPriority)
    i.__scatterload_copy                     0x0800162c   Section       14  handlers.o(i.__scatterload_copy)
    i.__scatterload_null                     0x0800163a   Section        2  handlers.o(i.__scatterload_null)
    i.__scatterload_zeroinit                 0x0800163c   Section       14  handlers.o(i.__scatterload_zeroinit)
    i._fp_digits                             0x0800164c   Section        0  printfa.o(i._fp_digits)
    _fp_digits                               0x0800164d   Thumb Code   344  printfa.o(i._fp_digits)
    i._printf_core                           0x080017c0   Section        0  printfa.o(i._printf_core)
    _printf_core                             0x080017c1   Thumb Code  1760  printfa.o(i._printf_core)
    i._printf_post_padding                   0x08001eb0   Section        0  printfa.o(i._printf_post_padding)
    _printf_post_padding                     0x08001eb1   Thumb Code    32  printfa.o(i._printf_post_padding)
    i._printf_pre_padding                    0x08001ed0   Section        0  printfa.o(i._printf_pre_padding)
    _printf_pre_padding                      0x08001ed1   Thumb Code    44  printfa.o(i._printf_pre_padding)
    i.delay_x_cycle                          0x08001efc   Section        0  system_mm32spin0280.o(i.delay_x_cycle)
    delay_x_cycle                            0x08001efd   Thumb Code    54  system_mm32spin0280.o(i.delay_x_cycle)
    i.erasure_sector                         0x08001f32   Section        0  main.o(i.erasure_sector)
    i.flash_write_data                       0x08001fa8   Section        0  main.o(i.flash_write_data)
    i.fputc                                  0x08002014   Section        0  platform.o(i.fputc)
    i.get_receive_data                       0x08002038   Section        0  xmodem.o(i.get_receive_data)
    get_receive_data                         0x08002039   Thumb Code   110  xmodem.o(i.get_receive_data)
    i.get_recv_len                           0x080020cc   Section        0  xmodem.o(i.get_recv_len)
    get_recv_len                             0x080020cd   Thumb Code     6  xmodem.o(i.get_recv_len)
    i.is_app_valid                           0x080020d8   Section        0  main.o(i.is_app_valid)
    i.main                                   0x08002108   Section        0  main.o(i.main)
    i.receive_file_callback                  0x0800242c   Section        0  main.o(i.receive_file_callback)
    i.receive_file_data_callback             0x08002434   Section        0  main.o(i.receive_file_data_callback)
    i.reset_recv_len                         0x080024ac   Section        0  xmodem.o(i.reset_recv_len)
    reset_recv_len                           0x080024ad   Thumb Code     8  xmodem.o(i.reset_recv_len)
    i.x_receive_flash_erasure                0x080024b8   Section        0  main.o(i.x_receive_flash_erasure)
    i.x_receive_flash_writea                 0x080024ea   Section        0  main.o(i.x_receive_flash_writea)
    i.x_transmit_ch                          0x08002508   Section        0  xmodem.o(i.x_transmit_ch)
    i.xmodem_calc_crc                        0x0800252c   Section        0  xmodem.o(i.xmodem_calc_crc)
    xmodem_calc_crc                          0x0800252d   Thumb Code    62  xmodem.o(i.xmodem_calc_crc)
    i.xmodem_data_recv                       0x08002570   Section        0  xmodem.o(i.xmodem_data_recv)
    i.xmodem_error_handler                   0x080025b0   Section        0  xmodem.o(i.xmodem_error_handler)
    xmodem_error_handler                     0x080025b1   Thumb Code    48  xmodem.o(i.xmodem_error_handler)
    i.xmodem_handle_packet                   0x080025e0   Section        0  xmodem.o(i.xmodem_handle_packet)
    xmodem_handle_packet                     0x080025e1   Thumb Code   198  xmodem.o(i.xmodem_handle_packet)
    i.xmodem_receive                         0x080026b4   Section        0  xmodem.o(i.xmodem_receive)
    .constdata                               0x080027f8   Section       12  main.o(.constdata)
    .constdata                               0x08002804   Section        4  xmodem.o(.constdata)
    .data                                    0x20000000   Section       16  main.o(.data)
    xmodem_actual_flash_address              0x20000004   Data           4  main.o(.data)
    led_scan_cnt                             0x20000008   Data           2  main.o(.data)
    page_remain_size                         0x2000000c   Data           4  main.o(.data)
    .data                                    0x20000010   Section        4  delay.o(.data)
    sTimingDelay                             0x20000010   Data           4  delay.o(.data)
    .data                                    0x20000014   Section       12  xmodem.o(.data)
    recv_len                                 0x20000014   Data           4  xmodem.o(.data)
    xmodem_packet_number                     0x20000018   Data           1  xmodem.o(.data)
    x_first_packet_received                  0x20000019   Data           1  xmodem.o(.data)
    file_ptr                                 0x2000001c   Data           4  xmodem.o(.data)
    .data                                    0x20000020   Section        2  uart_interrupt.o(.data)
    .data                                    0x20000022   Section       16  hal_rcc.o(.data)
    .data                                    0x20000034   Section       20  system_mm32spin0280.o(.data)
    .data                                    0x20000048   Section        4  stdout.o(.data)
    .bss                                     0x2000004c   Section     1200  xmodem.o(.bss)
    recv_buf                                 0x2000004c   Data        1200  xmodem.o(.bss)
    .bss                                     0x200004fc   Section     1200  uart_interrupt.o(.bss)
    STACK                                    0x200009b0   Section     1024  startup_mm32spin0280_keil.o(STACK)

    Global Symbols

    Symbol Name                              Value     Ov Type        Size  Object(Section)

    BuildAttributes$$THM_ISAv3M$S$PE$A:L22$X:L11$S22$IEEE1$IW$USESV6$~STKCKD$USESV7$~SHL$OSPACE$ROPI$EBA8$MICROLIB$REQ8$PRES8$EABIv2 0x00000000   Number         0  anon$$obj.o ABSOLUTE
    __ARM_use_no_argv                        0x00000000   Number         0  main.o ABSOLUTE
    _printf_a                                0x00000000   Number         0  stubs.o ABSOLUTE
    _printf_c                                0x00000000   Number         0  stubs.o ABSOLUTE
    _printf_charcount                        0x00000000   Number         0  stubs.o ABSOLUTE
    _printf_d                                0x00000000   Number         0  stubs.o ABSOLUTE
    _printf_e                                0x00000000   Number         0  stubs.o ABSOLUTE
    _printf_f                                0x00000000   Number         0  stubs.o ABSOLUTE
    _printf_flags                            0x00000000   Number         0  stubs.o ABSOLUTE
    _printf_fp_dec                           0x00000000   Number         0  stubs.o ABSOLUTE
    _printf_fp_hex                           0x00000000   Number         0  stubs.o ABSOLUTE
    _printf_g                                0x00000000   Number         0  stubs.o ABSOLUTE
    _printf_i                                0x00000000   Number         0  stubs.o ABSOLUTE
    _printf_int_dec                          0x00000000   Number         0  stubs.o ABSOLUTE
    _printf_l                                0x00000000   Number         0  stubs.o ABSOLUTE
    _printf_lc                               0x00000000   Number         0  stubs.o ABSOLUTE
    _printf_ll                               0x00000000   Number         0  stubs.o ABSOLUTE
    _printf_lld                              0x00000000   Number         0  stubs.o ABSOLUTE
    _printf_lli                              0x00000000   Number         0  stubs.o ABSOLUTE
    _printf_llo                              0x00000000   Number         0  stubs.o ABSOLUTE
    _printf_llu                              0x00000000   Number         0  stubs.o ABSOLUTE
    _printf_llx                              0x00000000   Number         0  stubs.o ABSOLUTE
    _printf_longlong_dec                     0x00000000   Number         0  stubs.o ABSOLUTE
    _printf_longlong_hex                     0x00000000   Number         0  stubs.o ABSOLUTE
    _printf_longlong_oct                     0x00000000   Number         0  stubs.o ABSOLUTE
    _printf_ls                               0x00000000   Number         0  stubs.o ABSOLUTE
    _printf_mbtowc                           0x00000000   Number         0  stubs.o ABSOLUTE
    _printf_n                                0x00000000   Number         0  stubs.o ABSOLUTE
    _printf_o                                0x00000000   Number         0  stubs.o ABSOLUTE
    _printf_p                                0x00000000   Number         0  stubs.o ABSOLUTE
    _printf_percent                          0x00000000   Number         0  stubs.o ABSOLUTE
    _printf_pre_padding                      0x00000000   Number         0  stubs.o ABSOLUTE
    _printf_return_value                     0x00000000   Number         0  stubs.o ABSOLUTE
    _printf_s                                0x00000000   Number         0  stubs.o ABSOLUTE
    _printf_sizespec                         0x00000000   Number         0  stubs.o ABSOLUTE
    _printf_str                              0x00000000   Number         0  stubs.o ABSOLUTE
    _printf_truncate_signed                  0x00000000   Number         0  stubs.o ABSOLUTE
    _printf_truncate_unsigned                0x00000000   Number         0  stubs.o ABSOLUTE
    _printf_u                                0x00000000   Number         0  stubs.o ABSOLUTE
    _printf_wc                               0x00000000   Number         0  stubs.o ABSOLUTE
    _printf_wctomb                           0x00000000   Number         0  stubs.o ABSOLUTE
    _printf_widthprec                        0x00000000   Number         0  stubs.o ABSOLUTE
    _printf_x                                0x00000000   Number         0  stubs.o ABSOLUTE
    __arm_fini_                               - Undefined Weak Reference
    __cpp_initialize__aeabi_                  - Undefined Weak Reference
    __cxa_finalize                            - Undefined Weak Reference
    __decompress                              - Undefined Weak Reference
    _clock_init                               - Undefined Weak Reference
    _microlib_exit                            - Undefined Weak Reference
    __Vectors_Size                           0x000000c0   Number         0  startup_mm32spin0280_keil.o ABSOLUTE
    __Vectors                                0x08000000   Data           4  startup_mm32spin0280_keil.o(RESET)
    __Vectors_End                            0x080000c0   Data           0  startup_mm32spin0280_keil.o(RESET)
    __main                                   0x080000c1   Thumb Code     0  entry.o(.ARM.Collect$$$$00000000)
    _main_stk                                0x080000c1   Thumb Code     0  entry2.o(.ARM.Collect$$$$00000001)
    _main_scatterload                        0x080000c5   Thumb Code     0  entry5.o(.ARM.Collect$$$$00000004)
    __main_after_scatterload                 0x080000c9   Thumb Code     0  entry5.o(.ARM.Collect$$$$00000004)
    _main_clock                              0x080000c9   Thumb Code     0  entry7b.o(.ARM.Collect$$$$00000008)
    _main_cpp_init                           0x080000c9   Thumb Code     0  entry8b.o(.ARM.Collect$$$$0000000A)
    _main_init                               0x080000c9   Thumb Code     0  entry9a.o(.ARM.Collect$$$$0000000B)
    __rt_lib_shutdown_fini                   0x080000d1   Thumb Code     0  entry12b.o(.ARM.Collect$$$$0000000E)
    __rt_final_cpp                           0x080000d5   Thumb Code     0  entry10a.o(.ARM.Collect$$$$0000000F)
    __rt_final_exit                          0x080000d5   Thumb Code     0  entry11a.o(.ARM.Collect$$$$00000011)
    Reset_Handler                            0x080000d9   Thumb Code    14  startup_mm32spin0280_keil.o(.text)
    ADC1_IRQHandler                          0x080000f1   Thumb Code     0  startup_mm32spin0280_keil.o(.text)
    ADC2_IRQHandler                          0x080000f1   Thumb Code     0  startup_mm32spin0280_keil.o(.text)
    COMP1_2_3_4_5_IRQHandler                 0x080000f1   Thumb Code     0  startup_mm32spin0280_keil.o(.text)
    CSM_IRQn_IRQHandler                      0x080000f1   Thumb Code     0  startup_mm32spin0280_keil.o(.text)
    DMA1_Channel1_IRQHandler                 0x080000f1   Thumb Code     0  startup_mm32spin0280_keil.o(.text)
    DMA1_Channel2_3_IRQHandler               0x080000f1   Thumb Code     0  startup_mm32spin0280_keil.o(.text)
    DMA1_Channel4_5_IRQHandler               0x080000f1   Thumb Code     0  startup_mm32spin0280_keil.o(.text)
    EXTI0_1_IRQHandler                       0x080000f1   Thumb Code     0  startup_mm32spin0280_keil.o(.text)
    EXTI2_3_IRQHandler                       0x080000f1   Thumb Code     0  startup_mm32spin0280_keil.o(.text)
    EXTI4_15_IRQHandler                      0x080000f1   Thumb Code     0  startup_mm32spin0280_keil.o(.text)
    FLASH_IRQHandler                         0x080000f1   Thumb Code     0  startup_mm32spin0280_keil.o(.text)
    HWDIV_IRQHandler                         0x080000f1   Thumb Code     0  startup_mm32spin0280_keil.o(.text)
    I2C1_IRQHandler                          0x080000f1   Thumb Code     0  startup_mm32spin0280_keil.o(.text)
    PVD_IRQHandler                           0x080000f1   Thumb Code     0  startup_mm32spin0280_keil.o(.text)
    PWM_IRQHandler                           0x080000f1   Thumb Code     0  startup_mm32spin0280_keil.o(.text)
    RCC_IRQHandler                           0x080000f1   Thumb Code     0  startup_mm32spin0280_keil.o(.text)
    SPI1_IRQHandler                          0x080000f1   Thumb Code     0  startup_mm32spin0280_keil.o(.text)
    SPI2_IRQHandler                          0x080000f1   Thumb Code     0  startup_mm32spin0280_keil.o(.text)
    TIM16_IRQHandler                         0x080000f1   Thumb Code     0  startup_mm32spin0280_keil.o(.text)
    TIM17_IRQHandler                         0x080000f1   Thumb Code     0  startup_mm32spin0280_keil.o(.text)
    TIM1_BRK_UP_TRG_COM_IRQHandler           0x080000f1   Thumb Code     0  startup_mm32spin0280_keil.o(.text)
    TIM1_CC_IRQHandler                       0x080000f1   Thumb Code     0  startup_mm32spin0280_keil.o(.text)
    TIM2_IRQHandler                          0x080000f1   Thumb Code     0  startup_mm32spin0280_keil.o(.text)
    TIM3_IRQHandler                          0x080000f1   Thumb Code     0  startup_mm32spin0280_keil.o(.text)
    TIM8_BRK_UP_TRG_COM_IRQHandler           0x080000f1   Thumb Code     0  startup_mm32spin0280_keil.o(.text)
    TIM8_CC_IRQHandler                       0x080000f1   Thumb Code     0  startup_mm32spin0280_keil.o(.text)
    UART1_IRQHandler                         0x080000f1   Thumb Code     0  startup_mm32spin0280_keil.o(.text)
    UART3_IRQHandler                         0x080000f1   Thumb Code     0  startup_mm32spin0280_keil.o(.text)
    WWDG_IRQHandler                          0x080000f1   Thumb Code     0  startup_mm32spin0280_keil.o(.text)
    __aeabi_uidiv                            0x08000101   Thumb Code     0  uidiv.o(.text)
    __aeabi_uidivmod                         0x08000101   Thumb Code    44  uidiv.o(.text)
    __aeabi_idiv                             0x0800012d   Thumb Code     0  idiv.o(.text)
    __aeabi_idivmod                          0x0800012d   Thumb Code    40  idiv.o(.text)
    __aeabi_memcpy                           0x08000155   Thumb Code    36  memcpya.o(.text)
    __aeabi_memcpy4                          0x08000155   Thumb Code     0  memcpya.o(.text)
    __aeabi_memcpy8                          0x08000155   Thumb Code     0  memcpya.o(.text)
    strncmp                                  0x08000179   Thumb Code    30  strncmp.o(.text)
    __aeabi_ddiv                             0x08000199   Thumb Code   234  ddiv.o(.text)
    __aeabi_uldivmod                         0x08000289   Thumb Code    96  uldiv.o(.text)
    __I$use$fp                               0x080002e9   Thumb Code     0  iusefp.o(.text)
    _double_round                            0x080002e9   Thumb Code    26  depilogue.o(.text)
    _double_epilogue                         0x08000303   Thumb Code   164  depilogue.o(.text)
    __aeabi_dadd                             0x080003a9   Thumb Code   330  dadd.o(.text)
    __aeabi_dsub                             0x080004f3   Thumb Code    12  dadd.o(.text)
    __aeabi_drsub                            0x080004ff   Thumb Code    12  dadd.o(.text)
    __aeabi_dmul                             0x08000511   Thumb Code   202  dmul.o(.text)
    __aeabi_d2ulz                            0x080005e1   Thumb Code    54  dfixul.o(.text)
    __aeabi_cdrcmple                         0x08000621   Thumb Code    38  cdrcmple.o(.text)
    __scatterload                            0x08000649   Thumb Code    28  init.o(.text)
    __scatterload_rt2                        0x08000649   Thumb Code     0  init.o(.text)
    __aeabi_llsl                             0x0800066d   Thumb Code    32  llshl.o(.text)
    _ll_shift_l                              0x0800066d   Thumb Code     0  llshl.o(.text)
    __aeabi_llsr                             0x0800068d   Thumb Code    34  llushr.o(.text)
    _ll_ushift_r                             0x0800068d   Thumb Code     0  llushr.o(.text)
    __aeabi_lasr                             0x080006af   Thumb Code    38  llsshr.o(.text)
    _ll_sshift_r                             0x080006af   Thumb Code     0  llsshr.o(.text)
    AutoCalPllFactor                         0x080006d5   Thumb Code   106  system_mm32spin0280.o(i.AutoCalPllFactor)
    DELAY_Init                               0x08000741   Thumb Code    72  delay.o(i.DELAY_Init)
    DELAY_Ms                                 0x08000795   Thumb Code    20  delay.o(i.DELAY_Ms)
    FLASH_ClearFlag                          0x080007ad   Thumb Code     6  hal_flash.o(i.FLASH_ClearFlag)
    FLASH_ErasePage                          0x080007b9   Thumb Code    38  hal_flash.o(i.FLASH_ErasePage)
    FLASH_GetStatus                          0x080007e9   Thumb Code    52  hal_flash.o(i.FLASH_GetStatus)
    FLASH_Lock                               0x08000821   Thumb Code    14  hal_flash.o(i.FLASH_Lock)
    FLASH_ProgramHalfWord                    0x08000835   Thumb Code    28  hal_flash.o(i.FLASH_ProgramHalfWord)
    FLASH_Read                               0x08000855   Thumb Code    32  main.o(i.FLASH_Read)
    FLASH_Unlock                             0x08000875   Thumb Code    12  hal_flash.o(i.FLASH_Unlock)
    FLASH_WaitForLastOperation               0x0800088d   Thumb Code    54  hal_flash.o(i.FLASH_WaitForLastOperation)
    Flash_Erase_Page                         0x0800090b   Thumb Code    26  main.o(i.Flash_Erase_Page)
    GPIO_IO_Toggle                           0x08000925   Thumb Code    38  gpio_led_toggle.o(i.GPIO_IO_Toggle)
    GPIO_Init                                0x0800094b   Thumb Code   154  hal_gpio.o(i.GPIO_Init)
    GPIO_LED_Show_All_OFF                    0x080009e5   Thumb Code    24  gpio_led_toggle.o(i.GPIO_LED_Show_All_OFF)
    GPIO_LED_Show_Error                      0x08000a01   Thumb Code    16  gpio_led_toggle.o(i.GPIO_LED_Show_Error)
    GPIO_LED_Show_Update                     0x08000a11   Thumb Code    12  gpio_led_toggle.o(i.GPIO_LED_Show_Update)
    GPIO_LED_Show_Update_Failed              0x08000a21   Thumb Code    24  gpio_led_toggle.o(i.GPIO_LED_Show_Update_Failed)
    GPIO_LED_Show_Update_Succeeded           0x08000a3d   Thumb Code    24  gpio_led_toggle.o(i.GPIO_LED_Show_Update_Succeeded)
    GPIO_PinAFConfig                         0x08000a59   Thumb Code    40  hal_gpio.o(i.GPIO_PinAFConfig)
    GPIO_ReadOutputDataBit                   0x08000a81   Thumb Code    18  hal_gpio.o(i.GPIO_ReadOutputDataBit)
    GPIO_ResetBits                           0x08000a93   Thumb Code     4  hal_gpio.o(i.GPIO_ResetBits)
    GPIO_SetBits                             0x08000a97   Thumb Code     4  hal_gpio.o(i.GPIO_SetBits)
    GPIO_StructInit                          0x08000a9b   Thumb Code    16  hal_gpio.o(i.GPIO_StructInit)
    GPIO_WriteBit                            0x08000aab   Thumb Code    12  hal_gpio.o(i.GPIO_WriteBit)
    GetPage                                  0x08000ab9   Thumb Code    46  main.o(i.GetPage)
    HardFault_Handler                        0x08000aed   Thumb Code     4  mm32spin0280_it.o(i.HardFault_Handler)
    LED_Scan_Func                            0x08000af1   Thumb Code   154  main.o(i.LED_Scan_Func)
    NMI_Handler                              0x08000b95   Thumb Code     2  mm32spin0280_it.o(i.NMI_Handler)
    NVIC_Init                                0x08000b99   Thumb Code   100  hal_misc.o(i.NVIC_Init)
    PLATFORM_Init                            0x08000c01   Thumb Code    28  platform.o(i.PLATFORM_Init)
    PLATFORM_InitConsole                     0x08000c1d   Thumb Code   110  platform.o(i.PLATFORM_InitConsole)
    PLATFORM_InitLED                         0x08000c91   Thumb Code   112  platform.o(i.PLATFORM_InitLED)
    PLATFORM_LED_Enable                      0x08000d05   Thumb Code   122  platform.o(i.PLATFORM_LED_Enable)
    PendSV_Handler                           0x08000d85   Thumb Code     2  mm32spin0280_it.o(i.PendSV_Handler)
    RCC_AHBPeriphClockCmd                    0x08000d89   Thumb Code    28  hal_rcc.o(i.RCC_AHBPeriphClockCmd)
    RCC_APB1PeriphClockCmd                   0x08000da9   Thumb Code    28  hal_rcc.o(i.RCC_APB1PeriphClockCmd)
    RCC_APB2PeriphClockCmd                   0x08000dc9   Thumb Code    28  hal_rcc.o(i.RCC_APB2PeriphClockCmd)
    RCC_GetClocksFreq                        0x08000de9   Thumb Code    58  hal_rcc.o(i.RCC_GetClocksFreq)
    RCC_GetHCLKFreq                          0x08000e31   Thumb Code    24  hal_rcc.o(i.RCC_GetHCLKFreq)
    RCC_GetPCLK1Freq                         0x08000e51   Thumb Code    26  hal_rcc.o(i.RCC_GetPCLK1Freq)
    RCC_GetPCLK2Freq                         0x08000e75   Thumb Code    26  hal_rcc.o(i.RCC_GetPCLK2Freq)
    RCC_GetSysClockFreq                      0x08000e99   Thumb Code   130  hal_rcc.o(i.RCC_GetSysClockFreq)
    Reset_Periph                             0x08000f2d   Thumb Code    32  main.o(i.Reset_Periph)
    SVC_Handler                              0x08000f51   Thumb Code     2  mm32spin0280_it.o(i.SVC_Handler)
    SysTick_Handler                          0x080011ad   Thumb Code     8  delay.o(i.SysTick_Handler)
    SystemInit                               0x080011b5   Thumb Code    12  system_mm32spin0280.o(i.SystemInit)
    TIM14_Configure                          0x080011c1   Thumb Code   108  tim14_timebase.o(i.TIM14_Configure)
    TIM14_IRQHandler                         0x08001235   Thumb Code    28  mm32spin0280_it.o(i.TIM14_IRQHandler)
    TIM_ClearFlag                            0x08001255   Thumb Code     6  hal_tim.o(i.TIM_ClearFlag)
    TIM_ClearITPendingBit                    0x0800125b   Thumb Code     6  hal_tim.o(i.TIM_ClearITPendingBit)
    TIM_Cmd                                  0x08001261   Thumb Code    24  hal_tim.o(i.TIM_Cmd)
    TIM_GetITStatus                          0x08001279   Thumb Code    26  hal_tim.o(i.TIM_GetITStatus)
    TIM_ITConfig                             0x08001293   Thumb Code    20  hal_tim.o(i.TIM_ITConfig)
    TIM_TimeBaseInit                         0x080012a9   Thumb Code    90  hal_tim.o(i.TIM_TimeBaseInit)
    TIM_TimeBaseStructInit                   0x08001311   Thumb Code    18  hal_tim.o(i.TIM_TimeBaseStructInit)
    UART2_IRQHandler                         0x0800133d   Thumb Code    82  mm32spin0280_it.o(i.UART2_IRQHandler)
    UART_ClearITPendingBit                   0x0800139d   Thumb Code     4  hal_uart.o(i.UART_ClearITPendingBit)
    UART_Cmd                                 0x080013a1   Thumb Code    12  hal_uart.o(i.UART_Cmd)
    UART_Configure                           0x080013ad   Thumb Code   190  uart_interrupt.o(i.UART_Configure)
    UART_GetFlagStatus                       0x08001471   Thumb Code    18  hal_uart.o(i.UART_GetFlagStatus)
    UART_GetITStatus                         0x08001483   Thumb Code    18  hal_uart.o(i.UART_GetITStatus)
    UART_ITConfig                            0x08001495   Thumb Code    20  hal_uart.o(i.UART_ITConfig)
    UART_Init                                0x080014a9   Thumb Code   116  hal_uart.o(i.UART_Init)
    UART_ReceiveData                         0x08001521   Thumb Code     8  hal_uart.o(i.UART_ReceiveData)
    UART_SendData                            0x08001529   Thumb Code     6  hal_uart.o(i.UART_SendData)
    UART_StructInit                          0x0800152f   Thumb Code    26  hal_uart.o(i.UART_StructInit)
    __0printf                                0x08001549   Thumb Code    24  printfa.o(i.__0printf)
    __1printf                                0x08001549   Thumb Code     0  printfa.o(i.__0printf)
    __2printf                                0x08001549   Thumb Code     0  printfa.o(i.__0printf)
    __c89printf                              0x08001549   Thumb Code     0  printfa.o(i.__0printf)
    printf                                   0x08001549   Thumb Code     0  printfa.o(i.__0printf)
    __ARM_clz                                0x08001569   Thumb Code    46  depilogue.o(i.__ARM_clz)
    __ARM_common_switch8                     0x08001597   Thumb Code    28  main.o(i.__ARM_common_switch8)
    __scatterload_copy                       0x0800162d   Thumb Code    14  handlers.o(i.__scatterload_copy)
    __scatterload_null                       0x0800163b   Thumb Code     2  handlers.o(i.__scatterload_null)
    __scatterload_zeroinit                   0x0800163d   Thumb Code    14  handlers.o(i.__scatterload_zeroinit)
    erasure_sector                           0x08001f33   Thumb Code   116  main.o(i.erasure_sector)
    flash_write_data                         0x08001fa9   Thumb Code    88  main.o(i.flash_write_data)
    fputc                                    0x08002015   Thumb Code    32  platform.o(i.fputc)
    is_app_valid                             0x080020d9   Thumb Code    40  main.o(i.is_app_valid)
    main                                     0x08002109   Thumb Code   386  main.o(i.main)
    receive_file_callback                    0x0800242d   Thumb Code     6  main.o(i.receive_file_callback)
    receive_file_data_callback               0x08002435   Thumb Code   112  main.o(i.receive_file_data_callback)
    x_receive_flash_erasure                  0x080024b9   Thumb Code    50  main.o(i.x_receive_flash_erasure)
    x_receive_flash_writea                   0x080024eb   Thumb Code    30  main.o(i.x_receive_flash_writea)
    x_transmit_ch                            0x08002509   Thumb Code    30  xmodem.o(i.x_transmit_ch)
    xmodem_data_recv                         0x08002571   Thumb Code    54  xmodem.o(i.xmodem_data_recv)
    xmodem_receive                           0x080026b5   Thumb Code   274  xmodem.o(i.xmodem_receive)
    Valid_buf                                0x080027f8   Data           4  main.o(.constdata)
    Blank_buf                                0x080027fc   Data           4  main.o(.constdata)
    Claer_Flag_buf                           0x08002800   Data           4  main.o(.constdata)
    Region$$Table$$Base                      0x08002808   Number         0  anon$$obj.o(Region$$Table)
    Region$$Table$$Limit                     0x08002828   Number         0  anon$$obj.o(Region$$Table)
    user_timeout_exit_cnt                    0x20000000   Data           2  main.o(.data)
    LED_SCAN_MODE                            0x20000002   Data           1  main.o(.data)
    UART_RxLength                            0x20000020   Data           2  uart_interrupt.o(.data)
    tbPresc                                  0x20000022   Data          16  hal_rcc.o(.data)
    SystemCoreClock                          0x20000034   Data           4  system_mm32spin0280.o(.data)
    AHBPrescTable                            0x20000038   Data          16  system_mm32spin0280.o(.data)
    __stdout                                 0x20000048   Data           4  stdout.o(.data)
    UART_RxBuffer                            0x200004fc   Data        1200  uart_interrupt.o(.bss)
    __initial_sp                             0x20000db0   Data           0  startup_mm32spin0280_keil.o(STACK)



==============================================================================

Memory Map of the image

  Image Entry point : 0x080000c1

  Load Region LR_IROM1 (Base: 0x08000000, Size: 0x00002874, Max: 0x00004000, ABSOLUTE)

    Execution Region ER_IROM1 (Exec base: 0x08000000, Load base: 0x08000000, Size: 0x00002828, Max: 0x00004000, ABSOLUTE)

    Exec Addr    Load Addr    Size         Type   Attr      Idx    E Section Name        Object

    0x08000000   0x08000000   0x000000c0   Data   RO         4088    RESET               startup_mm32spin0280_keil.o
    0x080000c0   0x080000c0   0x00000000   Code   RO         4093  * .ARM.Collect$$$$00000000  mc_p.l(entry.o)
    0x080000c0   0x080000c0   0x00000004   Code   RO         4373    .ARM.Collect$$$$00000001  mc_p.l(entry2.o)
    0x080000c4   0x080000c4   0x00000004   Code   RO         4376    .ARM.Collect$$$$00000004  mc_p.l(entry5.o)
    0x080000c8   0x080000c8   0x00000000   Code   RO         4378    .ARM.Collect$$$$00000008  mc_p.l(entry7b.o)
    0x080000c8   0x080000c8   0x00000000   Code   RO         4380    .ARM.Collect$$$$0000000A  mc_p.l(entry8b.o)
    0x080000c8   0x080000c8   0x00000008   Code   RO         4381    .ARM.Collect$$$$0000000B  mc_p.l(entry9a.o)
    0x080000d0   0x080000d0   0x00000004   Code   RO         4388    .ARM.Collect$$$$0000000E  mc_p.l(entry12b.o)
    0x080000d4   0x080000d4   0x00000000   Code   RO         4383    .ARM.Collect$$$$0000000F  mc_p.l(entry10a.o)
    0x080000d4   0x080000d4   0x00000000   Code   RO         4385    .ARM.Collect$$$$00000011  mc_p.l(entry11a.o)
    0x080000d4   0x080000d4   0x00000004   Code   RO         4374    .ARM.Collect$$$$00002712  mc_p.l(entry2.o)
    0x080000d8   0x080000d8   0x00000028   Code   RO         4089    .text               startup_mm32spin0280_keil.o
    0x08000100   0x08000100   0x0000002c   Code   RO         4096    .text               mc_p.l(uidiv.o)
    0x0800012c   0x0800012c   0x00000028   Code   RO         4098    .text               mc_p.l(idiv.o)
    0x08000154   0x08000154   0x00000024   Code   RO         4100    .text               mc_p.l(memcpya.o)
    0x08000178   0x08000178   0x0000001e   Code   RO         4104    .text               mc_p.l(strncmp.o)
    0x08000196   0x08000196   0x00000002   PAD
    0x08000198   0x08000198   0x000000f0   Code   RO         4369    .text               mf_p.l(ddiv.o)
    0x08000288   0x08000288   0x00000060   Code   RO         4390    .text               mc_p.l(uldiv.o)
    0x080002e8   0x080002e8   0x00000000   Code   RO         4392    .text               mc_p.l(iusefp.o)
    0x080002e8   0x080002e8   0x000000be   Code   RO         4393    .text               mf_p.l(depilogue.o)
    0x080003a6   0x080003a6   0x00000002   PAD
    0x080003a8   0x080003a8   0x00000168   Code   RO         4397    .text               mf_p.l(dadd.o)
    0x08000510   0x08000510   0x000000d0   Code   RO         4399    .text               mf_p.l(dmul.o)
    0x080005e0   0x080005e0   0x00000040   Code   RO         4401    .text               mf_p.l(dfixul.o)
    0x08000620   0x08000620   0x00000028   Code   RO         4403    .text               mf_p.l(cdrcmple.o)
    0x08000648   0x08000648   0x00000024   Code   RO         4405    .text               mc_p.l(init.o)
    0x0800066c   0x0800066c   0x00000020   Code   RO         4407    .text               mc_p.l(llshl.o)
    0x0800068c   0x0800068c   0x00000022   Code   RO         4409    .text               mc_p.l(llushr.o)
    0x080006ae   0x080006ae   0x00000026   Code   RO         4411    .text               mc_p.l(llsshr.o)
    0x080006d4   0x080006d4   0x0000006a   Code   RO         4030    i.AutoCalPllFactor  system_mm32spin0280.o
    0x0800073e   0x0800073e   0x00000002   PAD
    0x08000740   0x08000740   0x00000054   Code   RO          382    i.DELAY_Init        delay.o
    0x08000794   0x08000794   0x00000018   Code   RO          383    i.DELAY_Ms          delay.o
    0x080007ac   0x080007ac   0x0000000c   Code   RO         1709    i.FLASH_ClearFlag   hal_flash.o
    0x080007b8   0x080007b8   0x00000030   Code   RO         1713    i.FLASH_ErasePage   hal_flash.o
    0x080007e8   0x080007e8   0x00000038   Code   RO         1716    i.FLASH_GetStatus   hal_flash.o
    0x08000820   0x08000820   0x00000014   Code   RO         1719    i.FLASH_Lock        hal_flash.o
    0x08000834   0x08000834   0x00000020   Code   RO         1722    i.FLASH_ProgramHalfWord  hal_flash.o
    0x08000854   0x08000854   0x00000020   Code   RO            3    i.FLASH_Read        main.o
    0x08000874   0x08000874   0x00000018   Code   RO         1727    i.FLASH_Unlock      hal_flash.o
    0x0800088c   0x0800088c   0x0000003c   Code   RO         1729    i.FLASH_WaitForLastOperation  hal_flash.o
    0x080008c8   0x080008c8   0x00000042   Code   RO            4    i.FLASH_Write       main.o
    0x0800090a   0x0800090a   0x0000001a   Code   RO            5    i.Flash_Erase_Page  main.o
    0x08000924   0x08000924   0x00000026   Code   RO          434    i.GPIO_IO_Toggle    gpio_led_toggle.o
    0x0800094a   0x0800094a   0x0000009a   Code   RO         1890    i.GPIO_Init         hal_gpio.o
    0x080009e4   0x080009e4   0x0000001c   Code   RO          435    i.GPIO_LED_Show_All_OFF  gpio_led_toggle.o
    0x08000a00   0x08000a00   0x00000010   Code   RO          436    i.GPIO_LED_Show_Error  gpio_led_toggle.o
    0x08000a10   0x08000a10   0x00000010   Code   RO          437    i.GPIO_LED_Show_Update  gpio_led_toggle.o
    0x08000a20   0x08000a20   0x0000001c   Code   RO          438    i.GPIO_LED_Show_Update_Failed  gpio_led_toggle.o
    0x08000a3c   0x08000a3c   0x0000001c   Code   RO          439    i.GPIO_LED_Show_Update_Succeeded  gpio_led_toggle.o
    0x08000a58   0x08000a58   0x00000028   Code   RO         1891    i.GPIO_PinAFConfig  hal_gpio.o
    0x08000a80   0x08000a80   0x00000012   Code   RO         1897    i.GPIO_ReadOutputDataBit  hal_gpio.o
    0x08000a92   0x08000a92   0x00000004   Code   RO         1898    i.GPIO_ResetBits    hal_gpio.o
    0x08000a96   0x08000a96   0x00000004   Code   RO         1899    i.GPIO_SetBits      hal_gpio.o
    0x08000a9a   0x08000a9a   0x00000010   Code   RO         1900    i.GPIO_StructInit   hal_gpio.o
    0x08000aaa   0x08000aaa   0x0000000c   Code   RO         1902    i.GPIO_WriteBit     hal_gpio.o
    0x08000ab6   0x08000ab6   0x00000002   PAD
    0x08000ab8   0x08000ab8   0x00000034   Code   RO            6    i.GetPage           main.o
    0x08000aec   0x08000aec   0x00000004   Code   RO          493    i.HardFault_Handler  mm32spin0280_it.o
    0x08000af0   0x08000af0   0x000000a4   Code   RO            7    i.LED_Scan_Func     main.o
    0x08000b94   0x08000b94   0x00000002   Code   RO          494    i.NMI_Handler       mm32spin0280_it.o
    0x08000b96   0x08000b96   0x00000002   PAD
    0x08000b98   0x08000b98   0x00000068   Code   RO         2308    i.NVIC_Init         hal_misc.o
    0x08000c00   0x08000c00   0x0000001c   Code   RO          660    i.PLATFORM_Init     platform.o
    0x08000c1c   0x08000c1c   0x00000074   Code   RO          661    i.PLATFORM_InitConsole  platform.o
    0x08000c90   0x08000c90   0x00000074   Code   RO          663    i.PLATFORM_InitLED  platform.o
    0x08000d04   0x08000d04   0x00000080   Code   RO          664    i.PLATFORM_LED_Enable  platform.o
    0x08000d84   0x08000d84   0x00000002   Code   RO          495    i.PendSV_Handler    mm32spin0280_it.o
    0x08000d86   0x08000d86   0x00000002   PAD
    0x08000d88   0x08000d88   0x00000020   Code   RO         2454    i.RCC_AHBPeriphClockCmd  hal_rcc.o
    0x08000da8   0x08000da8   0x00000020   Code   RO         2457    i.RCC_APB1PeriphClockCmd  hal_rcc.o
    0x08000dc8   0x08000dc8   0x00000020   Code   RO         2460    i.RCC_APB2PeriphClockCmd  hal_rcc.o
    0x08000de8   0x08000de8   0x00000048   Code   RO         2473    i.RCC_GetClocksFreq  hal_rcc.o
    0x08000e30   0x08000e30   0x00000020   Code   RO         2475    i.RCC_GetHCLKFreq   hal_rcc.o
    0x08000e50   0x08000e50   0x00000024   Code   RO         2477    i.RCC_GetPCLK1Freq  hal_rcc.o
    0x08000e74   0x08000e74   0x00000024   Code   RO         2478    i.RCC_GetPCLK2Freq  hal_rcc.o
    0x08000e98   0x08000e98   0x00000094   Code   RO         2480    i.RCC_GetSysClockFreq  hal_rcc.o
    0x08000f2c   0x08000f2c   0x00000024   Code   RO            9    i.Reset_Periph      main.o
    0x08000f50   0x08000f50   0x00000002   Code   RO          496    i.SVC_Handler       mm32spin0280_it.o
    0x08000f52   0x08000f52   0x00000008   Code   RO         4031    i.SetSysClock       system_mm32spin0280.o
    0x08000f5a   0x08000f5a   0x00000002   PAD
    0x08000f5c   0x08000f5c   0x0000007c   Code   RO         4032    i.SetSysClockToDefaultHSI  system_mm32spin0280.o
    0x08000fd8   0x08000fd8   0x000001d4   Code   RO         4033    i.SetSysClockWithHsiPLL  system_mm32spin0280.o
    0x080011ac   0x080011ac   0x00000008   Code   RO          384    i.SysTick_Handler   delay.o
    0x080011b4   0x080011b4   0x0000000c   Code   RO         4035    i.SystemInit        system_mm32spin0280.o
    0x080011c0   0x080011c0   0x00000074   Code   RO          859    i.TIM14_Configure   tim14_timebase.o
    0x08001234   0x08001234   0x00000020   Code   RO          497    i.TIM14_IRQHandler  mm32spin0280_it.o
    0x08001254   0x08001254   0x00000006   Code   RO         3010    i.TIM_ClearFlag     hal_tim.o
    0x0800125a   0x0800125a   0x00000006   Code   RO         3011    i.TIM_ClearITPendingBit  hal_tim.o
    0x08001260   0x08001260   0x00000018   Code   RO         3016    i.TIM_Cmd           hal_tim.o
    0x08001278   0x08001278   0x0000001a   Code   RO         3039    i.TIM_GetITStatus   hal_tim.o
    0x08001292   0x08001292   0x00000014   Code   RO         3043    i.TIM_ITConfig      hal_tim.o
    0x080012a6   0x080012a6   0x00000002   PAD
    0x080012a8   0x080012a8   0x00000068   Code   RO         3103    i.TIM_TimeBaseInit  hal_tim.o
    0x08001310   0x08001310   0x00000012   Code   RO         3104    i.TIM_TimeBaseStructInit  hal_tim.o
    0x08001322   0x08001322   0x00000002   PAD
    0x08001324   0x08001324   0x00000018   Code   RO          385    i.TimingDelayDecrement  delay.o
    0x0800133c   0x0800133c   0x00000060   Code   RO          498    i.UART2_IRQHandler  mm32spin0280_it.o
    0x0800139c   0x0800139c   0x00000004   Code   RO         3667    i.UART_ClearITPendingBit  hal_uart.o
    0x080013a0   0x080013a0   0x0000000c   Code   RO         3668    i.UART_Cmd          hal_uart.o
    0x080013ac   0x080013ac   0x000000c4   Code   RO          832    i.UART_Configure    uart_interrupt.o
    0x08001470   0x08001470   0x00000012   Code   RO         3672    i.UART_GetFlagStatus  hal_uart.o
    0x08001482   0x08001482   0x00000012   Code   RO         3673    i.UART_GetITStatus  hal_uart.o
    0x08001494   0x08001494   0x00000014   Code   RO         3675    i.UART_ITConfig     hal_uart.o
    0x080014a8   0x080014a8   0x00000078   Code   RO         3676    i.UART_Init         hal_uart.o
    0x08001520   0x08001520   0x00000008   Code   RO         3677    i.UART_ReceiveData  hal_uart.o
    0x08001528   0x08001528   0x00000006   Code   RO         3680    i.UART_SendData     hal_uart.o
    0x0800152e   0x0800152e   0x0000001a   Code   RO         3695    i.UART_StructInit   hal_uart.o
    0x08001548   0x08001548   0x00000020   Code   RO         4341    i.__0printf         mc_p.l(printfa.o)
    0x08001568   0x08001568   0x0000002e   Code   RO         4395    i.__ARM_clz         mf_p.l(depilogue.o)
    0x08001596   0x08001596   0x0000001c   Code   RO          106    i.__ARM_common_switch8  main.o
    0x080015b2   0x080015b2   0x00000002   PAD
    0x080015b4   0x080015b4   0x00000078   Code   RO          386    i.__NVIC_SetPriority  delay.o
    0x0800162c   0x0800162c   0x0000000e   Code   RO         4415    i.__scatterload_copy  mc_p.l(handlers.o)
    0x0800163a   0x0800163a   0x00000002   Code   RO         4416    i.__scatterload_null  mc_p.l(handlers.o)
    0x0800163c   0x0800163c   0x0000000e   Code   RO         4417    i.__scatterload_zeroinit  mc_p.l(handlers.o)
    0x0800164a   0x0800164a   0x00000002   PAD
    0x0800164c   0x0800164c   0x00000174   Code   RO         4348    i._fp_digits        mc_p.l(printfa.o)
    0x080017c0   0x080017c0   0x000006f0   Code   RO         4349    i._printf_core      mc_p.l(printfa.o)
    0x08001eb0   0x08001eb0   0x00000020   Code   RO         4350    i._printf_post_padding  mc_p.l(printfa.o)
    0x08001ed0   0x08001ed0   0x0000002c   Code   RO         4351    i._printf_pre_padding  mc_p.l(printfa.o)
    0x08001efc   0x08001efc   0x00000036   Code   RO         4036    i.delay_x_cycle     system_mm32spin0280.o
    0x08001f32   0x08001f32   0x00000074   Code   RO           10    i.erasure_sector    main.o
    0x08001fa6   0x08001fa6   0x00000002   PAD
    0x08001fa8   0x08001fa8   0x0000006c   Code   RO           11    i.flash_write_data  main.o
    0x08002014   0x08002014   0x00000024   Code   RO          668    i.fputc             platform.o
    0x08002038   0x08002038   0x00000094   Code   RO          744    i.get_receive_data  xmodem.o
    0x080020cc   0x080020cc   0x0000000c   Code   RO          745    i.get_recv_len      xmodem.o
    0x080020d8   0x080020d8   0x00000030   Code   RO           12    i.is_app_valid      main.o
    0x08002108   0x08002108   0x00000324   Code   RO           13    i.main              main.o
    0x0800242c   0x0800242c   0x00000006   Code   RO           14    i.receive_file_callback  main.o
    0x08002432   0x08002432   0x00000002   PAD
    0x08002434   0x08002434   0x00000078   Code   RO           15    i.receive_file_data_callback  main.o
    0x080024ac   0x080024ac   0x0000000c   Code   RO          748    i.reset_recv_len    xmodem.o
    0x080024b8   0x080024b8   0x00000032   Code   RO           16    i.x_receive_flash_erasure  main.o
    0x080024ea   0x080024ea   0x0000001e   Code   RO           17    i.x_receive_flash_writea  main.o
    0x08002508   0x08002508   0x00000024   Code   RO          750    i.x_transmit_ch     xmodem.o
    0x0800252c   0x0800252c   0x00000044   Code   RO          751    i.xmodem_calc_crc   xmodem.o
    0x08002570   0x08002570   0x00000040   Code   RO          752    i.xmodem_data_recv  xmodem.o
    0x080025b0   0x080025b0   0x00000030   Code   RO          753    i.xmodem_error_handler  xmodem.o
    0x080025e0   0x080025e0   0x000000d4   Code   RO          754    i.xmodem_handle_packet  xmodem.o
    0x080026b4   0x080026b4   0x00000144   Code   RO          755    i.xmodem_receive    xmodem.o
    0x080027f8   0x080027f8   0x0000000c   Data   RO           18    .constdata          main.o
    0x08002804   0x08002804   0x00000004   Data   RO          757    .constdata          xmodem.o
    0x08002808   0x08002808   0x00000020   Data   RO         4413    Region$$Table       anon$$obj.o


    Execution Region RW_IRAM1 (Exec base: 0x20000000, Load base: 0x08002828, Size: 0x00000db0, Max: 0x00002000, ABSOLUTE)

    Exec Addr    Load Addr    Size         Type   Attr      Idx    E Section Name        Object

    0x20000000   0x08002828   0x00000010   Data   RW           19    .data               main.o
    0x20000010   0x08002838   0x00000004   Data   RW          387    .data               delay.o
    0x20000014   0x0800283c   0x0000000c   Data   RW          758    .data               xmodem.o
    0x20000020   0x08002848   0x00000002   Data   RW          834    .data               uart_interrupt.o
    0x20000022   0x0800284a   0x00000010   Data   RW         2505    .data               hal_rcc.o
    0x20000032   0x0800285a   0x00000002   PAD
    0x20000034   0x0800285c   0x00000014   Data   RW         4037    .data               system_mm32spin0280.o
    0x20000048   0x08002870   0x00000004   Data   RW         4389    .data               mc_p.l(stdout.o)
    0x2000004c        -       0x000004b0   Zero   RW          756    .bss                xmodem.o
    0x200004fc        -       0x000004b0   Zero   RW          833    .bss                uart_interrupt.o
    0x200009ac   0x08002874   0x00000004   PAD
    0x200009b0        -       0x00000400   Zero   RW         4086    STACK               startup_mm32spin0280_keil.o


==============================================================================

Image component sizes


      Code (inc. data)   RO Data    RW Data    ZI Data      Debug   Object Name

       260         30          0          4          0      10662   delay.o
       154         16          0          0          0       3649   gpio_led_toggle.o
       252         48          0          0          0       7019   hal_flash.o
       248          0          0          0          0       7178   hal_gpio.o
       104          4          0          0          0        988   hal_misc.o
       420         72          0         16          0       8278   hal_rcc.o
       204         14          0          0          0      12595   hal_tim.o
       232          4          0          0          0       7881   hal_uart.o
      1686        484         12         16          0      79997   main.o
       138         18          0          0          0     131535   mm32spin0280_it.o
       424         20          0          0          0       3736   platform.o
        40         14        192          0       1024        752   startup_mm32spin0280_keil.o
       772         50          0         20          0       5196   system_mm32spin0280.o
       116          8          0          0          0        662   tim14_timebase.o
       196          6          0          2       1200       1511   uart_interrupt.o
       924        134          4         12       1200       6836   xmodem.o

    ----------------------------------------------------------------------
      6190        922        240         72       3428     288475   Object Totals
         0          0         32          0          0          0   (incl. Generated)
        20          0          0          2          4          0   (incl. Padding)

    ----------------------------------------------------------------------

      Code (inc. data)   RO Data    RW Data    ZI Data      Debug   Library Member Name

         0          0          0          0          0          0   entry.o
         0          0          0          0          0          0   entry10a.o
         0          0          0          0          0          0   entry11a.o
         4          0          0          0          0          0   entry12b.o
         8          4          0          0          0          0   entry2.o
         4          0          0          0          0          0   entry5.o
         0          0          0          0          0          0   entry7b.o
         0          0          0          0          0          0   entry8b.o
         8          4          0          0          0          0   entry9a.o
        30          0          0          0          0          0   handlers.o
        40          0          0          0          0         72   idiv.o
        36          8          0          0          0         68   init.o
         0          0          0          0          0          0   iusefp.o
        32          0          0          0          0         68   llshl.o
        38          0          0          0          0         68   llsshr.o
        34          0          0          0          0         68   llushr.o
        36          0          0          0          0         60   memcpya.o
      2256         98          0          0          0        412   printfa.o
         0          0          0          4          0          0   stdout.o
        30          0          0          0          0         72   strncmp.o
        44          0          0          0          0         72   uidiv.o
        96          0          0          0          0         84   uldiv.o
        40          2          0          0          0         68   cdrcmple.o
       360          6          0          0          0        140   dadd.o
       240          6          0          0          0         84   ddiv.o
       236          0          0          0          0        216   depilogue.o
        64         10          0          0          0         68   dfixul.o
       208          6          0          0          0         88   dmul.o

    ----------------------------------------------------------------------
      3850        144          0          4          0       1708   Library Totals
         6          0          0          0          0          0   (incl. Padding)

    ----------------------------------------------------------------------

      Code (inc. data)   RO Data    RW Data    ZI Data      Debug   Library Name

      2696        114          0          4          0       1044   mc_p.l
      1148         30          0          0          0        664   mf_p.l

    ----------------------------------------------------------------------
      3850        144          0          4          0       1708   Library Totals

    ----------------------------------------------------------------------

==============================================================================


      Code (inc. data)   RO Data    RW Data    ZI Data      Debug   

     10040       1066        240         76       3428     285575   Grand Totals
     10040       1066        240         76       3428     285575   ELF Image Totals
     10040       1066        240         76          0          0   ROM Totals

==============================================================================

    Total RO  Size (Code + RO Data)                10280 (  10.04kB)
    Total RW  Size (RW Data + ZI Data)              3504 (   3.42kB)
    Total ROM Size (Code + RO Data + RW Data)      10356 (  10.11kB)

==============================================================================

